/usr/share/texmf-texlive/bibtex/bib/beebe/texbook1.bib
/usr/share/texmf-texlive/bibtex/bib/beebe/gut.bib
/usr/share/texmf-texlive/bibtex/bib/beebe/texbook2.bib
/usr/share/texmf-texlive/bibtex/bib/beebe/texbook3.bib
/usr/share/texmf-texlive/bibtex/bib/beebe/komoedie.bib
/usr/share/texmf-texlive/bibtex/bib/beebe/texjourn.bib
/usr/share/texmf-texlive/bibtex/bib/beebe/tugboat.bib
/usr/share/texmf-texlive/bibtex/bib/beebe/texnique.bib
/usr/share/texmf-texlive/bibtex/bib/beebe/texgraph.bib
/usr/share/texmf-texlive/bibtex/bib/minitoc/mtc-add.bib
/usr/share/texmf-texlive/bibtex/bib/minitoc/minitoc.bib
/usr/share/texmf-texlive/bibtex/bib/minitoc/fminitoc.bib
/usr/share/texmf-texlive/bibtex/bib/bibtopic/articles.bib
/usr/share/texmf-texlive/bibtex/bib/bibtopic/books.bib
/usr/share/texmf-texlive/bibtex/bib/lsc/lsc.bib
/usr/share/texmf-texlive/bibtex/bib/urlbst/urlbst.bib
/usr/share/texmf-texlive/bibtex/bib/bibhtml/bibrefs.bib
/usr/share/texmf-texlive/bibtex/bib/gloss/sample.bib
/usr/share/texmf-texlive/bibtex/bib/gloss/glsbase.bib
/usr/share/texmf-texlive/bibtex/bib/figbib/figbib_sample.bib
/usr/share/texmf-texlive/bibtex/bib/directory/family.bib
/usr/share/texmf-texlive/bibtex/bib/directory/business.bib
/usr/share/texmf-texlive/bibtex/bib/harvard/harvard.bib
/usr/share/texmf-texlive/bibtex/bib/jurabib/book.bib
/usr/share/texmf-texlive/bibtex/bib/jurabib/comment.bib
/usr/share/texmf-texlive/bibtex/bib/jurabib/jbtesthu.bib
/usr/share/texmf-texlive/bibtex/bib/jurabib/jbtest.bib
/usr/share/texmf-texlive/bibtex/bib/dk-bib/litteratur.bib
/usr/share/texmf-texlive/bibtex/bib/apacite/apa5ex.bib
/usr/share/texmf-texlive/bibtex/bib/index/test.bib
/usr/share/texmf-texlive/bibtex/bib/abstyles/acompat.bib
/usr/share/texmf-texlive/bibtex/bib/adrconv/example.bib
/usr/share/texmf-texlive/bibtex/bib/dtk/beispiel.bib
/usr/share/texmf-texlive/bibtex/bib/dtk/dtk.bib
/usr/share/texmf-texlive/bibtex/bib/base/xampl.bib
/usr/share/texmf-texlive/bibtex/bib/msc/biblio.bib
