/usr/share/texmf-dist/bibtex/bst/index/xplain.bst
/usr/share/texmf-dist/bibtex/bst/index/xagsm.bst
/usr/share/texmf-dist/bibtex/bst/natbib/abbrvnat.bst
/usr/share/texmf-dist/bibtex/bst/natbib/unsrtnat.bst
/usr/share/texmf-dist/bibtex/bst/natbib/plainnat.bst
/usr/share/texmf-dist/bibtex/bst/base/abbrv.bst
/usr/share/texmf-dist/bibtex/bst/base/alpha.bst
/usr/share/texmf-dist/bibtex/bst/base/plain.bst
/usr/share/texmf-dist/bibtex/bst/base/siam.bst
/usr/share/texmf-dist/bibtex/bst/base/ieeetr.bst
/usr/share/texmf-dist/bibtex/bst/base/acm.bst
/usr/share/texmf-dist/bibtex/bst/base/unsrt.bst
/usr/share/texmf-dist/bibtex/bst/apalike/apalike.bst
/usr/share/texmf-dist/bibtex/bst/amscls/amsalpha.bst
/usr/share/texmf-dist/bibtex/bst/amscls/amsplain.bst
/usr/share/texmf-dist/bibtex/bst/babelbib/babplain-fl.bst
/usr/share/texmf-dist/bibtex/bst/babelbib/babunsrt-lf.bst
/usr/share/texmf-dist/bibtex/bst/babelbib/babalpha-lf.bst
/usr/share/texmf-dist/bibtex/bst/babelbib/bababbr3.bst
/usr/share/texmf-dist/bibtex/bst/babelbib/babalpha-fl.bst
/usr/share/texmf-dist/bibtex/bst/babelbib/babplai3.bst
/usr/share/texmf-dist/bibtex/bst/babelbib/babunsrt-fl.bst
/usr/share/texmf-dist/bibtex/bst/babelbib/babalpha2.bst
/usr/share/texmf-dist/bibtex/bst/babelbib/babplain.bst
/usr/share/texmf-dist/bibtex/bst/babelbib/bababbrv-fl.bst
/usr/share/texmf-dist/bibtex/bst/babelbib/babalpha.bst
/usr/share/texmf-dist/bibtex/bst/babelbib/babplain-lf.bst
/usr/share/texmf-dist/bibtex/bst/babelbib/bababbrv.bst
/usr/share/texmf-dist/bibtex/bst/babelbib/bababbr3-fl.bst
/usr/share/texmf-dist/bibtex/bst/babelbib/babamspl.bst
/usr/share/texmf-dist/bibtex/bst/babelbib/babplain-neu.bst
/usr/share/texmf-dist/bibtex/bst/babelbib/babplai3-fl.bst
/usr/share/texmf-dist/bibtex/bst/babelbib/bababbr3-lf.bst
/usr/share/texmf-dist/bibtex/bst/babelbib/babplai3-lf.bst
/usr/share/texmf-dist/bibtex/bst/babelbib/babplain-spielen.bst
/usr/share/texmf-dist/bibtex/bst/babelbib/babplain-orig.bst
/usr/share/texmf-dist/bibtex/bst/babelbib/bababbrv-lf.bst
/usr/share/texmf-dist/bibtex/bst/babelbib/babunsrt.bst
