/usr/share/texmf/bibtex/bst/context/cont-ti.bst
/usr/share/texmf/bibtex/bst/context/cont-au.bst
/usr/share/texmf/bibtex/bst/context/cont-ab.bst
/usr/share/texmf/bibtex/bst/context/cont-no.bst
/usr/share/texmf-texlive/bibtex/bst/opcit/opcit.bst
/usr/share/texmf-texlive/bibtex/bst/oxford/oxford_se.bst
/usr/share/texmf-texlive/bibtex/bst/oxford/oxford_in.bst
/usr/share/texmf-texlive/bibtex/bst/oxford/oxford_en.bst
/usr/share/texmf-texlive/bibtex/bst/beebe/phapalik.bst
/usr/share/texmf-texlive/bibtex/bst/beebe/cell.bst
/usr/share/texmf-texlive/bibtex/bst/beebe/humanbio.bst
/usr/share/texmf-texlive/bibtex/bst/beebe/phpf.bst
/usr/share/texmf-texlive/bibtex/bst/beebe/annotate.bst
/usr/share/texmf-texlive/bibtex/bst/beebe/astron.bst
/usr/share/texmf-texlive/bibtex/bst/beebe/authordate2.bst
/usr/share/texmf-texlive/bibtex/bst/beebe/refer.bst
/usr/share/texmf-texlive/bibtex/bst/beebe/phppcf.bst
/usr/share/texmf-texlive/bibtex/bst/beebe/phiaea.bst
/usr/share/texmf-texlive/bibtex/bst/beebe/jas99.bst
/usr/share/texmf-texlive/bibtex/bst/beebe/chicagoa.bst
/usr/share/texmf-texlive/bibtex/bst/beebe/phreport.bst
/usr/share/texmf-texlive/bibtex/bst/beebe/chicago.bst
/usr/share/texmf-texlive/bibtex/bst/beebe/apa.bst
/usr/share/texmf-texlive/bibtex/bst/beebe/is-unsrt.bst
/usr/share/texmf-texlive/bibtex/bst/beebe/nar.bst
/usr/share/texmf-texlive/bibtex/bst/beebe/bbs.bst
/usr/share/texmf-texlive/bibtex/bst/beebe/phrmp.bst
/usr/share/texmf-texlive/bibtex/bst/beebe/cbe.bst
/usr/share/texmf-texlive/bibtex/bst/beebe/newapa.bst
/usr/share/texmf-texlive/bibtex/bst/beebe/jtb.bst
/usr/share/texmf-texlive/bibtex/bst/beebe/jbact.bst
/usr/share/texmf-texlive/bibtex/bst/beebe/jmb.bst
/usr/share/texmf-texlive/bibtex/bst/beebe/plainyr.bst
/usr/share/texmf-texlive/bibtex/bst/beebe/authordate3.bst
/usr/share/texmf-texlive/bibtex/bst/beebe/phnflet.bst
/usr/share/texmf-texlive/bibtex/bst/beebe/jthcarsu.bst
/usr/share/texmf-texlive/bibtex/bst/beebe/abstract.bst
/usr/share/texmf-texlive/bibtex/bst/beebe/phjcp.bst
/usr/share/texmf-texlive/bibtex/bst/beebe/econometrica.bst
/usr/share/texmf-texlive/bibtex/bst/beebe/namunsrt.bst
/usr/share/texmf-texlive/bibtex/bst/beebe/apalike2.bst
/usr/share/texmf-texlive/bibtex/bst/beebe/phcpc.bst
/usr/share/texmf-texlive/bibtex/bst/beebe/authordate1.bst
/usr/share/texmf-texlive/bibtex/bst/beebe/phnf.bst
/usr/share/texmf-texlive/bibtex/bst/beebe/is-abbrv.bst
/usr/share/texmf-texlive/bibtex/bst/beebe/named.bst
/usr/share/texmf-texlive/bibtex/bst/beebe/is-plain.bst
/usr/share/texmf-texlive/bibtex/bst/beebe/bibtoref.bst
/usr/share/texmf-texlive/bibtex/bst/beebe/humannat.bst
/usr/share/texmf-texlive/bibtex/bst/beebe/is-alpha.bst
/usr/share/texmf-texlive/bibtex/bst/beebe/annotation.bst
/usr/share/texmf-texlive/bibtex/bst/beebe/aaai-named.bst
/usr/share/texmf-texlive/bibtex/bst/beebe/authordate4.bst
/usr/share/texmf-texlive/bibtex/bst/beebe/phaip.bst
/usr/share/texmf-texlive/bibtex/bst/jneurosci/jneurosci.bst
/usr/share/texmf-texlive/bibtex/bst/minitoc/en-mtc.bst
/usr/share/texmf-texlive/bibtex/bst/minitoc/fr-mtc.bst
/usr/share/texmf-texlive/bibtex/bst/mslapa/mslapa.bst
/usr/share/texmf-texlive/bibtex/bst/inlinebib/inlinebib.bst
/usr/share/texmf-texlive/bibtex/bst/urlbst/plainurl.bst
/usr/share/texmf-texlive/bibtex/bst/urlbst/abbrvurl.bst
/usr/share/texmf-texlive/bibtex/bst/urlbst/alphaurl.bst
/usr/share/texmf-texlive/bibtex/bst/urlbst/unsrturl.bst
/usr/share/texmf-texlive/bibtex/bst/bibhtml/plainhtmldater.bst
/usr/share/texmf-texlive/bibtex/bst/bibhtml/alphahtmldater.bst
/usr/share/texmf-texlive/bibtex/bst/bibhtml/plainhtml.bst
/usr/share/texmf-texlive/bibtex/bst/bibhtml/alphahtmldate.bst
/usr/share/texmf-texlive/bibtex/bst/bibhtml/plainhtmldate.bst
/usr/share/texmf-texlive/bibtex/bst/bibhtml/alphahtml.bst
/usr/share/texmf-texlive/bibtex/bst/gloss/glsplain.bst
/usr/share/texmf-texlive/bibtex/bst/gloss/glsshort.bst
/usr/share/texmf-texlive/bibtex/bst/figbib/figbib1.bst
/usr/share/texmf-texlive/bibtex/bst/figbib/figbib.bst
/usr/share/texmf-texlive/bibtex/bst/dinat/dinat.bst
/usr/share/texmf-texlive/bibtex/bst/elsevier-bib/elsart-num-names.bst
/usr/share/texmf-texlive/bibtex/bst/elsevier-bib/elsart-num-sort.bst
/usr/share/texmf-texlive/bibtex/bst/elsevier-bib/elsart-num.bst
/usr/share/texmf-texlive/bibtex/bst/elsevier-bib/elsart-harv.bst
/usr/share/texmf-texlive/bibtex/bst/directory/address-html.bst
/usr/share/texmf-texlive/bibtex/bst/directory/birthday.bst
/usr/share/texmf-texlive/bibtex/bst/directory/email.bst
/usr/share/texmf-texlive/bibtex/bst/directory/letter.bst
/usr/share/texmf-texlive/bibtex/bst/directory/phone.bst
/usr/share/texmf-texlive/bibtex/bst/directory/address.bst
/usr/share/texmf-texlive/bibtex/bst/directory/email-html.bst
/usr/share/texmf-texlive/bibtex/bst/directory/address-ldif.bst
/usr/share/texmf-texlive/bibtex/bst/directory/address-vcard.bst
/usr/share/texmf-texlive/bibtex/bst/rsc/rsc-mc.bst
/usr/share/texmf-texlive/bibtex/bst/rsc/rsc.bst
/usr/share/texmf-texlive/bibtex/bst/rsc/angew-mc.bst
/usr/share/texmf-texlive/bibtex/bst/rsc/angew.bst
/usr/share/texmf-texlive/bibtex/bst/ijqc/ijqc.bst
/usr/share/texmf-texlive/bibtex/bst/ams/amsplain.bst
/usr/share/texmf-texlive/bibtex/bst/ams/amsrs.bst
/usr/share/texmf-texlive/bibtex/bst/ams/amsrn.bst
/usr/share/texmf-texlive/bibtex/bst/ams/amsra.bst
/usr/share/texmf-texlive/bibtex/bst/ams/amsry.bst
/usr/share/texmf-texlive/bibtex/bst/ams/amsru.bst
/usr/share/texmf-texlive/bibtex/bst/ams/amsalpha.bst
/usr/share/texmf-texlive/bibtex/bst/hc/hc-de.bst
/usr/share/texmf-texlive/bibtex/bst/hc/hc-en.bst
/usr/share/texmf-texlive/bibtex/bst/natbib/abbrvnat.bst
/usr/share/texmf-texlive/bibtex/bst/natbib/plainnat.bst
/usr/share/texmf-texlive/bibtex/bst/natbib/unsrtnat.bst
/usr/share/texmf-texlive/bibtex/bst/harvard/agsm.bst
/usr/share/texmf-texlive/bibtex/bst/harvard/kluwer.bst
/usr/share/texmf-texlive/bibtex/bst/harvard/jmr.bst
/usr/share/texmf-texlive/bibtex/bst/harvard/apsr.bst
/usr/share/texmf-texlive/bibtex/bst/harvard/nederlands.bst
/usr/share/texmf-texlive/bibtex/bst/harvard/jphysicsB.bst
/usr/share/texmf-texlive/bibtex/bst/jurabib/jurunsrt.bst
/usr/share/texmf-texlive/bibtex/bst/jurabib/jurabib.bst
/usr/share/texmf-texlive/bibtex/bst/jurabib/jox.bst
/usr/share/texmf-texlive/bibtex/bst/jurabib/jureco.bst
/usr/share/texmf-texlive/bibtex/bst/munich/munich.bst
/usr/share/texmf-texlive/bibtex/bst/dk-bib/dk-alpha.bst
/usr/share/texmf-texlive/bibtex/bst/dk-bib/dk-plain.bst
/usr/share/texmf-texlive/bibtex/bst/dk-bib/dk-abbrv.bst
/usr/share/texmf-texlive/bibtex/bst/dk-bib/dk-apali.bst
/usr/share/texmf-texlive/bibtex/bst/dk-bib/dk-unsrt.bst
/usr/share/texmf-texlive/bibtex/bst/apacite/apacite.bst
/usr/share/texmf-texlive/bibtex/bst/apacite/apacitex.bst
/usr/share/texmf-texlive/bibtex/bst/perception/perception.bst
/usr/share/texmf-texlive/bibtex/bst/achemso/achemsol.bst
/usr/share/texmf-texlive/bibtex/bst/achemso/achemso.bst
/usr/share/texmf-texlive/bibtex/bst/index/xplain.bst
/usr/share/texmf-texlive/bibtex/bst/index/xagsm.bst
/usr/share/texmf-texlive/bibtex/bst/multibib/mbplain.bst
/usr/share/texmf-texlive/bibtex/bst/smflatex/smfplain.bst
/usr/share/texmf-texlive/bibtex/bst/smflatex/smfalpha.bst
/usr/share/texmf-texlive/bibtex/bst/babelbib/bababbr3-fl.bst
/usr/share/texmf-texlive/bibtex/bst/babelbib/bababbrv.bst
/usr/share/texmf-texlive/bibtex/bst/babelbib/babalpha.bst
/usr/share/texmf-texlive/bibtex/bst/babelbib/bababbrv-lf.bst
/usr/share/texmf-texlive/bibtex/bst/babelbib/babunsrt.bst
/usr/share/texmf-texlive/bibtex/bst/babelbib/bababbr3.bst
/usr/share/texmf-texlive/bibtex/bst/babelbib/babplain-lf.bst
/usr/share/texmf-texlive/bibtex/bst/babelbib/babplain-fl.bst
/usr/share/texmf-texlive/bibtex/bst/babelbib/babplai3.bst
/usr/share/texmf-texlive/bibtex/bst/babelbib/babalpha-lf.bst
/usr/share/texmf-texlive/bibtex/bst/babelbib/babplai3-fl.bst
/usr/share/texmf-texlive/bibtex/bst/babelbib/babamspl.bst
/usr/share/texmf-texlive/bibtex/bst/babelbib/babalpha-fl.bst
/usr/share/texmf-texlive/bibtex/bst/babelbib/babunsrt-fl.bst
/usr/share/texmf-texlive/bibtex/bst/babelbib/bababbr3-lf.bst
/usr/share/texmf-texlive/bibtex/bst/babelbib/babunsrt-lf.bst
/usr/share/texmf-texlive/bibtex/bst/babelbib/bababbrv-fl.bst
/usr/share/texmf-texlive/bibtex/bst/babelbib/babplai3-lf.bst
/usr/share/texmf-texlive/bibtex/bst/babelbib/babplain.bst
/usr/share/texmf-texlive/bibtex/bst/abstyles/aunsnot.bst
/usr/share/texmf-texlive/bibtex/bst/abstyles/aalpha.bst
/usr/share/texmf-texlive/bibtex/bst/abstyles/aplain.bst
/usr/share/texmf-texlive/bibtex/bst/abstyles/aabbrv.bst
/usr/share/texmf-texlive/bibtex/bst/abstyles/anotit.bst
/usr/share/texmf-texlive/bibtex/bst/abstyles/aunsrt.bst
/usr/share/texmf-texlive/bibtex/bst/adrconv/birthday.bst
/usr/share/texmf-texlive/bibtex/bst/adrconv/email.bst
/usr/share/texmf-texlive/bibtex/bst/adrconv/adrfax.bst
/usr/share/texmf-texlive/bibtex/bst/adrconv/adrconv.bst
/usr/share/texmf-texlive/bibtex/bst/dtk/dtk.bst
/usr/share/texmf-texlive/bibtex/bst/savetrees/savetrees.bst
/usr/share/texmf-texlive/bibtex/bst/iopart-num/iopart-num.bst
/usr/share/texmf-texlive/bibtex/bst/base/acm.bst
/usr/share/texmf-texlive/bibtex/bst/base/plain.bst
/usr/share/texmf-texlive/bibtex/bst/base/abbrv.bst
/usr/share/texmf-texlive/bibtex/bst/base/apalike.bst
/usr/share/texmf-texlive/bibtex/bst/base/unsrt.bst
/usr/share/texmf-texlive/bibtex/bst/base/siam.bst
/usr/share/texmf-texlive/bibtex/bst/base/alpha.bst
/usr/share/texmf-texlive/bibtex/bst/base/ieeetr.bst
/usr/share/texmf-texlive/bibtex/bst/sort-by-letters/plain-letters.bst
/usr/share/texmf-texlive/bibtex/bst/sort-by-letters/frplainnat-letters.bst
/usr/share/texmf-texlive/bibtex/bst/sort-by-letters/siam-letters.bst
/usr/share/texmf-texlive/bibtex/bst/sort-by-letters/abbrv-letters.bst
/usr/share/texmf-texlive/bibtex/bst/sort-by-letters/plainnat-letters.bst
/usr/share/texmf-texlive/bibtex/bst/sort-by-letters/apalike-letters.bst
/usr/share/texmf-texlive/bibtex/bst/sort-by-letters/alpha-letters.bst
