/usr/share/texmf-texlive/tex/generic/xypic/movie.cls
/usr/share/texmf/tex/latex/lyx/broadway.cls
/usr/share/texmf/tex/latex/lyx/hollywood.cls
/usr/share/texmf/tex/latex/lyx/revtex.cls
/usr/share/texmf/tex/latex/llncs2e/llncs.cls
/usr/share/texmf/tex/latex/larkc/larkc.cls
/usr/share/texmf/tex/latex/larkc/._larkc.cls
/usr/share/texmf/tex/latex/prosper/prosper.cls
/usr/share/texmf/tex/latex/beamer/base/beamer.cls
/usr/share/texmf-texlive/tex/latex/flashcards/flashcards.cls
/usr/share/texmf-texlive/tex/latex/cd/cd.cls
/usr/share/texmf-texlive/tex/latex/moderncv/moderncv.cls
/usr/share/texmf-texlive/tex/latex/elpres/elpres.cls
/usr/share/texmf-texlive/tex/latex/fribrief/fribrief.cls
/usr/share/texmf-texlive/tex/latex/fribrief/k_fribri.cls
/usr/share/texmf-texlive/tex/latex/seminar/seminar.cls
/usr/share/texmf-texlive/tex/latex/labbook/labbook.cls
/usr/share/texmf-texlive/tex/latex/curve/curve.cls
/usr/share/texmf-texlive/tex/latex/ppr-prv/ppr-prv.cls
/usr/share/texmf-texlive/tex/latex/calendar/filoaddr.cls
/usr/share/texmf-texlive/tex/latex/calendar/weekly.cls
/usr/share/texmf-texlive/tex/latex/protocol/protocol.cls
/usr/share/texmf-texlive/tex/latex/hitec/hitec.cls
/usr/share/texmf-texlive/tex/latex/europecv/europecv.cls
/usr/share/texmf-texlive/tex/latex/paper/journal.cls
/usr/share/texmf-texlive/tex/latex/paper/paper.cls
/usr/share/texmf-texlive/tex/latex/octavo/octavo.cls
/usr/share/texmf-texlive/tex/latex/limap/limap.cls
/usr/share/texmf-texlive/tex/latex/examdesign/examdesign.cls
/usr/share/texmf-texlive/tex/latex/courseoutline/courseoutline.cls
/usr/share/texmf-texlive/tex/latex/assignment/assignment.cls
/usr/share/texmf-texlive/tex/latex/amscls/amsbook.cls
/usr/share/texmf-texlive/tex/latex/amscls/amsart.cls
/usr/share/texmf-texlive/tex/latex/amscls/amsproc.cls
/usr/share/texmf-texlive/tex/latex/amscls/amsdtx.cls
/usr/share/texmf-texlive/tex/latex/sides/sides.cls
/usr/share/texmf-texlive/tex/latex/tcldoc/tcldoc.cls
/usr/share/texmf-texlive/tex/latex/tcldoc/tclldoc.cls
/usr/share/texmf-texlive/tex/latex/simplecv/simplecv.cls
/usr/share/texmf-texlive/tex/latex/qcm/qcm.cls
/usr/share/texmf-texlive/tex/latex/pecha/pecha.cls
/usr/share/texmf-texlive/tex/latex/dvdcoll/dvdcoll.cls
/usr/share/texmf-texlive/tex/latex/emulateapj/emulateapj.cls
/usr/share/texmf-texlive/tex/latex/iso/isov2.cls
/usr/share/texmf-texlive/tex/latex/cd-cover/cd-cover.cls
/usr/share/texmf-texlive/tex/latex/postcards/postcards.cls
/usr/share/texmf-texlive/tex/latex/maple/mtn.cls
/usr/share/texmf-texlive/tex/latex/gmdoc/gmdocc.cls
/usr/share/texmf-texlive/tex/latex/hc/hcletter.cls
/usr/share/texmf-texlive/tex/latex/hc/hcart.cls
/usr/share/texmf-texlive/tex/latex/hc/hcslides.cls
/usr/share/texmf-texlive/tex/latex/hc/hcreport.cls
/usr/share/texmf-texlive/tex/latex/powerdot/powerdot.cls
/usr/share/texmf-texlive/tex/latex/plari/plari.cls
/usr/share/texmf-texlive/tex/latex/larkc/larkc.cls
/usr/share/texmf-texlive/tex/latex/stage/stage.cls
/usr/share/texmf-texlive/tex/latex/kerntest/kerntest.cls
/usr/share/texmf-texlive/tex/latex/koma-script/scrlttr2.cls
/usr/share/texmf-texlive/tex/latex/koma-script/scrartcl.cls
/usr/share/texmf-texlive/tex/latex/koma-script/scrdoc.cls
/usr/share/texmf-texlive/tex/latex/koma-script/scrreprt.cls
/usr/share/texmf-texlive/tex/latex/koma-script/scrlettr.cls
/usr/share/texmf-texlive/tex/latex/koma-script/scrbook.cls
/usr/share/texmf-texlive/tex/latex/newlfm/newlfm.cls
/usr/share/texmf-texlive/tex/latex/coursepaper/coursepaper.cls
/usr/share/texmf-texlive/tex/latex/sffms/sffms.cls
/usr/share/texmf-texlive/tex/latex/ncclatex/nccproc.cls
/usr/share/texmf-texlive/tex/latex/ncclatex/ncc.cls
/usr/share/texmf-texlive/tex/latex/ncclatex/sibjnm.cls
/usr/share/texmf-texlive/tex/latex/cdpbundl/lettcdpadi.cls
/usr/share/texmf-texlive/tex/latex/cdpbundl/articoletteracdp.cls
/usr/share/texmf-texlive/tex/latex/cdpbundl/letteracdp.cls
/usr/share/texmf-texlive/tex/latex/smflatex/smfbook.cls
/usr/share/texmf-texlive/tex/latex/smflatex/smfart.cls
/usr/share/texmf-texlive/tex/latex/cjw/cjw-ltr.cls
/usr/share/texmf-texlive/tex/latex/cjw/cjw-env.cls
/usr/share/texmf-texlive/tex/latex/lettre/lettre.cls
/usr/share/texmf-texlive/tex/latex/pbsheet/pbsheet.cls
/usr/share/texmf-texlive/tex/latex/papertex/papertex.cls
/usr/share/texmf-texlive/tex/latex/facsimile/facsimile.cls
/usr/share/texmf-texlive/tex/latex/play/play.cls
/usr/share/texmf-texlive/tex/latex/concprog/ConcProg.cls
/usr/share/texmf-texlive/tex/latex/combine/combine.cls
/usr/share/texmf-texlive/tex/latex/hpsdiss/hpsdiss.cls
/usr/share/texmf-texlive/tex/latex/dtk/dtk.cls
/usr/share/texmf-texlive/tex/latex/ntgclass/boek3.cls
/usr/share/texmf-texlive/tex/latex/ntgclass/boek.cls
/usr/share/texmf-texlive/tex/latex/ntgclass/rapport3.cls
/usr/share/texmf-texlive/tex/latex/ntgclass/artikel1.cls
/usr/share/texmf-texlive/tex/latex/ntgclass/rapport1.cls
/usr/share/texmf-texlive/tex/latex/ntgclass/artikel2.cls
/usr/share/texmf-texlive/tex/latex/ntgclass/artikel3.cls
/usr/share/texmf-texlive/tex/latex/ntgclass/brief.cls
/usr/share/texmf-texlive/tex/latex/g-brief/g-brief2.cls
/usr/share/texmf-texlive/tex/latex/g-brief/g-brief.cls
/usr/share/texmf-texlive/tex/latex/ltxmisc/abstbook.cls
/usr/share/texmf-texlive/tex/latex/ltxmisc/beletter.cls
/usr/share/texmf-texlive/tex/latex/ltxmisc/flashcard.cls
/usr/share/texmf-texlive/tex/latex/ltxmisc/iagproc.cls
/usr/share/texmf-texlive/tex/latex/timesht/timesht.cls
/usr/share/texmf-texlive/tex/latex/script/script_l.cls
/usr/share/texmf-texlive/tex/latex/script/script.cls
/usr/share/texmf-texlive/tex/latex/script/script_s.cls
/usr/share/texmf-texlive/tex/latex/akletter/akletter.cls
/usr/share/texmf-texlive/tex/latex/akletter/myletter.cls
/usr/share/texmf-texlive/tex/latex/extsizes/extproc.cls
/usr/share/texmf-texlive/tex/latex/extsizes/extreport.cls
/usr/share/texmf-texlive/tex/latex/extsizes/extbook.cls
/usr/share/texmf-texlive/tex/latex/extsizes/extarticle.cls
/usr/share/texmf-texlive/tex/latex/extsizes/extletter.cls
/usr/share/texmf-texlive/tex/latex/base/ltxguide.cls
/usr/share/texmf-texlive/tex/latex/base/ltxdoc.cls
/usr/share/texmf-texlive/tex/latex/base/book.cls
/usr/share/texmf-texlive/tex/latex/base/report.cls
/usr/share/texmf-texlive/tex/latex/base/minimal.cls
/usr/share/texmf-texlive/tex/latex/base/letter.cls
/usr/share/texmf-texlive/tex/latex/base/ltnews.cls
/usr/share/texmf-texlive/tex/latex/base/proc.cls
/usr/share/texmf-texlive/tex/latex/base/article.cls
/usr/share/texmf-texlive/tex/latex/base/slides.cls
/usr/share/texmf-texlive/tex/latex/a0poster/a0poster.cls
/usr/share/texmf-texlive/tex/latex/slidenotes/slidenotes.cls
/usr/share/texmf-texlive/tex/latex/pittetd/pittetd.cls
/usr/share/texmf-texlive/tex/latex/refman/refart.cls
/usr/share/texmf-texlive/tex/latex/refman/refrep.cls
/usr/share/texmf-texlive/tex/latex/memoir/memoir.cls
/usr/share/texmf-texlive/tex/latex/expl3/l3doc.cls
/usr/share/texmf-texlive/tex/latex/leaflet/leaflet.cls
/usr/share/texmf-texlive/tex/latex/talk/talk.cls
/usr/share/texmf-texlive/tex/latex/exam/exam.cls
/usr/share/texmf-texlive/tex/latex/juramisc/jurabook.cls
/usr/share/texmf-texlive/tex/latex/juramisc/juraurtl.cls
/usr/share/texmf-texlive/tex/latex/juramisc/juraovw.cls
/usr/share/texmf-texlive/tex/latex/screenplay/screenplay.cls
/usr/share/texmf-texlive/tex/latex/vita/hssvita.cls
/usr/share/texmf-texlive/tex/latex/vita/vita.cls
/usr/share/texmf-texlive/tex/latex/rtklage/rtklage.cls
/usr/share/texmf-texlive/tex/latex/dinbrief/dinbrief.cls
/usr/share/texmf-texlive/tex/latex/resume/res.cls
/usr/share/texmf-texlive/tex/latex/jura/jura.cls
/usr/share/texmf-texlive/tex/generic/xypic/movie.cls
