/usr/share/texmf-dist/tex/latex/ltxmisc/abstbook.cls
/usr/share/texmf-dist/tex/latex/ltxmisc/iagproc.cls
/usr/share/texmf-dist/tex/latex/ltxmisc/flashcard.cls
/usr/share/texmf-dist/tex/latex/ltxmisc/beletter.cls
/usr/share/texmf-dist/tex/latex/ntgclass/artikel3.cls
/usr/share/texmf-dist/tex/latex/ntgclass/brief.cls
/usr/share/texmf-dist/tex/latex/ntgclass/rapport1.cls
/usr/share/texmf-dist/tex/latex/ntgclass/artikel1.cls
/usr/share/texmf-dist/tex/latex/ntgclass/rapport3.cls
/usr/share/texmf-dist/tex/latex/ntgclass/boek3.cls
/usr/share/texmf-dist/tex/latex/ntgclass/boek.cls
/usr/share/texmf-dist/tex/latex/ntgclass/artikel2.cls
/usr/share/texmf-dist/tex/latex/base/book.cls
/usr/share/texmf-dist/tex/latex/base/minimal.cls
/usr/share/texmf-dist/tex/latex/base/ltnews.cls
/usr/share/texmf-dist/tex/latex/base/ltxguide.cls
/usr/share/texmf-dist/tex/latex/base/letter.cls
/usr/share/texmf-dist/tex/latex/base/ltxdoc.cls
/usr/share/texmf-dist/tex/latex/base/proc.cls
/usr/share/texmf-dist/tex/latex/base/slides.cls
/usr/share/texmf-dist/tex/latex/base/report.cls
/usr/share/texmf-dist/tex/latex/base/article.cls
/usr/share/texmf-dist/tex/latex/koma-script/scrdoc.cls
/usr/share/texmf-dist/tex/latex/koma-script/scrlttr2.cls
/usr/share/texmf-dist/tex/latex/koma-script/scrbook.cls
/usr/share/texmf-dist/tex/latex/koma-script/scrartcl.cls
/usr/share/texmf-dist/tex/latex/koma-script/scrreprt.cls
/usr/share/texmf-dist/tex/latex/koma-script/scrlettr.cls
/usr/share/texmf-dist/tex/latex/powerdot/powerdot.cls
/usr/share/texmf-dist/tex/latex/seminar/seminar.cls
/usr/share/texmf-dist/tex/latex/memoir/memoir.cls
/usr/share/texmf-dist/tex/latex/amscls/amsproc.cls
/usr/share/texmf-dist/tex/latex/amscls/amsdtx.cls
/usr/share/texmf-dist/tex/latex/amscls/amsart.cls
/usr/share/texmf-dist/tex/latex/amscls/amsbook.cls
/usr/share/texmf-dist/tex/latex/extsizes/extletter.cls
/usr/share/texmf-dist/tex/latex/extsizes/extproc.cls
/usr/share/texmf-dist/tex/latex/extsizes/extreport.cls
/usr/share/texmf-dist/tex/latex/extsizes/extbook.cls
/usr/share/texmf-dist/tex/latex/extsizes/extarticle.cls
