/usr/share/texmf/tex/generic/tex4ht/tex4ht.sty
/usr/share/texmf-texlive/tex/generic/dratex/AlProTex.sty
/usr/share/texmf-texlive/tex/generic/dratex/TeXProject.sty
/usr/share/texmf-texlive/tex/generic/dratex/DraTex.sty
/usr/share/texmf-texlive/tex/generic/dratex/AlDraTex.sty
/usr/share/texmf-texlive/tex/generic/tex-ps/poligraf.sty
/usr/share/texmf-texlive/tex/generic/shapepar/shapepar.sty
/usr/share/texmf-texlive/tex/generic/xypic/xy.sty
/usr/share/texmf-texlive/tex/generic/xypic/xypic.sty
/usr/share/texmf-texlive/tex/generic/epsf/epsf.sty
/usr/share/texmf-texlive/tex/generic/oberdiek/telprint.sty
/usr/share/texmf-texlive/tex/generic/oberdiek/kvsetkeys.sty
/usr/share/texmf-texlive/tex/generic/oberdiek/ifvtex.sty
/usr/share/texmf-texlive/tex/generic/oberdiek/ifpdf.sty
/usr/share/texmf-texlive/tex/generic/oberdiek/setouterhbox.sty
/usr/share/texmf-texlive/tex/generic/oberdiek/pdfcrypt.sty
/usr/share/texmf-texlive/tex/generic/oberdiek/alphalph.sty
/usr/share/texmf-texlive/tex/generic/oberdiek/engord.sty
/usr/share/texmf-texlive/tex/generic/dvips/blackdvi.sty
/usr/share/texmf-texlive/tex/generic/dvips/rotate.sty
/usr/share/texmf-texlive/tex/generic/dvips/colordvi.sty
/usr/share/texmf-texlive/tex/generic/misc/texnames.sty
/usr/share/texmf-texlive/tex/generic/arrayjob/arrayjob.sty
/usr/share/texmf-texlive/tex/generic/texdraw/texdraw.sty
/usr/share/texmf-texlive/tex/generic/multido/multido.sty
/usr/share/texmf-texlive/tex/generic/fltpoint/fltpoint.sty
/usr/share/texmf-texlive/tex/generic/fltpoint/deccomma.sty
/usr/share/texmf-texlive/tex/generic/mathdots/mathdots.sty
/usr/share/texmf-texlive/tex/generic/babel/hebcal.sty
/usr/share/texmf-texlive/tex/generic/babel/british.sty
/usr/share/texmf-texlive/tex/generic/babel/interlingua.sty
/usr/share/texmf-texlive/tex/generic/babel/catalan.sty
/usr/share/texmf-texlive/tex/generic/babel/athnum.sty
/usr/share/texmf-texlive/tex/generic/babel/hebrew_newcode.sty
/usr/share/texmf-texlive/tex/generic/babel/turkish.sty
/usr/share/texmf-texlive/tex/generic/babel/slovak.sty
/usr/share/texmf-texlive/tex/generic/babel/hebrew.sty
/usr/share/texmf-texlive/tex/generic/babel/swedish.sty
/usr/share/texmf-texlive/tex/generic/babel/hebfont.sty
/usr/share/texmf-texlive/tex/generic/babel/italian.sty
/usr/share/texmf-texlive/tex/generic/babel/ukraineb.sty
/usr/share/texmf-texlive/tex/generic/babel/portuges.sty
/usr/share/texmf-texlive/tex/generic/babel/galician.sty
/usr/share/texmf-texlive/tex/generic/babel/hebrew_oldcode.sty
/usr/share/texmf-texlive/tex/generic/babel/czech.sty
/usr/share/texmf-texlive/tex/generic/babel/germanb.sty
/usr/share/texmf-texlive/tex/generic/babel/romanian.sty
/usr/share/texmf-texlive/tex/generic/babel/latin.sty
/usr/share/texmf-texlive/tex/generic/babel/danish.sty
/usr/share/texmf-texlive/tex/generic/babel/UKenglish.sty
/usr/share/texmf-texlive/tex/generic/babel/austrian.sty
/usr/share/texmf-texlive/tex/generic/babel/babel.sty
/usr/share/texmf-texlive/tex/generic/babel/serbian.sty
/usr/share/texmf-texlive/tex/generic/babel/slovene.sty
/usr/share/texmf-texlive/tex/generic/babel/naustrian.sty
/usr/share/texmf-texlive/tex/generic/babel/bulgarian.sty
/usr/share/texmf-texlive/tex/generic/babel/norsk.sty
/usr/share/texmf-texlive/tex/generic/babel/icelandic.sty
/usr/share/texmf-texlive/tex/generic/babel/basque.sty
/usr/share/texmf-texlive/tex/generic/babel/albanian.sty
/usr/share/texmf-texlive/tex/generic/babel/bahasam.sty
/usr/share/texmf-texlive/tex/generic/babel/hebrew_p.sty
/usr/share/texmf-texlive/tex/generic/babel/welsh.sty
/usr/share/texmf-texlive/tex/generic/babel/dutch.sty
/usr/share/texmf-texlive/tex/generic/babel/russianb.sty
/usr/share/texmf-texlive/tex/generic/babel/american.sty
/usr/share/texmf-texlive/tex/generic/babel/grsymb.sty
/usr/share/texmf-texlive/tex/generic/babel/samin.sty
/usr/share/texmf-texlive/tex/generic/babel/USenglish.sty
/usr/share/texmf-texlive/tex/generic/babel/spanish.sty
/usr/share/texmf-texlive/tex/generic/babel/greek.sty
/usr/share/texmf-texlive/tex/generic/babel/scottish.sty
/usr/share/texmf-texlive/tex/generic/babel/francais.sty
/usr/share/texmf-texlive/tex/generic/babel/estonian.sty
/usr/share/texmf-texlive/tex/generic/babel/esperanto.sty
/usr/share/texmf-texlive/tex/generic/babel/polish.sty
/usr/share/texmf-texlive/tex/generic/babel/afrikaans.sty
/usr/share/texmf-texlive/tex/generic/babel/croatian.sty
/usr/share/texmf-texlive/tex/generic/babel/finnish.sty
/usr/share/texmf-texlive/tex/generic/babel/lsorbian.sty
/usr/share/texmf-texlive/tex/generic/babel/irish.sty
/usr/share/texmf-texlive/tex/generic/babel/breton.sty
/usr/share/texmf-texlive/tex/generic/babel/grmath.sty
/usr/share/texmf-texlive/tex/generic/babel/magyar.sty
/usr/share/texmf-texlive/tex/generic/babel/ngermanb.sty
/usr/share/texmf-texlive/tex/generic/babel/bahasa.sty
/usr/share/texmf-texlive/tex/generic/babel/usorbian.sty
/usr/share/texmf-texlive/tex/generic/babel/english.sty
/usr/share/texmf-texlive/tex/generic/genmisc/time.sty
/usr/share/texmf-texlive/tex/generic/genmisc/daytime.sty
/usr/share/texmf-texlive/tex/generic/genmisc/weekday.sty
/usr/share/texmf-texlive/tex/generic/genmisc/shade.sty
/usr/share/texmf-texlive/tex/generic/genmisc/ragged.sty
/usr/share/texmf-texlive/tex/generic/genmisc/nth.sty
/usr/share/texmf-texlive/tex/generic/genmisc/cropmark.sty
/usr/share/texmf-texlive/tex/generic/genmisc/balancedquotes.sty
/usr/share/texmf-texlive/tex/generic/genmisc/outerhbox.sty
/usr/share/texmf-texlive/tex/generic/genmisc/default.sty
/usr/share/texmf-texlive/tex/generic/genmisc/hexdump.sty
/usr/share/texmf-texlive/tex/generic/genmisc/swrule.sty
/usr/share/texmf-texlive/tex/generic/ofs/ofs.sty
/usr/share/texmf-texlive/tex/generic/ofs/a35.sty
/usr/share/texmf-texlive/tex/generic/ofs/allfonts.sty
/usr/share/texmf-texlive/tex/generic/textmerg/textmerg.sty
/usr/share/texmf-texlive/tex/generic/thumbpdf/thumbpdf.sty
/usr/share/texmf-texlive/tex/generic/psfig/psfig.sty
/usr/share/texmf-texlive/tex/generic/pictex/pictex.sty
/usr/share/texmf-texlive/tex/generic/pictex/piccorr.sty
/usr/share/texmf-texlive/tex/generic/pictex/pictexwd.sty
/usr/share/texmf-texlive/tex/generic/pictex/tree.sty
/usr/share/texmf-texlive/tex/generic/mfpic/mfpic.sty
/usr/share/texmf-texlive/tex/generic/ifxetex/ifxetex.sty
/usr/share/texmf/tex/latex/lyx/lyxchess.sty
/usr/share/texmf/tex/latex/lyx/lyxskak.sty
/usr/share/texmf/tex/latex/tipa/exaccent.sty
/usr/share/texmf/tex/latex/tipa/extraipa.sty
/usr/share/texmf/tex/latex/tipa/tone.sty
/usr/share/texmf/tex/latex/tipa/vowel.sty
/usr/share/texmf/tex/latex/tipa/tipx.sty
/usr/share/texmf/tex/latex/tipa/tipa.sty
/usr/share/texmf/tex/latex/pgf/systemlayer/pgfsys.sty
/usr/share/texmf/tex/latex/pgf/utilities/pgffor.sty
/usr/share/texmf/tex/latex/pgf/utilities/pgfcalendar.sty
/usr/share/texmf/tex/latex/pgf/utilities/pgfkeys.sty
/usr/share/texmf/tex/latex/pgf/utilities/pgfpages.sty
/usr/share/texmf/tex/latex/pgf/utilities/xxcolor.sty
/usr/share/texmf/tex/latex/pgf/utilities/pgfrcs.sty
/usr/share/texmf/tex/latex/pgf/basiclayer/pgfbaselayers.sty
/usr/share/texmf/tex/latex/pgf/basiclayer/pgfbasepatterns.sty
/usr/share/texmf/tex/latex/pgf/basiclayer/pgfbaseshapes.sty
/usr/share/texmf/tex/latex/pgf/basiclayer/pgfbasesnakes.sty
/usr/share/texmf/tex/latex/pgf/basiclayer/pgfbaseimage.sty
/usr/share/texmf/tex/latex/pgf/basiclayer/pgf.sty
/usr/share/texmf/tex/latex/pgf/basiclayer/pgfbasematrix.sty
/usr/share/texmf/tex/latex/pgf/basiclayer/pgfcore.sty
/usr/share/texmf/tex/latex/pgf/basiclayer/pgfbaseplot.sty
/usr/share/texmf/tex/latex/pgf/frontendlayer/pgfpict2e.sty
/usr/share/texmf/tex/latex/pgf/frontendlayer/tikz.sty
/usr/share/texmf/tex/latex/pgf/compatibility/pgflibraryarrows.sty
/usr/share/texmf/tex/latex/pgf/compatibility/pgflibrarysnakes.sty
/usr/share/texmf/tex/latex/pgf/compatibility/pgflibraryshapes.sty
/usr/share/texmf/tex/latex/pgf/compatibility/pgfshade.sty
/usr/share/texmf/tex/latex/pgf/compatibility/pgflibraryautomata.sty
/usr/share/texmf/tex/latex/pgf/compatibility/pgflibrarytikztrees.sty
/usr/share/texmf/tex/latex/pgf/compatibility/pgflibraryplothandlers.sty
/usr/share/texmf/tex/latex/pgf/compatibility/pgfarrows.sty
/usr/share/texmf/tex/latex/pgf/compatibility/pgflibraryplotmarks.sty
/usr/share/texmf/tex/latex/pgf/compatibility/pgfheaps.sty
/usr/share/texmf/tex/latex/pgf/compatibility/pgfcomp-version-0-65.sty
/usr/share/texmf/tex/latex/pgf/compatibility/pgflibrarytikzbackgrounds.sty
/usr/share/texmf/tex/latex/pgf/compatibility/pgfcomp-version-1-18.sty
/usr/share/texmf/tex/latex/pgf/compatibility/pgfautomata.sty
/usr/share/texmf/tex/latex/pgf/compatibility/pgfnodes.sty
/usr/share/texmf/tex/latex/pgf/math/pgfmath.sty
/usr/share/texmf/tex/latex/feynmf/feynmp.sty
/usr/share/texmf/tex/latex/feynmf/feynmf.sty
/usr/share/texmf/tex/latex/llncs2e/llncsdoc.sty
/usr/share/texmf/tex/latex/dblatex/misc/enumitem.sty
/usr/share/texmf/tex/latex/dblatex/misc/ragged2e.sty
/usr/share/texmf/tex/latex/dblatex/misc/lastpage.sty
/usr/share/texmf/tex/latex/dblatex/misc/bibtopic.sty
/usr/share/texmf/tex/latex/dblatex/misc/attachfile.sty
/usr/share/texmf/tex/latex/dblatex/misc/multirow2.sty
/usr/share/texmf/tex/latex/dblatex/misc/passivetex/unicode.sty
/usr/share/texmf/tex/latex/dblatex/misc/passivetex/dummyels.sty
/usr/share/texmf/tex/latex/dblatex/misc/xelatex/xecyr.sty
/usr/share/texmf/tex/latex/dblatex/style/dbk_locale.sty
/usr/share/texmf/tex/latex/dblatex/style/dbk_changebar.sty
/usr/share/texmf/tex/latex/dblatex/style/dbk_graphic.sty
/usr/share/texmf/tex/latex/dblatex/style/dbk_verbatim.sty
/usr/share/texmf/tex/latex/dblatex/style/docbook.sty
/usr/share/texmf/tex/latex/dblatex/style/dbk_title.sty
/usr/share/texmf/tex/latex/dblatex/style/dbk_annot.sty
/usr/share/texmf/tex/latex/dblatex/style/dbk_biblio.sty
/usr/share/texmf/tex/latex/dblatex/style/dbk_callout.sty
/usr/share/texmf/tex/latex/dblatex/style/dbk_admonition.sty
/usr/share/texmf/tex/latex/dblatex/style/dbk_core.sty
/usr/share/texmf/tex/latex/dblatex/style/dbk_revision.sty
/usr/share/texmf/tex/latex/dblatex/style/dbk_headfoot.sty
/usr/share/texmf/tex/latex/dblatex/style/dbk_item.sty
/usr/share/texmf/tex/latex/dblatex/style/dbk_hyper.sty
/usr/share/texmf/tex/latex/dblatex/style/dbk_table.sty
/usr/share/texmf/tex/latex/dblatex/style/dbk_fonts.sty
/usr/share/texmf/tex/latex/dblatex/contrib/db2latex/db2latex.sty
/usr/share/texmf/tex/latex/dblatex/contrib/example/dbsimple.sty
/usr/share/texmf/tex/latex/html/html.sty
/usr/share/texmf/tex/latex/html/htmllist.sty
/usr/share/texmf/tex/latex/html/justify.sty
/usr/share/texmf/tex/latex/html/ldump.sty
/usr/share/texmf/tex/latex/html/frames.sty
/usr/share/texmf/tex/latex/html/verbatimfiles.sty
/usr/share/texmf/tex/latex/html/hthtml.sty
/usr/share/texmf/tex/latex/html/heqn.sty
/usr/share/texmf/tex/latex/lm/lmodern.sty
/usr/share/texmf/tex/latex/asymptote/ocg.sty
/usr/share/texmf/tex/latex/asymptote/asymptote.sty
/usr/share/texmf/tex/latex/asymptote/asycolors.sty
/usr/share/texmf/tex/latex/dvipost/dvipost.sty
/usr/share/texmf/tex/latex/prosper/PPRframes.sty
/usr/share/texmf/tex/latex/prosper/PPRserpaggi.sty
/usr/share/texmf/tex/latex/prosper/PPRmancini.sty
/usr/share/texmf/tex/latex/prosper/PPRcontemporain.sty
/usr/share/texmf/tex/latex/prosper/PPRalcatel.sty
/usr/share/texmf/tex/latex/prosper/PPRwj.sty
/usr/share/texmf/tex/latex/prosper/PPRrico.sty
/usr/share/texmf/tex/latex/prosper/PPRfyma.sty
/usr/share/texmf/tex/latex/prosper/PPRalienglow.sty
/usr/share/texmf/tex/latex/prosper/PPRautumn.sty
/usr/share/texmf/tex/latex/prosper/PPRgyom.sty
/usr/share/texmf/tex/latex/prosper/PPRcorners.sty
/usr/share/texmf/tex/latex/prosper/PPRazure.sty
/usr/share/texmf/tex/latex/prosper/PPRlignesbleues.sty
/usr/share/texmf/tex/latex/prosper/PPRdefault.sty
/usr/share/texmf/tex/latex/prosper/PPRprettybox.sty
/usr/share/texmf/tex/latex/prosper/PPRwhitecross.sty
/usr/share/texmf/tex/latex/prosper/PPRthomasd.sty
/usr/share/texmf/tex/latex/prosper/PPRtroispoints.sty
/usr/share/texmf/tex/latex/prosper/PPRblends.sty
/usr/share/texmf/tex/latex/prosper/PPRnuancegris.sty
/usr/share/texmf/tex/latex/prosper/PPRdarkblue.sty
/usr/share/texmf/tex/latex/prosper/PPRcapsules.sty
/usr/share/texmf/tex/latex/prosper/PPRwinter.sty
/usr/share/texmf/tex/latex/xcolor/xcolor.sty
/usr/share/texmf/tex/latex/beamer/extensions/multimedia/multimedia.sty
/usr/share/texmf/tex/latex/beamer/extensions/multimedia/xmpmulti.sty
/usr/share/texmf/tex/latex/beamer/extensions/multimedia/multimediasymbols.sty
/usr/share/texmf/tex/latex/beamer/themes/color/beamercolorthemebeetle.sty
/usr/share/texmf/tex/latex/beamer/themes/color/beamercolorthemewolverine.sty
/usr/share/texmf/tex/latex/beamer/themes/color/beamercolorthemesidebartab.sty
/usr/share/texmf/tex/latex/beamer/themes/color/beamercolorthemerose.sty
/usr/share/texmf/tex/latex/beamer/themes/color/beamercolorthemedove.sty
/usr/share/texmf/tex/latex/beamer/themes/color/beamercolorthemeseahorse.sty
/usr/share/texmf/tex/latex/beamer/themes/color/beamercolorthemewhale.sty
/usr/share/texmf/tex/latex/beamer/themes/color/beamercolorthemealbatross.sty
/usr/share/texmf/tex/latex/beamer/themes/color/beamercolorthemefly.sty
/usr/share/texmf/tex/latex/beamer/themes/color/beamercolorthemelily.sty
/usr/share/texmf/tex/latex/beamer/themes/color/beamercolorthemebeaver.sty
/usr/share/texmf/tex/latex/beamer/themes/color/beamercolorthemeseagull.sty
/usr/share/texmf/tex/latex/beamer/themes/color/beamercolorthemestructure.sty
/usr/share/texmf/tex/latex/beamer/themes/color/beamercolorthemeorchid.sty
/usr/share/texmf/tex/latex/beamer/themes/color/beamercolorthemedefault.sty
/usr/share/texmf/tex/latex/beamer/themes/color/beamercolorthemecrane.sty
/usr/share/texmf/tex/latex/beamer/themes/color/beamercolorthemedolphin.sty
/usr/share/texmf/tex/latex/beamer/themes/inner/beamerinnerthemeinmargin.sty
/usr/share/texmf/tex/latex/beamer/themes/inner/beamerinnerthemedefault.sty
/usr/share/texmf/tex/latex/beamer/themes/inner/beamerinnerthemecircles.sty
/usr/share/texmf/tex/latex/beamer/themes/inner/beamerinnerthemerounded.sty
/usr/share/texmf/tex/latex/beamer/themes/inner/beamerinnerthemerectangles.sty
/usr/share/texmf/tex/latex/beamer/themes/font/beamerfontthemestructureitalicserif.sty
/usr/share/texmf/tex/latex/beamer/themes/font/beamerfontthemedefault.sty
/usr/share/texmf/tex/latex/beamer/themes/font/beamerfontthemestructurebold.sty
/usr/share/texmf/tex/latex/beamer/themes/font/beamerfontthemestructuresmallcapsserif.sty
/usr/share/texmf/tex/latex/beamer/themes/font/beamerfontthemeprofessionalfonts.sty
/usr/share/texmf/tex/latex/beamer/themes/font/beamerfontthemeserif.sty
/usr/share/texmf/tex/latex/beamer/themes/outer/beamerouterthemesidebar.sty
/usr/share/texmf/tex/latex/beamer/themes/outer/beamerouterthemeinfolines.sty
/usr/share/texmf/tex/latex/beamer/themes/outer/beamerouterthemesmoothtree.sty
/usr/share/texmf/tex/latex/beamer/themes/outer/beamerouterthemesmoothbars.sty
/usr/share/texmf/tex/latex/beamer/themes/outer/beamerouterthemedefault.sty
/usr/share/texmf/tex/latex/beamer/themes/outer/beamerouterthemesplit.sty
/usr/share/texmf/tex/latex/beamer/themes/outer/beamerouterthemeshadow.sty
/usr/share/texmf/tex/latex/beamer/themes/outer/beamerouterthememiniframes.sty
/usr/share/texmf/tex/latex/beamer/themes/outer/beamerouterthemetree.sty
/usr/share/texmf/tex/latex/beamer/themes/theme/beamerthemeSzeged.sty
/usr/share/texmf/tex/latex/beamer/themes/theme/beamerthemePaloAlto.sty
/usr/share/texmf/tex/latex/beamer/themes/theme/beamerthemeBerkeley.sty
/usr/share/texmf/tex/latex/beamer/themes/theme/beamerthemeRochester.sty
/usr/share/texmf/tex/latex/beamer/themes/theme/beamerthemeBoadilla.sty
/usr/share/texmf/tex/latex/beamer/themes/theme/beamerthemeLuebeck.sty
/usr/share/texmf/tex/latex/beamer/themes/theme/beamerthemeDarmstadt.sty
/usr/share/texmf/tex/latex/beamer/themes/theme/beamerthemeDresden.sty
/usr/share/texmf/tex/latex/beamer/themes/theme/beamerthemeMalmoe.sty
/usr/share/texmf/tex/latex/beamer/themes/theme/beamerthemeBergen.sty
/usr/share/texmf/tex/latex/beamer/themes/theme/beamerthemeCopenhagen.sty
/usr/share/texmf/tex/latex/beamer/themes/theme/beamerthemeAnnArbor.sty
/usr/share/texmf/tex/latex/beamer/themes/theme/beamerthemeBerlin.sty
/usr/share/texmf/tex/latex/beamer/themes/theme/beamerthemeboxes.sty
/usr/share/texmf/tex/latex/beamer/themes/theme/beamerthemeIlmenau.sty
/usr/share/texmf/tex/latex/beamer/themes/theme/beamerthemePittsburgh.sty
/usr/share/texmf/tex/latex/beamer/themes/theme/beamerthemeCambridgeUS.sty
/usr/share/texmf/tex/latex/beamer/themes/theme/beamerthemeWarsaw.sty
/usr/share/texmf/tex/latex/beamer/themes/theme/beamerthemeMarburg.sty
/usr/share/texmf/tex/latex/beamer/themes/theme/beamerthemeGoettingen.sty
/usr/share/texmf/tex/latex/beamer/themes/theme/beamerthemeMontpellier.sty
/usr/share/texmf/tex/latex/beamer/themes/theme/beamerthemeJuanLesPins.sty
/usr/share/texmf/tex/latex/beamer/themes/theme/beamerthemeHannover.sty
/usr/share/texmf/tex/latex/beamer/themes/theme/beamerthemeSingapore.sty
/usr/share/texmf/tex/latex/beamer/themes/theme/beamerthemeFrankfurt.sty
/usr/share/texmf/tex/latex/beamer/themes/theme/beamerthemeAntibes.sty
/usr/share/texmf/tex/latex/beamer/themes/theme/beamerthemedefault.sty
/usr/share/texmf/tex/latex/beamer/themes/theme/beamerthemeMadrid.sty
/usr/share/texmf/tex/latex/beamer/themes/theme/compatibility/beamerthemelined.sty
/usr/share/texmf/tex/latex/beamer/themes/theme/compatibility/beamerthemetree.sty
/usr/share/texmf/tex/latex/beamer/themes/theme/compatibility/beamerthemesplit.sty
/usr/share/texmf/tex/latex/beamer/themes/theme/compatibility/beamerthemeplain.sty
/usr/share/texmf/tex/latex/beamer/themes/theme/compatibility/beamerthemebars.sty
/usr/share/texmf/tex/latex/beamer/themes/theme/compatibility/beamerthemeshadow.sty
/usr/share/texmf/tex/latex/beamer/themes/theme/compatibility/beamerthemecompatibility.sty
/usr/share/texmf/tex/latex/beamer/themes/theme/compatibility/beamerthemesidebar.sty
/usr/share/texmf/tex/latex/beamer/themes/theme/compatibility/beamerthemeclassic.sty
/usr/share/texmf/tex/latex/beamer/base/beamerbasearticle.sty
/usr/share/texmf/tex/latex/beamer/base/beamerbaseexercise.sty
/usr/share/texmf/tex/latex/beamer/base/beamerbasetoc.sty
/usr/share/texmf/tex/latex/beamer/base/beamerarticle.sty
/usr/share/texmf/tex/latex/beamer/base/beamerbaseframesize.sty
/usr/share/texmf/tex/latex/beamer/base/beamerbasethemes.sty
/usr/share/texmf/tex/latex/beamer/base/beamerbaseauxtemplates.sty
/usr/share/texmf/tex/latex/beamer/base/beamerbasemodes.sty
/usr/share/texmf/tex/latex/beamer/base/beamerbasenotes.sty
/usr/share/texmf/tex/latex/beamer/base/beamerbasefont.sty
/usr/share/texmf/tex/latex/beamer/base/beamerbasedecode.sty
/usr/share/texmf/tex/latex/beamer/base/beamerbaseframe.sty
/usr/share/texmf/tex/latex/beamer/base/beamerbasecompatibility.sty
/usr/share/texmf/tex/latex/beamer/base/beamerbaseoptions.sty
/usr/share/texmf/tex/latex/beamer/base/beamerbasetheorems.sty
/usr/share/texmf/tex/latex/beamer/base/beamerbasetwoscreens.sty
/usr/share/texmf/tex/latex/beamer/base/beamerbasemisc.sty
/usr/share/texmf/tex/latex/beamer/base/beamerbaseboxes.sty
/usr/share/texmf/tex/latex/beamer/base/beamerbaseframecomponents.sty
/usr/share/texmf/tex/latex/beamer/base/beamerbasenavigation.sty
/usr/share/texmf/tex/latex/beamer/base/beamerbaseoverlay.sty
/usr/share/texmf/tex/latex/beamer/base/beamerbaselocalstructure.sty
/usr/share/texmf/tex/latex/beamer/base/beamerbasetitle.sty
/usr/share/texmf/tex/latex/beamer/base/beamerbasecolor.sty
/usr/share/texmf/tex/latex/beamer/base/beamerbaseverbatim.sty
/usr/share/texmf/tex/latex/beamer/base/beamerbasetemplates.sty
/usr/share/texmf/tex/latex/beamer/base/beamerbasercs.sty
/usr/share/texmf/tex/latex/beamer/base/beamerbasesection.sty
/usr/share/texmf/tex/latex/beamer/emulation/beamerfoils.sty
/usr/share/texmf/tex/latex/beamer/emulation/beamerprosper.sty
/usr/share/texmf/tex/latex/beamer/emulation/beamertexpower.sty
/usr/share/texmf/tex/latex/beamer/emulation/beamerseminar.sty
/usr/share/texmf/tex/latex/context/m-ch-nl.sty
/usr/share/texmf/tex/latex/context/m-ch-de.sty
/usr/share/texmf/tex/latex/context/m-pictex.sty
/usr/share/texmf/tex/latex/context/m-ch-en.sty
/usr/share/texmf/tex/latex/context/m-metapo.sty
/usr/share/texmf/tex/latex/preview/preview.sty
/usr/share/texmf/tex/generic/tex4ht/tex4ht.sty
/usr/share/texmf-texlive/tex/latex/undertilde/undertilde.sty
/usr/share/texmf-texlive/tex/latex/pst-labo/pst-labo.sty
/usr/share/texmf-texlive/tex/latex/ncctools/nccbbb.sty
/usr/share/texmf-texlive/tex/latex/ncctools/nccmath.sty
/usr/share/texmf-texlive/tex/latex/ncctools/ncccropmark.sty
/usr/share/texmf-texlive/tex/latex/ncctools/nccthm.sty
/usr/share/texmf-texlive/tex/latex/ncctools/nccparskip.sty
/usr/share/texmf-texlive/tex/latex/ncctools/nccrules.sty
/usr/share/texmf-texlive/tex/latex/ncctools/nccfoots.sty
/usr/share/texmf-texlive/tex/latex/ncctools/mboxfill.sty
/usr/share/texmf-texlive/tex/latex/ncctools/watermark.sty
/usr/share/texmf-texlive/tex/latex/ncctools/nccfancyhdr.sty
/usr/share/texmf-texlive/tex/latex/ncctools/nccsect.sty
/usr/share/texmf-texlive/tex/latex/ncctools/extdash.sty
/usr/share/texmf-texlive/tex/latex/ncctools/tocenter.sty
/usr/share/texmf-texlive/tex/latex/ncctools/afterpackage.sty
/usr/share/texmf-texlive/tex/latex/ncctools/nccboxes.sty
/usr/share/texmf-texlive/tex/latex/ncctools/ncccropbox.sty
/usr/share/texmf-texlive/tex/latex/ncctools/nccfloats.sty
/usr/share/texmf-texlive/tex/latex/ncctools/dcounter.sty
/usr/share/texmf-texlive/tex/latex/ncctools/ncccomma.sty
/usr/share/texmf-texlive/tex/latex/ncctools/textarea.sty
/usr/share/texmf-texlive/tex/latex/ncctools/manyfoot.sty
/usr/share/texmf-texlive/tex/latex/ncctools/nccpic.sty
/usr/share/texmf-texlive/tex/latex/ncctools/nccstretch.sty
/usr/share/texmf-texlive/tex/latex/ncctools/topsection.sty
/usr/share/texmf-texlive/tex/latex/ncctools/desclist.sty
/usr/share/texmf-texlive/tex/latex/diagnose/diagnose.sty
/usr/share/texmf-texlive/tex/latex/vrsion/vrsion.sty
/usr/share/texmf-texlive/tex/latex/maybemath/maybemath.sty
/usr/share/texmf-texlive/tex/latex/sparklines/sparklines.sty
/usr/share/texmf-texlive/tex/latex/prelim2e/prelim2e.sty
/usr/share/texmf-texlive/tex/latex/opcit/opcit.sty
/usr/share/texmf-texlive/tex/latex/listings/lstlang3.sty
/usr/share/texmf-texlive/tex/latex/listings/lstlang1.sty
/usr/share/texmf-texlive/tex/latex/listings/lstpatch.sty
/usr/share/texmf-texlive/tex/latex/listings/lstdoc.sty
/usr/share/texmf-texlive/tex/latex/listings/lstmisc.sty
/usr/share/texmf-texlive/tex/latex/listings/lstlang2.sty
/usr/share/texmf-texlive/tex/latex/listings/listings.sty
/usr/share/texmf-texlive/tex/latex/labels/labels.sty
/usr/share/texmf-texlive/tex/latex/labels/olabels.sty
/usr/share/texmf-texlive/tex/latex/dramatist/dramatist.sty
/usr/share/texmf-texlive/tex/latex/oxford/oxford.sty
/usr/share/texmf-texlive/tex/latex/twoup/twoup.sty
/usr/share/texmf-texlive/tex/latex/pdfscreen/pdfscreen.sty
/usr/share/texmf-texlive/tex/latex/fancyhdr/extramarks.sty
/usr/share/texmf-texlive/tex/latex/fancyhdr/fancyheadings.sty
/usr/share/texmf-texlive/tex/latex/fancyhdr/fancyhdr.sty
/usr/share/texmf-texlive/tex/latex/manfnt/manfnt.sty
/usr/share/texmf-texlive/tex/latex/plates/plates.sty
/usr/share/texmf-texlive/tex/latex/plates/endplate.sty
/usr/share/texmf-texlive/tex/latex/jneurosci/jneurosci.sty
/usr/share/texmf-texlive/tex/latex/eqparbox/eqparbox.sty
/usr/share/texmf-texlive/tex/latex/flagderiv/flagderiv.sty
/usr/share/texmf-texlive/tex/latex/multirow/multirow.sty
/usr/share/texmf-texlive/tex/latex/multirow/bigdelim.sty
/usr/share/texmf-texlive/tex/latex/multirow/bigstrut.sty
/usr/share/texmf-texlive/tex/latex/ulsy/ulsy.sty
/usr/share/texmf-texlive/tex/latex/mdwtools/mdwtab.sty
/usr/share/texmf-texlive/tex/latex/mdwtools/mdwmath.sty
/usr/share/texmf-texlive/tex/latex/mdwtools/mathenv.sty
/usr/share/texmf-texlive/tex/latex/mdwtools/syntax.sty
/usr/share/texmf-texlive/tex/latex/mdwtools/doafter.sty
/usr/share/texmf-texlive/tex/latex/mdwtools/sverb.sty
/usr/share/texmf-texlive/tex/latex/mdwtools/mdwlist.sty
/usr/share/texmf-texlive/tex/latex/mdwtools/at.sty
/usr/share/texmf-texlive/tex/latex/mdwtools/footnote.sty
/usr/share/texmf-texlive/tex/latex/mdwtools/cmtt.sty
/usr/share/texmf-texlive/tex/latex/xtcapts/xt_capts.sty
/usr/share/texmf-texlive/tex/latex/pst-slpe/pst-slpe.sty
/usr/share/texmf-texlive/tex/latex/yplan/yplan.sty
/usr/share/texmf-texlive/tex/latex/pst-eucl/euclide.sty
/usr/share/texmf-texlive/tex/latex/pst-eucl/pst-eucl.sty
/usr/share/texmf-texlive/tex/latex/csvtools/csvtools.sty
/usr/share/texmf-texlive/tex/latex/minitoc/mtcmess.sty
/usr/share/texmf-texlive/tex/latex/minitoc/mtcoff.sty
/usr/share/texmf-texlive/tex/latex/minitoc/mtcpatchmem.sty
/usr/share/texmf-texlive/tex/latex/minitoc/minitoc.sty
/usr/share/texmf-texlive/tex/latex/isodate/isodateo.sty
/usr/share/texmf-texlive/tex/latex/isodate/isodate.sty
/usr/share/texmf-texlive/tex/latex/esdiff/esdiff.sty
/usr/share/texmf-texlive/tex/latex/vmargin/vmargin.sty
/usr/share/texmf-texlive/tex/latex/everypage/everypage.sty
/usr/share/texmf-texlive/tex/latex/extract/extract.sty
/usr/share/texmf-texlive/tex/latex/smartref/smartref.sty
/usr/share/texmf-texlive/tex/latex/smartref/byname.sty
/usr/share/texmf-texlive/tex/latex/breqn/breqn.sty
/usr/share/texmf-texlive/tex/latex/breqn/mathstyle.sty
/usr/share/texmf-texlive/tex/latex/breqn/flexisym.sty
/usr/share/texmf-texlive/tex/latex/pst-eps/pst-eps.sty
/usr/share/texmf-texlive/tex/latex/hyper/hxt-bc.sty
/usr/share/texmf-texlive/tex/latex/hyper/hyper.sty
/usr/share/texmf-texlive/tex/latex/qsymbols/qsymbols.sty
/usr/share/texmf-texlive/tex/latex/svn/svn.sty
/usr/share/texmf-texlive/tex/latex/bibtopic/bibtopic.sty
/usr/share/texmf-texlive/tex/latex/textcase/textcase.sty
/usr/share/texmf-texlive/tex/latex/eurofont/eurofont.sty
/usr/share/texmf-texlive/tex/latex/eurofont/europs.sty
/usr/share/texmf-texlive/tex/latex/euro/euro.sty
/usr/share/texmf-texlive/tex/latex/moderncv/moderncvstylecasual.sty
/usr/share/texmf-texlive/tex/latex/moderncv/moderncvstyleclassic.sty
/usr/share/texmf-texlive/tex/latex/moderncv/moderncvcompatibility.sty
/usr/share/texmf-texlive/tex/latex/moderncv/moderncvstyleempty.sty
/usr/share/texmf-texlive/tex/latex/titling/titling.sty
/usr/share/texmf-texlive/tex/latex/newvbtm/varvbtm.sty
/usr/share/texmf-texlive/tex/latex/newvbtm/newvbtm.sty
/usr/share/texmf-texlive/tex/latex/footbib/footbib.sty
/usr/share/texmf-texlive/tex/latex/blindtext/blindtext.sty
/usr/share/texmf-texlive/tex/latex/eqlist/eqlist.sty
/usr/share/texmf-texlive/tex/latex/marginnote/marginnote.sty
/usr/share/texmf-texlive/tex/latex/pbox/pbox.sty
/usr/share/texmf-texlive/tex/latex/xdoc/docidx2e.sty
/usr/share/texmf-texlive/tex/latex/xdoc/xdoc2.sty
/usr/share/texmf-texlive/tex/latex/xdoc/docindex.sty
/usr/share/texmf-texlive/tex/latex/rotating/rotating.sty
/usr/share/texmf-texlive/tex/latex/colortbl/colortbl.sty
/usr/share/texmf-texlive/tex/latex/logpap/logpap.sty
/usr/share/texmf-texlive/tex/latex/export/export.sty
/usr/share/texmf-texlive/tex/latex/export/dvipaste.sty
/usr/share/texmf-texlive/tex/latex/pspicture/pspicture.sty
/usr/share/texmf-texlive/tex/latex/outliner/outliner.sty
/usr/share/texmf-texlive/tex/latex/sectionbox/sectionbox.sty
/usr/share/texmf-texlive/tex/latex/epigraph/epigraph.sty
/usr/share/texmf-texlive/tex/latex/seminar/sem-a4.sty
/usr/share/texmf-texlive/tex/latex/seminar/semcolor.sty
/usr/share/texmf-texlive/tex/latex/seminar/semlayer.sty
/usr/share/texmf-texlive/tex/latex/seminar/sem-page.sty
/usr/share/texmf-texlive/tex/latex/seminar/semlcmss.sty
/usr/share/texmf-texlive/tex/latex/seminar/slidesec.sty
/usr/share/texmf-texlive/tex/latex/seminar/xcomment.sty
/usr/share/texmf-texlive/tex/latex/seminar/semrot.sty
/usr/share/texmf-texlive/tex/latex/seminar/seminar.sty
/usr/share/texmf-texlive/tex/latex/seminar/2up.sty
/usr/share/texmf-texlive/tex/latex/seminar/semhelv.sty
/usr/share/texmf-texlive/tex/latex/seminar/fancybox.sty
/usr/share/texmf-texlive/tex/latex/seminar/npsfont.sty
/usr/share/texmf-texlive/tex/latex/codepage/codepage.sty
/usr/share/texmf-texlive/tex/latex/footnpag/footnpag.sty
/usr/share/texmf-texlive/tex/latex/fancynum/fancynum.sty
/usr/share/texmf-texlive/tex/latex/dottex/dottex.sty
/usr/share/texmf-texlive/tex/latex/moresize/moresize.sty
/usr/share/texmf-texlive/tex/latex/captcont/captcont.sty
/usr/share/texmf-texlive/tex/latex/lipsum/lipsum.sty
/usr/share/texmf-texlive/tex/latex/oldstyle/oldstyle.sty
/usr/share/texmf-texlive/tex/latex/multenum/multienum.sty
/usr/share/texmf-texlive/tex/latex/tocbibind/tocbibind.sty
/usr/share/texmf-texlive/tex/latex/makeglos/makeglos.sty
/usr/share/texmf-texlive/tex/latex/xyling/xyling.sty
/usr/share/texmf-texlive/tex/latex/nag/nag.sty
/usr/share/texmf-texlive/tex/latex/mla-paper/mla.sty
/usr/share/texmf-texlive/tex/latex/pst-vue3d/pst-vue3d.sty
/usr/share/texmf-texlive/tex/latex/rcsinfo/rcsinfo.sty
/usr/share/texmf-texlive/tex/latex/draftcopy/draftcopy.sty
/usr/share/texmf-texlive/tex/latex/eqname/eqname.sty
/usr/share/texmf-texlive/tex/latex/circ/circ.sty
/usr/share/texmf-texlive/tex/latex/ushort/ushort.sty
/usr/share/texmf-texlive/tex/latex/lastpage/lastpage.sty
/usr/share/texmf-texlive/tex/latex/xfrac/xfrac.sty
/usr/share/texmf-texlive/tex/latex/kalender/kalender.sty
/usr/share/texmf-texlive/tex/latex/boxhandler/boxhandler.sty
/usr/share/texmf-texlive/tex/latex/HA-prosper/HA-prosper.sty
/usr/share/texmf-texlive/tex/latex/HA-prosper/Styles/Tycja/HAPTycja.sty
/usr/share/texmf-texlive/tex/latex/HA-prosper/Styles/Fyma/HAPFyma.sty
/usr/share/texmf-texlive/tex/latex/HA-prosper/Styles/Simple/HAPsimple.sty
/usr/share/texmf-texlive/tex/latex/HA-prosper/Styles/Capsules/HAPcapsules.sty
/usr/share/texmf-texlive/tex/latex/HA-prosper/Styles/Ciment/HAPciment.sty
/usr/share/texmf-texlive/tex/latex/HA-prosper/Styles/Aggie/HAPAggie.sty
/usr/share/texmf-texlive/tex/latex/HA-prosper/Styles/HA/HAPHA.sty
/usr/share/texmf-texlive/tex/latex/HA-prosper/Styles/Lakar/HAPLakar.sty
/usr/share/texmf-texlive/tex/latex/HA-prosper/Styles/TCS/HAPTCS.sty
/usr/share/texmf-texlive/tex/latex/HA-prosper/Styles/TCS/HAPTCSTealBlue.sty
/usr/share/texmf-texlive/tex/latex/HA-prosper/Styles/TCS/HAPTCSgrad.sty
/usr/share/texmf-texlive/tex/latex/eqnarray/eqnarray.sty
/usr/share/texmf-texlive/tex/latex/txfonts/txfonts.sty
/usr/share/texmf-texlive/tex/latex/pst-fill/pst-fill.sty
/usr/share/texmf-texlive/tex/latex/isorot/isorot.sty
/usr/share/texmf-texlive/tex/latex/svninfo/svninfo.sty
/usr/share/texmf-texlive/tex/latex/ltabptch/ltabptch.sty
/usr/share/texmf-texlive/tex/latex/setspace/setspace.sty
/usr/share/texmf-texlive/tex/latex/pst-text/pst-text.sty
/usr/share/texmf-texlive/tex/latex/euler/euler.sty
/usr/share/texmf-texlive/tex/latex/savesym/savesym.sty
/usr/share/texmf-texlive/tex/latex/fontinst/fontdoc.sty
/usr/share/texmf-texlive/tex/latex/fmp/fmp.sty
/usr/share/texmf-texlive/tex/latex/parallel/parallel.sty
/usr/share/texmf-texlive/tex/latex/typogrid/typogrid.sty
/usr/share/texmf-texlive/tex/latex/pst-light3d/pst-light3d.sty
/usr/share/texmf-texlive/tex/latex/makeplot/makeplot.sty
/usr/share/texmf-texlive/tex/latex/faktor/faktor.sty
/usr/share/texmf-texlive/tex/latex/footmisc/footmisc.sty
/usr/share/texmf-texlive/tex/latex/warpcol/warpcol.sty
/usr/share/texmf-texlive/tex/latex/datenumber/datenumber.sty
/usr/share/texmf-texlive/tex/latex/em/em.sty
/usr/share/texmf-texlive/tex/latex/filecontents/filecontents.sty
/usr/share/texmf-texlive/tex/latex/calendar/autofilo.sty
/usr/share/texmf-texlive/tex/latex/calendar/dates.sty
/usr/share/texmf-texlive/tex/latex/calendar/monthly.sty
/usr/share/texmf-texlive/tex/latex/calendar/timesht.sty
/usr/share/texmf-texlive/tex/latex/calendar/hmonth.sty
/usr/share/texmf-texlive/tex/latex/calendar/overword.sty
/usr/share/texmf-texlive/tex/latex/calendar/calendar.sty
/usr/share/texmf-texlive/tex/latex/calendar/hpplotsz.sty
/usr/share/texmf-texlive/tex/latex/calendar/yearly.sty
/usr/share/texmf-texlive/tex/latex/calendar/timetabl.sty
/usr/share/texmf-texlive/tex/latex/calendar/hml.sty
/usr/share/texmf-texlive/tex/latex/calendar/evntlist.sty
/usr/share/texmf-texlive/tex/latex/calendar/margins.sty
/usr/share/texmf-texlive/tex/latex/calendar/hlist.sty
/usr/share/texmf-texlive/tex/latex/dashrule/dashrule.sty
/usr/share/texmf-texlive/tex/latex/cmdtrack/cmdtrack.sty
/usr/share/texmf-texlive/tex/latex/marvosym/marvosym.sty
/usr/share/texmf-texlive/tex/latex/everyshi/everyshi.sty
/usr/share/texmf-texlive/tex/latex/mtgreek/mtgreek.sty
/usr/share/texmf-texlive/tex/latex/lewis/lewis.sty
/usr/share/texmf-texlive/tex/latex/mparhack/mparhack.sty
/usr/share/texmf-texlive/tex/latex/datetime/datetime.sty
/usr/share/texmf-texlive/tex/latex/msg/msg.sty
/usr/share/texmf-texlive/tex/latex/layouts/layouts.sty
/usr/share/texmf-texlive/tex/latex/gmiflink/gmiflink.sty
/usr/share/texmf-texlive/tex/latex/tensor/tensor.sty
/usr/share/texmf-texlive/tex/latex/mslapa/mslapa.sty
/usr/share/texmf-texlive/tex/latex/bibarts/bibarts.sty
/usr/share/texmf-texlive/tex/latex/arcs/arcs.sty
/usr/share/texmf-texlive/tex/latex/xkeyval/xkvltxp.sty
/usr/share/texmf-texlive/tex/latex/xkeyval/pst-xkey.sty
/usr/share/texmf-texlive/tex/latex/xkeyval/xkeyval.sty
/usr/share/texmf-texlive/tex/latex/xkeyval/xkvview.sty
/usr/share/texmf-texlive/tex/latex/acronym/acronym.sty
/usr/share/texmf-texlive/tex/latex/paralist/paralist.sty
/usr/share/texmf-texlive/tex/latex/pst-blur/pst-blur.sty
/usr/share/texmf-texlive/tex/latex/multicap/multicap.sty
/usr/share/texmf-texlive/tex/latex/pst-func/pst-func.sty
/usr/share/texmf-texlive/tex/latex/bibunits/bibunits.sty
/usr/share/texmf-texlive/tex/latex/pst-ghsb/pst-ghsb.sty
/usr/share/texmf-texlive/tex/latex/csquotes/csquotes.sty
/usr/share/texmf-texlive/tex/latex/subfloat/subfloat.sty
/usr/share/texmf-texlive/tex/latex/extpfeil/extpfeil.sty
/usr/share/texmf-texlive/tex/latex/examplep/examplep.sty
/usr/share/texmf-texlive/tex/latex/examplep/verbfwr.sty
/usr/share/texmf-texlive/tex/latex/examplep/codep.sty
/usr/share/texmf-texlive/tex/latex/shadethm/shadethm.sty
/usr/share/texmf-texlive/tex/latex/mcite/mcite.sty
/usr/share/texmf-texlive/tex/latex/statistik/statistik.sty
/usr/share/texmf-texlive/tex/latex/pst-uml/pst-uml.sty
/usr/share/texmf-texlive/tex/latex/snapshot/snapshot.sty
/usr/share/texmf-texlive/tex/latex/showexpl/showexpl.sty
/usr/share/texmf-texlive/tex/latex/bophook/bophook.sty
/usr/share/texmf-texlive/tex/latex/pst-bar/pst-bar.sty
/usr/share/texmf-texlive/tex/latex/srcltx/srcltx.sty
/usr/share/texmf-texlive/tex/latex/srcltx/srctex.sty
/usr/share/texmf-texlive/tex/latex/papercdcase/papercdcase.sty
/usr/share/texmf-texlive/tex/latex/lsc/lsc.sty
/usr/share/texmf-texlive/tex/latex/ginpenc/ginpenc.sty
/usr/share/texmf-texlive/tex/latex/inlinebib/inlinebib.sty
/usr/share/texmf-texlive/tex/latex/inlinebib/pageranges.sty
/usr/share/texmf-texlive/tex/latex/register/register.sty
/usr/share/texmf-texlive/tex/latex/shortlst/shortlst.sty
/usr/share/texmf-texlive/tex/latex/flippdf/flippdf.sty
/usr/share/texmf-texlive/tex/latex/modroman/modroman.sty
/usr/share/texmf-texlive/tex/latex/hyperref/backref.sty
/usr/share/texmf-texlive/tex/latex/hyperref/hyperref.sty
/usr/share/texmf-texlive/tex/latex/hyperref/xr-hyper.sty
/usr/share/texmf-texlive/tex/latex/hyperref/nameref.sty
/usr/share/texmf-texlive/tex/latex/hyperref/minitoc-hyper.sty
/usr/share/texmf-texlive/tex/latex/hyperref/ntheorem-hyper.sty
/usr/share/texmf-texlive/tex/latex/hyperref/nohyperref.sty
/usr/share/texmf-texlive/tex/latex/compactbib/compactbib.sty
/usr/share/texmf-texlive/tex/latex/carlisle/comma.sty
/usr/share/texmf-texlive/tex/latex/carlisle/typehtml.sty
/usr/share/texmf-texlive/tex/latex/carlisle/slashed.sty
/usr/share/texmf-texlive/tex/latex/carlisle/dotlessj.sty
/usr/share/texmf-texlive/tex/latex/carlisle/remreset.sty
/usr/share/texmf-texlive/tex/latex/carlisle/ltxtable.sty
/usr/share/texmf-texlive/tex/latex/carlisle/plain.sty
/usr/share/texmf-texlive/tex/latex/carlisle/nopageno.sty
/usr/share/texmf-texlive/tex/latex/carlisle/fix2col.sty
/usr/share/texmf-texlive/tex/latex/carlisle/scalefnt.sty
/usr/share/texmf-texlive/tex/latex/carlisle/blkarray.sty
/usr/share/texmf-texlive/tex/latex/oberdiek/tabularkv.sty
/usr/share/texmf-texlive/tex/latex/oberdiek/zref-hyperref.sty
/usr/share/texmf-texlive/tex/latex/oberdiek/centernot.sty
/usr/share/texmf-texlive/tex/latex/oberdiek/zref.sty
/usr/share/texmf-texlive/tex/latex/oberdiek/zref-titleref.sty
/usr/share/texmf-texlive/tex/latex/oberdiek/zref-totpages.sty
/usr/share/texmf-texlive/tex/latex/oberdiek/auxhook.sty
/usr/share/texmf-texlive/tex/latex/oberdiek/twoopt.sty
/usr/share/texmf-texlive/tex/latex/oberdiek/holtxdoc.sty
/usr/share/texmf-texlive/tex/latex/oberdiek/hypdestopt.sty
/usr/share/texmf-texlive/tex/latex/oberdiek/zref-lastpage.sty
/usr/share/texmf-texlive/tex/latex/oberdiek/zref-counter.sty
/usr/share/texmf-texlive/tex/latex/oberdiek/epstopdf.sty
/usr/share/texmf-texlive/tex/latex/oberdiek/refcount.sty
/usr/share/texmf-texlive/tex/latex/oberdiek/hypbmsec.sty
/usr/share/texmf-texlive/tex/latex/oberdiek/aliascnt.sty
/usr/share/texmf-texlive/tex/latex/oberdiek/zref-base.sty
/usr/share/texmf-texlive/tex/latex/oberdiek/stackrel.sty
/usr/share/texmf-texlive/tex/latex/oberdiek/attachfile2.sty
/usr/share/texmf-texlive/tex/latex/oberdiek/inputenx.sty
/usr/share/texmf-texlive/tex/latex/oberdiek/grffile.sty
/usr/share/texmf-texlive/tex/latex/oberdiek/hypcap.sty
/usr/share/texmf-texlive/tex/latex/oberdiek/dtx-attach.sty
/usr/share/texmf-texlive/tex/latex/oberdiek/colonequals.sty
/usr/share/texmf-texlive/tex/latex/oberdiek/zref-abspage.sty
/usr/share/texmf-texlive/tex/latex/oberdiek/zref-xr.sty
/usr/share/texmf-texlive/tex/latex/oberdiek/zref-dotfill.sty
/usr/share/texmf-texlive/tex/latex/oberdiek/bmpsize-base.sty
/usr/share/texmf-texlive/tex/latex/oberdiek/zref-user.sty
/usr/share/texmf-texlive/tex/latex/oberdiek/makerobust.sty
/usr/share/texmf-texlive/tex/latex/oberdiek/zref-savepos.sty
/usr/share/texmf-texlive/tex/latex/oberdiek/zref-perpage.sty
/usr/share/texmf-texlive/tex/latex/oberdiek/hypdoc.sty
/usr/share/texmf-texlive/tex/latex/oberdiek/pdfcolmk.sty
/usr/share/texmf-texlive/tex/latex/oberdiek/pmboxdraw.sty
/usr/share/texmf-texlive/tex/latex/oberdiek/kvoptions.sty
/usr/share/texmf-texlive/tex/latex/oberdiek/dvipscol.sty
/usr/share/texmf-texlive/tex/latex/oberdiek/transparent.sty
/usr/share/texmf-texlive/tex/latex/oberdiek/classlist.sty
/usr/share/texmf-texlive/tex/latex/oberdiek/settobox.sty
/usr/share/texmf-texlive/tex/latex/oberdiek/ifdraft.sty
/usr/share/texmf-texlive/tex/latex/oberdiek/tabularht.sty
/usr/share/texmf-texlive/tex/latex/oberdiek/bmpsize.sty
/usr/share/texmf-texlive/tex/latex/oberdiek/pagesel.sty
/usr/share/texmf-texlive/tex/latex/oberdiek/embedfile.sty
/usr/share/texmf-texlive/tex/latex/oberdiek/pdflscape.sty
/usr/share/texmf-texlive/tex/latex/oberdiek/pdfcolfoot.sty
/usr/share/texmf-texlive/tex/latex/oberdiek/chemarr.sty
/usr/share/texmf-texlive/tex/latex/oberdiek/picture.sty
/usr/share/texmf-texlive/tex/latex/expdlist/expdlist.sty
/usr/share/texmf-texlive/tex/latex/floatrow/listpen.sty
/usr/share/texmf-texlive/tex/latex/floatrow/floatrow.sty
/usr/share/texmf-texlive/tex/latex/floatrow/floatpagestyle.sty
/usr/share/texmf-texlive/tex/latex/floatrow/fr-fancy.sty
/usr/share/texmf-texlive/tex/latex/ticket/ticket.sty
/usr/share/texmf-texlive/tex/latex/casyl/casyltex.sty
/usr/share/texmf-texlive/tex/latex/cwpuzzle/cwpuzzle.sty
/usr/share/texmf-texlive/tex/latex/makedtx/creatdtx.sty
/usr/share/texmf-texlive/tex/latex/multibbl/multibbl.sty
/usr/share/texmf-texlive/tex/latex/subeqnarray/subeqnarray.sty
/usr/share/texmf-texlive/tex/latex/polytable/polytable.sty
/usr/share/texmf-texlive/tex/latex/paper/paper.sty
/usr/share/texmf-texlive/tex/latex/paper/journal.sty
/usr/share/texmf-texlive/tex/latex/leftidx/leftidx.sty
/usr/share/texmf-texlive/tex/latex/ltablex/ltablex.sty
/usr/share/texmf-texlive/tex/latex/upquote/upquote.sty
/usr/share/texmf-texlive/tex/latex/breakurl/breakurl.sty
/usr/share/texmf-texlive/tex/latex/volumes/volumes.sty
/usr/share/texmf-texlive/tex/latex/volumes/nowtoaux.sty
/usr/share/texmf-texlive/tex/latex/limap/limap.sty
/usr/share/texmf-texlive/tex/latex/rccol/rccol.sty
/usr/share/texmf-texlive/tex/latex/prettyref/prettyref.sty
/usr/share/texmf-texlive/tex/latex/ednotes/mfparptc.sty
/usr/share/texmf-texlive/tex/latex/ednotes/mfparxsp.sty
/usr/share/texmf-texlive/tex/latex/ednotes/ednotes.sty
/usr/share/texmf-texlive/tex/latex/ednotes/lblchng1.sty
/usr/share/texmf-texlive/tex/latex/ednotes/edcntwd0.sty
/usr/share/texmf-texlive/tex/latex/pst-circ/pst-circ.sty
/usr/share/texmf-texlive/tex/latex/vpe/vpe.sty
/usr/share/texmf-texlive/tex/latex/iso10303/irv12.sty
/usr/share/texmf-texlive/tex/latex/iso10303/stepv13.sty
/usr/share/texmf-texlive/tex/latex/iso10303/aicv1.sty
/usr/share/texmf-texlive/tex/latex/iso10303/atsv11.sty
/usr/share/texmf-texlive/tex/latex/iso10303/apv12.sty
/usr/share/texmf-texlive/tex/latex/coordsys/coordsys.sty
/usr/share/texmf-texlive/tex/latex/coordsys/logsys.sty
/usr/share/texmf-texlive/tex/latex/contour/contour.sty
/usr/share/texmf-texlive/tex/latex/preprint/balance.sty
/usr/share/texmf-texlive/tex/latex/preprint/fullpage.sty
/usr/share/texmf-texlive/tex/latex/preprint/sublabel.sty
/usr/share/texmf-texlive/tex/latex/preprint/figcaps.sty
/usr/share/texmf-texlive/tex/latex/preprint/authblk.sty
/usr/share/texmf-texlive/tex/latex/pst-osci/pst-osci.sty
/usr/share/texmf-texlive/tex/latex/varindex/varindex.sty
/usr/share/texmf-texlive/tex/latex/deleq/deleq.sty
/usr/share/texmf-texlive/tex/latex/cuisine/cuisine.sty
/usr/share/texmf-texlive/tex/latex/everysel/everysel.sty
/usr/share/texmf-texlive/tex/latex/onlyamsmath/onlyamsmath.sty
/usr/share/texmf-texlive/tex/latex/lcg/lcg.sty
/usr/share/texmf-texlive/tex/latex/vector/vector.sty
/usr/share/texmf-texlive/tex/latex/GuIT/guit.sty
/usr/share/texmf-texlive/tex/latex/parrun/parrun.sty
/usr/share/texmf-texlive/tex/latex/envlab/envlab.sty
/usr/share/texmf-texlive/tex/latex/gloss/gloss.sty
/usr/share/texmf-texlive/tex/latex/mhequ/mhequ.sty
/usr/share/texmf-texlive/tex/latex/ecltree/eclbip.sty
/usr/share/texmf-texlive/tex/latex/ecltree/ecltree.sty
/usr/share/texmf-texlive/tex/latex/mailing/mailing.sty
/usr/share/texmf-texlive/tex/latex/proba/proba.sty
/usr/share/texmf-texlive/tex/latex/splitbib/splitbib.sty
/usr/share/texmf-texlive/tex/latex/makebox/makebox.sty
/usr/share/texmf-texlive/tex/latex/pst-dbicons/pst-dbicons.sty
/usr/share/texmf-texlive/tex/latex/yhmath/yhmath.sty
/usr/share/texmf-texlive/tex/latex/epiolmec/epiolmec.sty
/usr/share/texmf-texlive/tex/latex/texshade/texshade.sty
/usr/share/texmf-texlive/tex/latex/listbib/listbib.sty
/usr/share/texmf-texlive/tex/latex/pslatex/pslatex.sty
/usr/share/texmf-texlive/tex/latex/esint/esint.sty
/usr/share/texmf-texlive/tex/latex/bizcard/bizcard.sty
/usr/share/texmf-texlive/tex/latex/technics/technics.sty
/usr/share/texmf-texlive/tex/latex/anysize/anysize.sty
/usr/share/texmf-texlive/tex/latex/texlogos/texlogos.sty
/usr/share/texmf-texlive/tex/latex/scale/scale.sty
/usr/share/texmf-texlive/tex/latex/appendix/appendix.sty
/usr/share/texmf-texlive/tex/latex/mwrite/mwrite.sty
/usr/share/texmf-texlive/tex/latex/xytree/xytree.sty
/usr/share/texmf-texlive/tex/latex/schedule/schedule.sty
/usr/share/texmf-texlive/tex/latex/cv/CV.sty
/usr/share/texmf-texlive/tex/latex/figbib/figbib.sty
/usr/share/texmf-texlive/tex/latex/placeins/placeins.sty
/usr/share/texmf-texlive/tex/latex/pstricks-add/pstricks-add.sty
/usr/share/texmf-texlive/tex/latex/ledmac/ledmac.sty
/usr/share/texmf-texlive/tex/latex/ledmac/ledarab.sty
/usr/share/texmf-texlive/tex/latex/ledmac/ledparpatch.sty
/usr/share/texmf-texlive/tex/latex/ledmac/ledpar.sty
/usr/share/texmf-texlive/tex/latex/ledmac/ledpatch.sty
/usr/share/texmf-texlive/tex/latex/ledmac/afoot.sty
/usr/share/texmf-texlive/tex/latex/program/program.sty
/usr/share/texmf-texlive/tex/latex/amscls/amsrefs.sty
/usr/share/texmf-texlive/tex/latex/amscls/amsmidx.sty
/usr/share/texmf-texlive/tex/latex/amscls/amsrbeta.sty
/usr/share/texmf-texlive/tex/latex/amscls/upref.sty
/usr/share/texmf-texlive/tex/latex/amscls/rkvbeta.sty
/usr/share/texmf-texlive/tex/latex/amscls/rkeyval.sty
/usr/share/texmf-texlive/tex/latex/amscls/ifoption.sty
/usr/share/texmf-texlive/tex/latex/amscls/mathscinet.sty
/usr/share/texmf-texlive/tex/latex/amscls/textcmds.sty
/usr/share/texmf-texlive/tex/latex/amscls/amsbooka.sty
/usr/share/texmf-texlive/tex/latex/amscls/amsthm.sty
/usr/share/texmf-texlive/tex/latex/amscls/pcatcode.sty
/usr/share/texmf-texlive/tex/latex/draftwatermark/draftwatermark.sty
/usr/share/texmf-texlive/tex/latex/nomentbl/nomentbl.sty
/usr/share/texmf-texlive/tex/latex/ctable/ctable.sty
/usr/share/texmf-texlive/tex/latex/ccfonts/ccfonts.sty
/usr/share/texmf-texlive/tex/latex/tabulary/tabulary.sty
/usr/share/texmf-texlive/tex/latex/dpfloat/dpfloat.sty
/usr/share/texmf-texlive/tex/latex/lcd/lcd.sty
/usr/share/texmf-texlive/tex/latex/tcldoc/tcldoc.sty
/usr/share/texmf-texlive/tex/latex/tcldoc/tclldoc.sty
/usr/share/texmf-texlive/tex/latex/verse/verse.sty
/usr/share/texmf-texlive/tex/latex/float/float.sty
/usr/share/texmf-texlive/tex/latex/movie15/movie15.sty
/usr/share/texmf-texlive/tex/latex/tokenizer/tokenizer.sty
/usr/share/texmf-texlive/tex/latex/wallpaper/wallpaper.sty
/usr/share/texmf-texlive/tex/latex/docmfp/docmfp.sty
/usr/share/texmf-texlive/tex/latex/exercise/exercise.sty
/usr/share/texmf-texlive/tex/latex/pdfslide/pdfslide.sty
/usr/share/texmf-texlive/tex/latex/qcm/qcm.sty
/usr/share/texmf-texlive/tex/latex/etaremune/etaremune.sty
/usr/share/texmf-texlive/tex/latex/synttree/synttree.sty
/usr/share/texmf-texlive/tex/latex/mfnfss/oldgerm.sty
/usr/share/texmf-texlive/tex/latex/robustindex/robustindex.sty
/usr/share/texmf-texlive/tex/latex/robustindex/robustglossary.sty
/usr/share/texmf-texlive/tex/latex/minutes/minutes.sty
/usr/share/texmf-texlive/tex/latex/pecha/ctibmantra.sty
/usr/share/texmf-texlive/tex/latex/microtype/microtype.sty
/usr/share/texmf-texlive/tex/latex/microtype/letterspace.sty
/usr/share/texmf-texlive/tex/latex/mflogo/mflogo.sty
/usr/share/texmf-texlive/tex/latex/hanging/hanging.sty
/usr/share/texmf-texlive/tex/latex/eurosans/eurosans.sty
/usr/share/texmf-texlive/tex/latex/pauldoc/pauldoc.sty
/usr/share/texmf-texlive/tex/latex/pst-optic/pst-optic.sty
/usr/share/texmf-texlive/tex/latex/poemscol/poemscol.sty
/usr/share/texmf-texlive/tex/latex/commath/commath.sty
/usr/share/texmf-texlive/tex/latex/ssqquote/ssqquote.sty
/usr/share/texmf-texlive/tex/latex/begriff/begriff.sty
/usr/share/texmf-texlive/tex/latex/slashbox/slashbox.sty
/usr/share/texmf-texlive/tex/latex/umoline/umoline.sty
/usr/share/texmf-texlive/tex/latex/refcheck/refcheck.sty
/usr/share/texmf-texlive/tex/latex/listliketab/listliketab.sty
/usr/share/texmf-texlive/tex/latex/attachfile/attachfile.sty
/usr/share/texmf-texlive/tex/latex/lineno/ednmath0.sty
/usr/share/texmf-texlive/tex/latex/lineno/vplref.sty
/usr/share/texmf-texlive/tex/latex/lineno/lineno.sty
/usr/share/texmf-texlive/tex/latex/lineno/edtable.sty
/usr/share/texmf-texlive/tex/latex/gnuplottex/gnuplottex.sty
/usr/share/texmf-texlive/tex/latex/williams/toklist.sty
/usr/share/texmf-texlive/tex/latex/williams/antree.sty
/usr/share/texmf-texlive/tex/latex/directory/directory.sty
/usr/share/texmf-texlive/tex/latex/dvdcoll/pdfnotiz.sty
/usr/share/texmf-texlive/tex/latex/rsc/rsc.sty
/usr/share/texmf-texlive/tex/latex/stmaryrd/stmaryrd.sty
/usr/share/texmf-texlive/tex/latex/fnbreak/fnbreak.sty
/usr/share/texmf-texlive/tex/latex/textfit/textfit.sty
/usr/share/texmf-texlive/tex/latex/listofsymbols/listofsymbols.sty
/usr/share/texmf-texlive/tex/latex/scalebar/scalebar.sty
/usr/share/texmf-texlive/tex/latex/fmtcount/fmtcount.sty
/usr/share/texmf-texlive/tex/latex/nath/nath.sty
/usr/share/texmf-texlive/tex/latex/pst-grad/pst-grad.sty
/usr/share/texmf-texlive/tex/latex/juraabbrev/juraabbrev.sty
/usr/share/texmf-texlive/tex/latex/rotfloat/rotfloat.sty
/usr/share/texmf-texlive/tex/latex/pagenote/pagenote.sty
/usr/share/texmf-texlive/tex/latex/sttools/midfloat.sty
/usr/share/texmf-texlive/tex/latex/sttools/cuted.sty
/usr/share/texmf-texlive/tex/latex/sttools/stfloats.sty
/usr/share/texmf-texlive/tex/latex/sttools/texsort.sty
/usr/share/texmf-texlive/tex/latex/sttools/boundbox.sty
/usr/share/texmf-texlive/tex/latex/sttools/flushend.sty
/usr/share/texmf-texlive/tex/latex/sttools/marginal.sty
/usr/share/texmf-texlive/tex/latex/sttools/stabular.sty
/usr/share/texmf-texlive/tex/latex/sttools/floatpag.sty
/usr/share/texmf-texlive/tex/latex/figsize/figsize.sty
/usr/share/texmf-texlive/tex/latex/lazylist/lazylist.sty
/usr/share/texmf-texlive/tex/latex/biblist/biblist.sty
/usr/share/texmf-texlive/tex/latex/binomexp/binomexp.sty
/usr/share/texmf-texlive/tex/latex/iso/askincv1.sty
/usr/share/texmf-texlive/tex/latex/comment/comment.sty
/usr/share/texmf-texlive/tex/latex/pst-geo/pst-map3d.sty
/usr/share/texmf-texlive/tex/latex/pst-geo/pst-map2d.sty
/usr/share/texmf-texlive/tex/latex/pst-geo/pst-map3dII.sty
/usr/share/texmf-texlive/tex/latex/pst-geo/pst-map2dII.sty
/usr/share/texmf-texlive/tex/latex/nomencl/nomencl.sty
/usr/share/texmf-texlive/tex/latex/timing/timing.sty
/usr/share/texmf-texlive/tex/latex/cd-cover/cd-cover.sty
/usr/share/texmf-texlive/tex/latex/eso-pic/showframe.sty
/usr/share/texmf-texlive/tex/latex/eso-pic/eso-pic.sty
/usr/share/texmf-texlive/tex/latex/auto-pst-pdf/auto-pst-pdf.sty
/usr/share/texmf-texlive/tex/latex/tmmath/tmmaths.sty
/usr/share/texmf-texlive/tex/latex/smalltableof/smalltableof.sty
/usr/share/texmf-texlive/tex/latex/menu/menu.sty
/usr/share/texmf-texlive/tex/latex/graphics/trig.sty
/usr/share/texmf-texlive/tex/latex/graphics/lscape.sty
/usr/share/texmf-texlive/tex/latex/graphics/graphics.sty
/usr/share/texmf-texlive/tex/latex/graphics/color.sty
/usr/share/texmf-texlive/tex/latex/graphics/graphicx.sty
/usr/share/texmf-texlive/tex/latex/graphics/epsfig.sty
/usr/share/texmf-texlive/tex/latex/graphics/keyval.sty
/usr/share/texmf-texlive/tex/latex/showlabels/showlabels.sty
/usr/share/texmf-texlive/tex/latex/hyperxmp/hyperxmp.sty
/usr/share/texmf-texlive/tex/latex/sprite/sprite.sty
/usr/share/texmf-texlive/tex/latex/xmpincl/xmpincl.sty
/usr/share/texmf-texlive/tex/latex/citeref/citeref.sty
/usr/share/texmf-texlive/tex/latex/sauerj/processkv.sty
/usr/share/texmf-texlive/tex/latex/sauerj/parcolumns.sty
/usr/share/texmf-texlive/tex/latex/sauerj/optparams.sty
/usr/share/texmf-texlive/tex/latex/sauerj/zahl2string.sty
/usr/share/texmf-texlive/tex/latex/sauerj/collect.sty
/usr/share/texmf-texlive/tex/latex/sauerj/metainfo.sty
/usr/share/texmf-texlive/tex/latex/floatflt/floatflt.sty
/usr/share/texmf-texlive/tex/latex/xtab/xtab.sty
/usr/share/texmf-texlive/tex/latex/pst-barcode/pst-barcode.sty
/usr/share/texmf-texlive/tex/latex/paresse/paresse.sty
/usr/share/texmf-texlive/tex/latex/mcaption/mcaption.sty
/usr/share/texmf-texlive/tex/latex/pst-gr3d/pst-gr3d.sty
/usr/share/texmf-texlive/tex/latex/manuscript/manuscript.sty
/usr/share/texmf-texlive/tex/latex/picinpar/picinpar.sty
/usr/share/texmf-texlive/tex/latex/quotchap/quotchap.sty
/usr/share/texmf-texlive/tex/latex/overpic/overpic.sty
/usr/share/texmf-texlive/tex/latex/taupin/smallcap.sty
/usr/share/texmf-texlive/tex/latex/taupin/varsects.sty
/usr/share/texmf-texlive/tex/latex/dichokey/dichokey.sty
/usr/share/texmf-texlive/tex/latex/yafoot/pfnote.sty
/usr/share/texmf-texlive/tex/latex/yafoot/dblfnote.sty
/usr/share/texmf-texlive/tex/latex/yafoot/fnpos.sty
/usr/share/texmf-texlive/tex/latex/hvfloat/hvfloat.sty
/usr/share/texmf-texlive/tex/latex/cellspace/cellspace.sty
/usr/share/texmf-texlive/tex/latex/gmdoc/gmdoc.sty
/usr/share/texmf-texlive/tex/latex/concmath/concmath.sty
/usr/share/texmf-texlive/tex/latex/pawpict/pawpict.sty
/usr/share/texmf-texlive/tex/latex/histogr/histogr.sty
/usr/share/texmf-texlive/tex/latex/sciwordconv/Sw2Rus.sty
/usr/share/texmf-texlive/tex/latex/eemeir/eemeir.sty
/usr/share/texmf-texlive/tex/latex/permute/permute.sty
/usr/share/texmf-texlive/tex/latex/lexikon/lexikon.sty
/usr/share/texmf-texlive/tex/latex/fncychap/fncychap.sty
/usr/share/texmf-texlive/tex/latex/pst-pdf/pst-pdf.sty
/usr/share/texmf-texlive/tex/latex/subeqn/subeqn.sty
/usr/share/texmf-texlive/tex/latex/autotab/autotab.sty
/usr/share/texmf-texlive/tex/latex/emp/emp.sty
/usr/share/texmf-texlive/tex/latex/makecell/makecell.sty
/usr/share/texmf-texlive/tex/latex/powerdot/powerdot-klope.sty
/usr/share/texmf-texlive/tex/latex/powerdot/powerdot-aggie.sty
/usr/share/texmf-texlive/tex/latex/powerdot/powerdot-default.sty
/usr/share/texmf-texlive/tex/latex/powerdot/powerdot-paintings.sty
/usr/share/texmf-texlive/tex/latex/powerdot/powerdot-ciment.sty
/usr/share/texmf-texlive/tex/latex/powerdot/powerdot-pazik.sty
/usr/share/texmf-texlive/tex/latex/powerdot/powerdot-tycja.sty
/usr/share/texmf-texlive/tex/latex/powerdot/powerdot-jefka.sty
/usr/share/texmf-texlive/tex/latex/powerdot/powerdot-fyma.sty
/usr/share/texmf-texlive/tex/latex/powerdot/powerdot-ikeda.sty
/usr/share/texmf-texlive/tex/latex/powerdot/powerdot-bframe.sty
/usr/share/texmf-texlive/tex/latex/powerdot/powerdot-elcolors.sty
/usr/share/texmf-texlive/tex/latex/powerdot/powerdot-simple.sty
/usr/share/texmf-texlive/tex/latex/powerdot/powerdot-sailor.sty
/usr/share/texmf-texlive/tex/latex/powerdot/powerdot-horatio.sty
/usr/share/texmf-texlive/tex/latex/powerdot/powerdot-husky.sty
/usr/share/texmf-texlive/tex/latex/powerdot/powerdot-upen.sty
/usr/share/texmf-texlive/tex/latex/pmgraph/pmgraph.sty
/usr/share/texmf-texlive/tex/latex/cooltooltips/cooltooltips.sty
/usr/share/texmf-texlive/tex/latex/moreverb/moreverb.sty
/usr/share/texmf-texlive/tex/latex/natbib/natbib.sty
/usr/share/texmf-texlive/tex/latex/natbib/bibentry.sty
/usr/share/texmf-texlive/tex/latex/semantic/infernce.sty
/usr/share/texmf-texlive/tex/latex/semantic/tdiagram.sty
/usr/share/texmf-texlive/tex/latex/semantic/ligature.sty
/usr/share/texmf-texlive/tex/latex/semantic/reserved.sty
/usr/share/texmf-texlive/tex/latex/semantic/shrthand.sty
/usr/share/texmf-texlive/tex/latex/semantic/semantic.sty
/usr/share/texmf-texlive/tex/latex/pictex2/pictex2.sty
/usr/share/texmf-texlive/tex/latex/alnumsec/alnumsec.sty
/usr/share/texmf-texlive/tex/latex/fp/fp-basic.sty
/usr/share/texmf-texlive/tex/latex/fp/fp-random.sty
/usr/share/texmf-texlive/tex/latex/fp/fp-trigo.sty
/usr/share/texmf-texlive/tex/latex/fp/fp.sty
/usr/share/texmf-texlive/tex/latex/fp/fp-pas.sty
/usr/share/texmf-texlive/tex/latex/fp/lfp.sty
/usr/share/texmf-texlive/tex/latex/fp/fp-snap.sty
/usr/share/texmf-texlive/tex/latex/fp/defpattern.sty
/usr/share/texmf-texlive/tex/latex/fp/fp-eval.sty
/usr/share/texmf-texlive/tex/latex/fp/fp-exp.sty
/usr/share/texmf-texlive/tex/latex/fp/fp-upn.sty
/usr/share/texmf-texlive/tex/latex/fp/fp-addons.sty
/usr/share/texmf-texlive/tex/latex/fp/fp-eqn.sty
/usr/share/texmf-texlive/tex/latex/harpoon/harpoon.sty
/usr/share/texmf-texlive/tex/latex/eurosym/eurosym.sty
/usr/share/texmf-texlive/tex/latex/randbild/randbild.sty
/usr/share/texmf-texlive/tex/latex/soul/soul.sty
/usr/share/texmf-texlive/tex/latex/tracking/tracking.sty
/usr/share/texmf-texlive/tex/latex/12many/12many.sty
/usr/share/texmf-texlive/tex/latex/beton/beton.sty
/usr/share/texmf-texlive/tex/latex/tocloft/tocloft.sty
/usr/share/texmf-texlive/tex/latex/qtree/qtree.sty
/usr/share/texmf-texlive/tex/latex/svn-multi/svnkw.sty
/usr/share/texmf-texlive/tex/latex/minipage-marginpar/mpgmpar.sty
/usr/share/texmf-texlive/tex/latex/curve2e/curve2e.sty
/usr/share/texmf-texlive/tex/latex/cursor/cursor.sty
/usr/share/texmf-texlive/tex/latex/enumitem/enumitem.sty
/usr/share/texmf-texlive/tex/latex/harvard/harvard.sty
/usr/share/texmf-texlive/tex/latex/ebezier/ebezier.sty
/usr/share/texmf-texlive/tex/latex/flowfram/flowfram.sty
/usr/share/texmf-texlive/tex/latex/polyglot/polyglot.sty
/usr/share/texmf-texlive/tex/latex/lkproof/proof.sty
/usr/share/texmf-texlive/tex/latex/patchcmd/patchcmd.sty
/usr/share/texmf-texlive/tex/latex/jurabib/jurabib.sty
/usr/share/texmf-texlive/tex/latex/calrsfs/calrsfs.sty
/usr/share/texmf-texlive/tex/latex/adrlist/adrlist.sty
/usr/share/texmf-texlive/tex/latex/flabels/flabels.sty
/usr/share/texmf-texlive/tex/latex/invoice/invoice.sty
/usr/share/texmf-texlive/tex/latex/titlefoot/titlefoot.sty
/usr/share/texmf-texlive/tex/latex/arydshln/arydshln.sty
/usr/share/texmf-texlive/tex/latex/shadbox/shadbox1.sty
/usr/share/texmf-texlive/tex/latex/shadbox/shadbox.sty
/usr/share/texmf-texlive/tex/latex/currvita/currvita.sty
/usr/share/texmf-texlive/tex/latex/decimal/decimal.sty
/usr/share/texmf-texlive/tex/latex/units/units.sty
/usr/share/texmf-texlive/tex/latex/units/nicefrac.sty
/usr/share/texmf-texlive/tex/latex/mftinc/mftinc.sty
/usr/share/texmf-texlive/tex/latex/colorinfo/colorinfo.sty
/usr/share/texmf-texlive/tex/latex/Tabbing/Tabbing.sty
/usr/share/texmf-texlive/tex/latex/crop/crop.sty
/usr/share/texmf-texlive/tex/latex/dk-bib/dk-bib.sty
/usr/share/texmf-texlive/tex/latex/dk-bib/dk-apali.sty
/usr/share/texmf-texlive/tex/latex/fullblck/fullblck.sty
/usr/share/texmf-texlive/tex/latex/bussproofs/bussproofs.sty
/usr/share/texmf-texlive/tex/latex/cbcoptic/coptic.sty
/usr/share/texmf-texlive/tex/latex/cbcoptic/prnthyph.sty
/usr/share/texmf-texlive/tex/latex/koma-script/scraddr.sty
/usr/share/texmf-texlive/tex/latex/koma-script/scrdate.sty
/usr/share/texmf-texlive/tex/latex/koma-script/scrpage.sty
/usr/share/texmf-texlive/tex/latex/koma-script/scrkbase.sty
/usr/share/texmf-texlive/tex/latex/koma-script/typearea.sty
/usr/share/texmf-texlive/tex/latex/koma-script/scrtime.sty
/usr/share/texmf-texlive/tex/latex/koma-script/scrpage2.sty
/usr/share/texmf-texlive/tex/latex/koma-script/scrlfile.sty
/usr/share/texmf-texlive/tex/latex/sf298/sf298.sty
/usr/share/texmf-texlive/tex/latex/apacite/apacite.sty
/usr/share/texmf-texlive/tex/latex/pst-poly/pst-poly.sty
/usr/share/texmf-texlive/tex/latex/count1to/count1to.sty
/usr/share/texmf-texlive/tex/latex/bibleref/bibleref.sty
/usr/share/texmf-texlive/tex/latex/doipubmed/doipubmed.sty
/usr/share/texmf-texlive/tex/latex/grfpaste/grfpaste.sty
/usr/share/texmf-texlive/tex/latex/tools/thp.sty
/usr/share/texmf-texlive/tex/latex/tools/ftnright.sty
/usr/share/texmf-texlive/tex/latex/tools/thmb.sty
/usr/share/texmf-texlive/tex/latex/tools/somedefs.sty
/usr/share/texmf-texlive/tex/latex/tools/enumerate.sty
/usr/share/texmf-texlive/tex/latex/tools/thcb.sty
/usr/share/texmf-texlive/tex/latex/tools/multicol.sty
/usr/share/texmf-texlive/tex/latex/tools/calc.sty
/usr/share/texmf-texlive/tex/latex/tools/bm.sty
/usr/share/texmf-texlive/tex/latex/tools/array.sty
/usr/share/texmf-texlive/tex/latex/tools/rawfonts.sty
/usr/share/texmf-texlive/tex/latex/tools/xr.sty
/usr/share/texmf-texlive/tex/latex/tools/layout.sty
/usr/share/texmf-texlive/tex/latex/tools/afterpage.sty
/usr/share/texmf-texlive/tex/latex/tools/showkeys.sty
/usr/share/texmf-texlive/tex/latex/tools/fontsmpl.sty
/usr/share/texmf-texlive/tex/latex/tools/theorem.sty
/usr/share/texmf-texlive/tex/latex/tools/tabularx.sty
/usr/share/texmf-texlive/tex/latex/tools/xspace.sty
/usr/share/texmf-texlive/tex/latex/tools/thm.sty
/usr/share/texmf-texlive/tex/latex/tools/thb.sty
/usr/share/texmf-texlive/tex/latex/tools/hhline.sty
/usr/share/texmf-texlive/tex/latex/tools/varioref.sty
/usr/share/texmf-texlive/tex/latex/tools/trace.sty
/usr/share/texmf-texlive/tex/latex/tools/verbatim.sty
/usr/share/texmf-texlive/tex/latex/tools/dcolumn.sty
/usr/share/texmf-texlive/tex/latex/tools/thc.sty
/usr/share/texmf-texlive/tex/latex/tools/longtable.sty
/usr/share/texmf-texlive/tex/latex/tools/indentfirst.sty
/usr/share/texmf-texlive/tex/latex/tools/delarray.sty
/usr/share/texmf-texlive/tex/latex/fixfoot/fixfoot.sty
/usr/share/texmf-texlive/tex/latex/sidecap/sidecap.sty
/usr/share/texmf-texlive/tex/latex/probsoln/probsoln.sty
/usr/share/texmf-texlive/tex/latex/fancybox/fancybox.sty
/usr/share/texmf-texlive/tex/latex/noitcrul/noitcrul.sty
/usr/share/texmf-texlive/tex/latex/refstyle/refstyle.sty
/usr/share/texmf-texlive/tex/latex/covington/covington.sty
/usr/share/texmf-texlive/tex/latex/progress/progress.sty
/usr/share/texmf-texlive/tex/latex/pst-lens/pst-lens.sty
/usr/share/texmf-texlive/tex/latex/subfigure/subfigure.sty
/usr/share/texmf-texlive/tex/latex/linguex/cgloss4e.sty
/usr/share/texmf-texlive/tex/latex/linguex/linguex.sty
/usr/share/texmf-texlive/tex/latex/linguex/ps-trees.sty
/usr/share/texmf-texlive/tex/latex/linguex/linguho.sty
/usr/share/texmf-texlive/tex/latex/newthm/n-thcb.sty
/usr/share/texmf-texlive/tex/latex/newthm/n-thp.sty
/usr/share/texmf-texlive/tex/latex/newthm/newthm.sty
/usr/share/texmf-texlive/tex/latex/newthm/n-thpno.sty
/usr/share/texmf-texlive/tex/latex/newthm/n-thcbno.sty
/usr/share/texmf-texlive/tex/latex/newthm/n-thmb.sty
/usr/share/texmf-texlive/tex/latex/newthm/n-thmbno.sty
/usr/share/texmf-texlive/tex/latex/newthm/n-thm.sty
/usr/share/texmf-texlive/tex/latex/newthm/n-thmno.sty
/usr/share/texmf-texlive/tex/latex/newthm/n-thbno.sty
/usr/share/texmf-texlive/tex/latex/newthm/n-thcno.sty
/usr/share/texmf-texlive/tex/latex/newthm/n-thc.sty
/usr/share/texmf-texlive/tex/latex/newthm/n-thb.sty
/usr/share/texmf-texlive/tex/latex/textpath/textpathmp.sty
/usr/share/texmf-texlive/tex/latex/miniplot/miniplot.sty
/usr/share/texmf-texlive/tex/latex/formlett/formlett.sty
/usr/share/texmf-texlive/tex/latex/newlfm/setdim.sty
/usr/share/texmf-texlive/tex/latex/newlfm/addrset.sty
/usr/share/texmf-texlive/tex/latex/perltex/perltex.sty
/usr/share/texmf-texlive/tex/latex/achemso/achemso.sty
/usr/share/texmf-texlive/tex/latex/dcpic/dcpic.sty
/usr/share/texmf-texlive/tex/latex/substr/substr.sty
/usr/share/texmf-texlive/tex/latex/index/bibref.sty
/usr/share/texmf-texlive/tex/latex/index/index.sty
/usr/share/texmf-texlive/tex/latex/index/autind.sty
/usr/share/texmf-texlive/tex/latex/ifmslide/ifmslide.sty
/usr/share/texmf-texlive/tex/latex/method/method.sty
/usr/share/texmf-texlive/tex/latex/pb-diagram/pb-diagram.sty
/usr/share/texmf-texlive/tex/latex/pb-diagram/pb-lams.sty
/usr/share/texmf-texlive/tex/latex/pb-diagram/pb-xy.sty
/usr/share/texmf-texlive/tex/latex/elmath/elmath.sty
/usr/share/texmf-texlive/tex/latex/keystroke/keystroke.sty
/usr/share/texmf-texlive/tex/latex/wasysym/wasysym.sty
/usr/share/texmf-texlive/tex/latex/pageno/pageno.sty
/usr/share/texmf-texlive/tex/latex/mff/mff.sty
/usr/share/texmf-texlive/tex/latex/warning/warning.sty
/usr/share/texmf-texlive/tex/latex/sffms/sffdumb.sty
/usr/share/texmf-texlive/tex/latex/sffms/sffsmart.sty
/usr/share/texmf-texlive/tex/latex/rcs/rcs.sty
/usr/share/texmf-texlive/tex/latex/multibib/multibib.sty
/usr/share/texmf-texlive/tex/latex/ntabbing/ntabbing.sty
/usr/share/texmf-texlive/tex/latex/dnaseq/dnaseq.sty
/usr/share/texmf-texlive/tex/latex/rtkinenc/rtkinenc.sty
/usr/share/texmf-texlive/tex/latex/ncclatex/nccltrus.sty
/usr/share/texmf-texlive/tex/latex/ncclatex/nccsections.sty
/usr/share/texmf-texlive/tex/latex/ncclatex/nccdefaults.sty
/usr/share/texmf-texlive/tex/latex/ncclatex/nccindex.sty
/usr/share/texmf-texlive/tex/latex/ncclatex/nccbiblist.sty
/usr/share/texmf-texlive/tex/latex/ncclatex/ncctheorems.sty
/usr/share/texmf-texlive/tex/latex/ncclatex/ncchdr.sty
/usr/share/texmf-texlive/tex/latex/ncclatex/nccold.sty
/usr/share/texmf-texlive/tex/latex/ncclatex/ncctitle.sty
/usr/share/texmf-texlive/tex/latex/ncclatex/ncctitlepage.sty
/usr/share/texmf-texlive/tex/latex/ncclatex/nccheadings.sty
/usr/share/texmf-texlive/tex/latex/ncclatex/ncclatex.sty
/usr/share/texmf-texlive/tex/latex/notes/notes.sty
/usr/share/texmf-texlive/tex/latex/cdpbundl/adiseal.sty
/usr/share/texmf-texlive/tex/latex/cdpbundl/cdpaddon.sty
/usr/share/texmf-texlive/tex/latex/stdpage/stdpage.sty
/usr/share/texmf-texlive/tex/latex/rst/rst.sty
/usr/share/texmf-texlive/tex/latex/smflatex/smfenum.sty
/usr/share/texmf-texlive/tex/latex/smflatex/smfthm.sty
/usr/share/texmf-texlive/tex/latex/engrec/engrec.sty
/usr/share/texmf-texlive/tex/latex/babelbib/babelbib.sty
/usr/share/texmf-texlive/tex/latex/dateiliste/dateiliste.sty
/usr/share/texmf-texlive/tex/latex/cool/cool.sty
/usr/share/texmf-texlive/tex/latex/pst-fr3d/pst-fr3d.sty
/usr/share/texmf-texlive/tex/latex/pdfwin/pdfwin.sty
/usr/share/texmf-texlive/tex/latex/ucs/ucsutils.sty
/usr/share/texmf-texlive/tex/latex/ucs/ucshyper.sty
/usr/share/texmf-texlive/tex/latex/ucs/ucs.sty
/usr/share/texmf-texlive/tex/latex/ucs/autofe.sty
/usr/share/texmf-texlive/tex/latex/psfrag/psfrag.sty
/usr/share/texmf-texlive/tex/latex/ntheorem/ntheorem.sty
/usr/share/texmf-texlive/tex/latex/lettrine/lettrine.sty
/usr/share/texmf-texlive/tex/latex/bigfoot/perpage.sty
/usr/share/texmf-texlive/tex/latex/bigfoot/suffix.sty
/usr/share/texmf-texlive/tex/latex/bigfoot/bigfoot.sty
/usr/share/texmf-texlive/tex/latex/abstract/abstract.sty
/usr/share/texmf-texlive/tex/latex/cjw/cjwmath.sty
/usr/share/texmf-texlive/tex/latex/cjw/cjwunits.sty
/usr/share/texmf-texlive/tex/latex/cjw/cjwresize.sty
/usr/share/texmf-texlive/tex/latex/cjw/cjwoutl.sty
/usr/share/texmf-texlive/tex/latex/cjw/cjwmacro.sty
/usr/share/texmf-texlive/tex/latex/cjw/cjwplain.sty
/usr/share/texmf-texlive/tex/latex/coverpage/CoverPage.sty
/usr/share/texmf-texlive/tex/latex/lhelp/lhelp.sty
/usr/share/texmf-texlive/tex/latex/totpages/totpages.sty
/usr/share/texmf-texlive/tex/latex/fink/fink.sty
/usr/share/texmf-texlive/tex/latex/slantsc/slantsc.sty
/usr/share/texmf-texlive/tex/latex/pst-jtree/pst-jtree.sty
/usr/share/texmf-texlive/tex/latex/mceinleger/mceinleger.sty
/usr/share/texmf-texlive/tex/latex/bardiag/barddoc.sty
/usr/share/texmf-texlive/tex/latex/bardiag/pstfp.sty
/usr/share/texmf-texlive/tex/latex/bardiag/bardiag.sty
/usr/share/texmf-texlive/tex/latex/rotpages/rotpages.sty
/usr/share/texmf-texlive/tex/latex/numline/numline.sty
/usr/share/texmf-texlive/tex/latex/outline/outline.sty
/usr/share/texmf-texlive/tex/latex/forloop/forloop.sty
/usr/share/texmf-texlive/tex/latex/cite/drftcite.sty
/usr/share/texmf-texlive/tex/latex/cite/cite.sty
/usr/share/texmf-texlive/tex/latex/cite/overcite.sty
/usr/share/texmf-texlive/tex/latex/cite/chapterbib.sty
/usr/share/texmf-texlive/tex/latex/shorttoc/shorttoc.sty
/usr/share/texmf-texlive/tex/latex/multitoc/multitoc.sty
/usr/share/texmf-texlive/tex/latex/caption/caption2.sty
/usr/share/texmf-texlive/tex/latex/caption/caption.sty
/usr/share/texmf-texlive/tex/latex/caption/caption3.sty
/usr/share/texmf-texlive/tex/latex/crosswrd/crosswrd.sty
/usr/share/texmf-texlive/tex/latex/eepic/epic.sty
/usr/share/texmf-texlive/tex/latex/eepic/eepicemu.sty
/usr/share/texmf-texlive/tex/latex/eepic/eepic.sty
/usr/share/texmf-texlive/tex/latex/easy/easytable.sty
/usr/share/texmf-texlive/tex/latex/easy/easyvector.sty
/usr/share/texmf-texlive/tex/latex/easy/easybib.sty
/usr/share/texmf-texlive/tex/latex/easy/easymat.sty
/usr/share/texmf-texlive/tex/latex/easy/mydoc.sty
/usr/share/texmf-texlive/tex/latex/easy/easy.sty
/usr/share/texmf-texlive/tex/latex/easy/easybmat.sty
/usr/share/texmf-texlive/tex/latex/easy/easyeqn.sty
/usr/share/texmf-texlive/tex/latex/changebar/changebar.sty
/usr/share/texmf-texlive/tex/latex/underlin/underlin.sty
/usr/share/texmf-texlive/tex/latex/titlesec/titletoc.sty
/usr/share/texmf-texlive/tex/latex/titlesec/titlesec.sty
/usr/share/texmf-texlive/tex/latex/hvmath/hvmaths.sty
/usr/share/texmf-texlive/tex/latex/dropping/dropping.sty
/usr/share/texmf-texlive/tex/latex/fancyref/fancyref.sty
/usr/share/texmf-texlive/tex/latex/ocr-latex/ocr.sty
/usr/share/texmf-texlive/tex/latex/mh/empheq.sty
/usr/share/texmf-texlive/tex/latex/mh/mathtools.sty
/usr/share/texmf-texlive/tex/latex/mh/mhsetup.sty
/usr/share/texmf-texlive/tex/latex/mh/empheq07.sty
/usr/share/texmf-texlive/tex/latex/psfragx/psfragx.sty
/usr/share/texmf-texlive/tex/latex/pxfonts/pxfonts.sty
/usr/share/texmf-texlive/tex/latex/glossary/glossary.sty
/usr/share/texmf-texlive/tex/latex/psnfss/mathptmx.sty
/usr/share/texmf-texlive/tex/latex/psnfss/newcent.sty
/usr/share/texmf-texlive/tex/latex/psnfss/times.sty
/usr/share/texmf-texlive/tex/latex/psnfss/bookman.sty
/usr/share/texmf-texlive/tex/latex/psnfss/utopia.sty
/usr/share/texmf-texlive/tex/latex/psnfss/avant.sty
/usr/share/texmf-texlive/tex/latex/psnfss/chancery.sty
/usr/share/texmf-texlive/tex/latex/psnfss/charter.sty
/usr/share/texmf-texlive/tex/latex/psnfss/helvet.sty
/usr/share/texmf-texlive/tex/latex/psnfss/mathptm.sty
/usr/share/texmf-texlive/tex/latex/psnfss/pifont.sty
/usr/share/texmf-texlive/tex/latex/psnfss/mathpazo.sty
/usr/share/texmf-texlive/tex/latex/psnfss/courier.sty
/usr/share/texmf-texlive/tex/latex/psnfss/palatino.sty
/usr/share/texmf-texlive/tex/latex/psnfss/mathpple.sty
/usr/share/texmf-texlive/tex/latex/newfile/newfile.sty
/usr/share/texmf-texlive/tex/latex/play/play.sty
/usr/share/texmf-texlive/tex/latex/foilhtml/foilhtml.sty
/usr/share/texmf-texlive/tex/latex/misc209/psboxit.sty
/usr/share/texmf-texlive/tex/latex/misc209/multind.sty
/usr/share/texmf-texlive/tex/latex/misc209/multibox.sty
/usr/share/texmf-texlive/tex/latex/misc209/hangcaption.sty
/usr/share/texmf-texlive/tex/latex/misc209/bibmods.sty
/usr/share/texmf-texlive/tex/latex/misc209/example.sty
/usr/share/texmf-texlive/tex/latex/misc209/portland.sty
/usr/share/texmf-texlive/tex/latex/numprint/nbaseprt.sty
/usr/share/texmf-texlive/tex/latex/numprint/numprint032.sty
/usr/share/texmf-texlive/tex/latex/numprint/numprint.sty
/usr/share/texmf-texlive/tex/latex/pdfcprot/pdfcprot.sty
/usr/share/texmf-texlive/tex/latex/photo/photo.sty
/usr/share/texmf-texlive/tex/latex/repeatindex/repeatindex.sty
/usr/share/texmf-texlive/tex/latex/seqsplit/seqsplit.sty
/usr/share/texmf-texlive/tex/latex/semioneside/semioneside.sty
/usr/share/texmf-texlive/tex/latex/metre/metre.sty
/usr/share/texmf-texlive/tex/latex/ltxindex/ltxindex.sty
/usr/share/texmf-texlive/tex/latex/ae/ae.sty
/usr/share/texmf-texlive/tex/latex/ae/aecompl.sty
/usr/share/texmf-texlive/tex/latex/combine/combnat.sty
/usr/share/texmf-texlive/tex/latex/combine/combinet.sty
/usr/share/texmf-texlive/tex/latex/subfig/subfig.sty
/usr/share/texmf-texlive/tex/latex/pdfsync/pdfsync.sty
/usr/share/texmf-texlive/tex/latex/amsmath/amsmath.sty
/usr/share/texmf-texlive/tex/latex/amsmath/amscd.sty
/usr/share/texmf-texlive/tex/latex/amsmath/amsopn.sty
/usr/share/texmf-texlive/tex/latex/amsmath/amstex.sty
/usr/share/texmf-texlive/tex/latex/amsmath/amsbsy.sty
/usr/share/texmf-texlive/tex/latex/amsmath/amsxtra.sty
/usr/share/texmf-texlive/tex/latex/amsmath/amstext.sty
/usr/share/texmf-texlive/tex/latex/amsmath/amsgen.sty
/usr/share/texmf-texlive/tex/latex/pdfpages/pdfpages.sty
/usr/share/texmf-texlive/tex/latex/stack/relinput.sty
/usr/share/texmf-texlive/tex/latex/stack/stack.sty
/usr/share/texmf-texlive/tex/latex/romannum/romannum.sty
/usr/share/texmf-texlive/tex/latex/dtk/dtk-pdf.sty
/usr/share/texmf-texlive/tex/latex/dtk/dtk.sty
/usr/share/texmf-texlive/tex/latex/dtk/dtk-logo.sty
/usr/share/texmf-texlive/tex/latex/dtk/dtklogos.sty
/usr/share/texmf-texlive/tex/latex/thumb/thumb.sty
/usr/share/texmf-texlive/tex/latex/boites/boites_exemples.sty
/usr/share/texmf-texlive/tex/latex/boites/boites.sty
/usr/share/texmf-texlive/tex/latex/wrapfig/wrapfig.sty
/usr/share/texmf-texlive/tex/latex/nonfloat/nonfloat.sty
/usr/share/texmf-texlive/tex/latex/showdim/showdim.sty
/usr/share/texmf-texlive/tex/latex/ntgclass/a4.sty
/usr/share/texmf-texlive/tex/latex/endheads/endheads.sty
/usr/share/texmf-texlive/tex/latex/altfont/psfont.sty
/usr/share/texmf-texlive/tex/latex/altfont/altfont.sty
/usr/share/texmf-texlive/tex/latex/plweb/pl.sty
/usr/share/texmf-texlive/tex/latex/plweb/pcode.sty
/usr/share/texmf-texlive/tex/latex/g-brief/g-brief.sty
/usr/share/texmf-texlive/tex/latex/g-brief/g-brief2.sty
/usr/share/texmf-texlive/tex/latex/ltxmisc/framed.sty
/usr/share/texmf-texlive/tex/latex/ltxmisc/fncylab.sty
/usr/share/texmf-texlive/tex/latex/ltxmisc/a5comb.sty
/usr/share/texmf-texlive/tex/latex/ltxmisc/askinclude.sty
/usr/share/texmf-texlive/tex/latex/ltxmisc/3parttable.sty
/usr/share/texmf-texlive/tex/latex/ltxmisc/authoraftertitle.sty
/usr/share/texmf-texlive/tex/latex/ltxmisc/verbasef.sty
/usr/share/texmf-texlive/tex/latex/ltxmisc/kix.sty
/usr/share/texmf-texlive/tex/latex/ltxmisc/block.sty
/usr/share/texmf-texlive/tex/latex/ltxmisc/path.sty
/usr/share/texmf-texlive/tex/latex/ltxmisc/captdef.sty
/usr/share/texmf-texlive/tex/latex/ltxmisc/secdot.sty
/usr/share/texmf-texlive/tex/latex/ltxmisc/nolbreaks.sty
/usr/share/texmf-texlive/tex/latex/ltxmisc/subfigmat.sty
/usr/share/texmf-texlive/tex/latex/ltxmisc/notoccite.sty
/usr/share/texmf-texlive/tex/latex/ltxmisc/truncate.sty
/usr/share/texmf-texlive/tex/latex/ltxmisc/fnpara.sty
/usr/share/texmf-texlive/tex/latex/ltxmisc/magaz.sty
/usr/share/texmf-texlive/tex/latex/ltxmisc/oubraces.sty
/usr/share/texmf-texlive/tex/latex/ltxmisc/cases.sty
/usr/share/texmf-texlive/tex/latex/ltxmisc/verbdef.sty
/usr/share/texmf-texlive/tex/latex/ltxmisc/optional.sty
/usr/share/texmf-texlive/tex/latex/ltxmisc/endnotes.sty
/usr/share/texmf-texlive/tex/latex/ltxmisc/chngpage.sty
/usr/share/texmf-texlive/tex/latex/ltxmisc/acromake.sty
/usr/share/texmf-texlive/tex/latex/ltxmisc/fwlw.sty
/usr/share/texmf-texlive/tex/latex/ltxmisc/needspace.sty
/usr/share/texmf-texlive/tex/latex/ltxmisc/threeparttable.sty
/usr/share/texmf-texlive/tex/latex/ltxmisc/nextpage.sty
/usr/share/texmf-texlive/tex/latex/ltxmisc/circle.sty
/usr/share/texmf-texlive/tex/latex/ltxmisc/dblfloatfix.sty
/usr/share/texmf-texlive/tex/latex/ltxmisc/excludeonly.sty
/usr/share/texmf-texlive/tex/latex/ltxmisc/showtags.sty
/usr/share/texmf-texlive/tex/latex/ltxmisc/chbibref.sty
/usr/share/texmf-texlive/tex/latex/ltxmisc/capt-of.sty
/usr/share/texmf-texlive/tex/latex/ltxmisc/url.sty
/usr/share/texmf-texlive/tex/latex/ltxmisc/version.sty
/usr/share/texmf-texlive/tex/latex/ltxmisc/bold-extra.sty
/usr/share/texmf-texlive/tex/latex/ltxmisc/chngcntr.sty
/usr/share/texmf-texlive/tex/latex/ltxmisc/import.sty
/usr/share/texmf-texlive/tex/latex/ltxmisc/bibcheck.sty
/usr/share/texmf-texlive/tex/latex/ltxmisc/ifmtarg.sty
/usr/share/texmf-texlive/tex/latex/ltxmisc/titleref.sty
/usr/share/texmf-texlive/tex/latex/ltxmisc/advdate.sty
/usr/share/texmf-texlive/tex/latex/ltxmisc/fn2end.sty
/usr/share/texmf-texlive/tex/latex/ltxmisc/ziffer.sty
/usr/share/texmf-texlive/tex/latex/ltxmisc/topcapt.sty
/usr/share/texmf-texlive/tex/latex/ltxmisc/relsize.sty
/usr/share/texmf-texlive/tex/latex/ltxmisc/ulem.sty
/usr/share/texmf-texlive/tex/latex/ltxmisc/linsys.sty
/usr/share/texmf-texlive/tex/latex/ltxmisc/listing.sty
/usr/share/texmf-texlive/tex/latex/ltxmisc/midpage.sty
/usr/share/texmf-texlive/tex/latex/ltxmisc/2in1.sty
/usr/share/texmf-texlive/tex/latex/ltxmisc/concrete.sty
/usr/share/texmf-texlive/tex/latex/ltxmisc/varwidth.sty
/usr/share/texmf-texlive/tex/latex/ltxmisc/boxedminipage.sty
/usr/share/texmf-texlive/tex/latex/ltxmisc/thrmappendix.sty
/usr/share/texmf-texlive/tex/latex/ltxmisc/printlen.sty
/usr/share/texmf-texlive/tex/latex/ltxmisc/hypernat.sty
/usr/share/texmf-texlive/tex/latex/ltxmisc/anonchap.sty
/usr/share/texmf-texlive/tex/latex/ltxmisc/vruler.sty
/usr/share/texmf-texlive/tex/latex/ltxmisc/vrbexin.sty
/usr/share/texmf-texlive/tex/latex/ltxmisc/ftcap.sty
/usr/share/texmf-texlive/tex/latex/ltxmisc/sphack.sty
/usr/share/texmf-texlive/tex/latex/ltxmisc/statex.sty
/usr/share/texmf-texlive/tex/latex/ltxmisc/a4wide.sty
/usr/share/texmf-texlive/tex/latex/ltxmisc/braket.sty
/usr/share/texmf-texlive/tex/latex/ltxmisc/morefloats.sty
/usr/share/texmf-texlive/tex/latex/ltxmisc/underscore.sty
/usr/share/texmf-texlive/tex/latex/ltxmisc/sansmath.sty
/usr/share/texmf-texlive/tex/latex/ltxmisc/breakcites.sty
/usr/share/texmf-texlive/tex/latex/ltxmisc/selectp.sty
/usr/share/texmf-texlive/tex/latex/ltxmisc/section.sty
/usr/share/texmf-texlive/tex/latex/ltxmisc/shadow.sty
/usr/share/texmf-texlive/tex/latex/ltxmisc/cancel.sty
/usr/share/texmf-texlive/tex/latex/ltxmisc/parskip.sty
/usr/share/texmf-texlive/tex/latex/ltxmisc/tabls.sty
/usr/share/texmf-texlive/tex/latex/ltxmisc/mitpress.sty
/usr/share/texmf-texlive/tex/latex/ltxmisc/vertbars.sty
/usr/share/texmf-texlive/tex/latex/ltxmisc/romanneg.sty
/usr/share/texmf-texlive/tex/latex/ltxmisc/sepnum.sty
/usr/share/texmf-texlive/tex/latex/savetrees/savetrees.sty
/usr/share/texmf-texlive/tex/latex/gmutils/gmutils.sty
/usr/share/texmf-texlive/tex/latex/crossreference/crossreference.sty
/usr/share/texmf-texlive/tex/latex/pst-pdgr/pst-pdgr.sty
/usr/share/texmf-texlive/tex/latex/syntrace/syntrace.sty
/usr/share/texmf-texlive/tex/latex/authorindex/authorindex.sty
/usr/share/texmf-texlive/tex/latex/coolstr/coolstr.sty
/usr/share/texmf-texlive/tex/latex/ellipsis/ellipsis.sty
/usr/share/texmf-texlive/tex/latex/script/script10.sty
/usr/share/texmf-texlive/tex/latex/script/script11.sty
/usr/share/texmf-texlive/tex/latex/script/script12.sty
/usr/share/texmf-texlive/tex/latex/script/script18.sty
/usr/share/texmf-texlive/tex/latex/bezos/accents.sty
/usr/share/texmf-texlive/tex/latex/bezos/arabicfront.sty
/usr/share/texmf-texlive/tex/latex/bezos/checkend.sty
/usr/share/texmf-texlive/tex/latex/bezos/dotlessi.sty
/usr/share/texmf-texlive/tex/latex/bezos/esindex.sty
/usr/share/texmf-texlive/tex/latex/bezos/tensind.sty
/usr/share/texmf-texlive/tex/latex/svgcolor/svgcolor.sty
/usr/share/texmf-texlive/tex/latex/graphicx-psmin/graphicx-psmin.sty
/usr/share/texmf-texlive/tex/latex/endfloat/endfloat.sty
/usr/share/texmf-texlive/tex/latex/cmsd/cmsd.sty
/usr/share/texmf-texlive/tex/latex/hyphenat/hyphenat.sty
/usr/share/texmf-texlive/tex/latex/extsizes/extsizes.sty
/usr/share/texmf-texlive/tex/latex/extsizes/autopagewidth.sty
/usr/share/texmf-texlive/tex/latex/pdftricks/pdftricks.sty
/usr/share/texmf-texlive/tex/latex/tocvsec2/tocvsec2.sty
/usr/share/texmf-texlive/tex/latex/extarrows/extarrows.sty
/usr/share/texmf-texlive/tex/latex/etex/etex.sty
/usr/share/texmf-texlive/tex/latex/genmpage/genmpage.sty
/usr/share/texmf-texlive/tex/latex/rmpage/rmpage.sty
/usr/share/texmf-texlive/tex/latex/base/textcomp.sty
/usr/share/texmf-texlive/tex/latex/base/inputenc.sty
/usr/share/texmf-texlive/tex/latex/base/bezier.sty
/usr/share/texmf-texlive/tex/latex/base/graphpap.sty
/usr/share/texmf-texlive/tex/latex/base/article.sty
/usr/share/texmf-texlive/tex/latex/base/slides.sty
/usr/share/texmf-texlive/tex/latex/base/makeidx.sty
/usr/share/texmf-texlive/tex/latex/base/fixltx2e.sty
/usr/share/texmf-texlive/tex/latex/base/shortvrb.sty
/usr/share/texmf-texlive/tex/latex/base/flafter.sty
/usr/share/texmf-texlive/tex/latex/base/book.sty
/usr/share/texmf-texlive/tex/latex/base/newlfont.sty
/usr/share/texmf-texlive/tex/latex/base/exscale.sty
/usr/share/texmf-texlive/tex/latex/base/showidx.sty
/usr/share/texmf-texlive/tex/latex/base/fix-cm.sty
/usr/share/texmf-texlive/tex/latex/base/doc.sty
/usr/share/texmf-texlive/tex/latex/base/letter.sty
/usr/share/texmf-texlive/tex/latex/base/fontenc.sty
/usr/share/texmf-texlive/tex/latex/base/latexsym.sty
/usr/share/texmf-texlive/tex/latex/base/oldlfont.sty
/usr/share/texmf-texlive/tex/latex/base/t1enc.sty
/usr/share/texmf-texlive/tex/latex/base/leqno.sty
/usr/share/texmf-texlive/tex/latex/base/ifthen.sty
/usr/share/texmf-texlive/tex/latex/base/syntonly.sty
/usr/share/texmf-texlive/tex/latex/base/fleqn.sty
/usr/share/texmf-texlive/tex/latex/base/proc.sty
/usr/share/texmf-texlive/tex/latex/base/openbib.sty
/usr/share/texmf-texlive/tex/latex/base/tracefnt.sty
/usr/share/texmf-texlive/tex/latex/base/report.sty
/usr/share/texmf-texlive/tex/latex/base/alltt.sty
/usr/share/texmf-texlive/tex/latex/a0poster/a0size.sty
/usr/share/texmf-texlive/tex/latex/dashbox/dashbox.sty
/usr/share/texmf-texlive/tex/latex/zed-csp/zed-csp.sty
/usr/share/texmf-texlive/tex/latex/savefnmark/savefnmark.sty
/usr/share/texmf-texlive/tex/latex/amsfonts/eufrak.sty
/usr/share/texmf-texlive/tex/latex/amsfonts/cmmib57.sty
/usr/share/texmf-texlive/tex/latex/amsfonts/euscript.sty
/usr/share/texmf-texlive/tex/latex/amsfonts/amssymb.sty
/usr/share/texmf-texlive/tex/latex/amsfonts/amsfonts.sty
/usr/share/texmf-texlive/tex/latex/amsfonts/eucal.sty
/usr/share/texmf-texlive/tex/latex/slidenotes/obox.sty
/usr/share/texmf-texlive/tex/latex/dotseqn/dotseqn.sty
/usr/share/texmf-texlive/tex/latex/dialogl/dialogl.sty
/usr/share/texmf-texlive/tex/latex/dialogl/menus.sty
/usr/share/texmf-texlive/tex/latex/dialogl/grabhedr.sty
/usr/share/texmf-texlive/tex/latex/dialogl/dialog.sty
/usr/share/texmf-texlive/tex/latex/formular/formular.sty
/usr/share/texmf-texlive/tex/latex/tabto-ltx/tabto.sty
/usr/share/texmf-texlive/tex/latex/stdclsdv/stdclsdv.sty
/usr/share/texmf-texlive/tex/latex/tree-dvips/lingmacros.sty
/usr/share/texmf-texlive/tex/latex/tree-dvips/tree-dvips.sty
/usr/share/texmf-texlive/tex/latex/type1cm/type1cm.sty
/usr/share/texmf-texlive/tex/latex/envbig/envbig.sty
/usr/share/texmf-texlive/tex/latex/swimgraf/swimgraf.sty
/usr/share/texmf-texlive/tex/latex/pst-3dplot/pst-3dplot.sty
/usr/share/texmf-texlive/tex/latex/makecmds/makecmds.sty
/usr/share/texmf-texlive/tex/latex/versions/versions.sty
/usr/share/texmf-texlive/tex/latex/todo/todo.sty
/usr/share/texmf-texlive/tex/latex/vhistory/vhistory.sty
/usr/share/texmf-texlive/tex/latex/vhistory/sets.sty
/usr/share/texmf-texlive/tex/latex/uml/uml.sty
/usr/share/texmf-texlive/tex/latex/booktabs/booktabs.sty
/usr/share/texmf-texlive/tex/latex/pstricks/pstcol.sty
/usr/share/texmf-texlive/tex/latex/pstricks/pst-plot.sty
/usr/share/texmf-texlive/tex/latex/pstricks/pst-all.sty
/usr/share/texmf-texlive/tex/latex/pstricks/pst-node.sty
/usr/share/texmf-texlive/tex/latex/pstricks/pst-key.sty
/usr/share/texmf-texlive/tex/latex/pstricks/pst-tree.sty
/usr/share/texmf-texlive/tex/latex/pstricks/pstricks.sty
/usr/share/texmf-texlive/tex/latex/ccaption/ccaption.sty
/usr/share/texmf-texlive/tex/latex/regcount/regcount.sty
/usr/share/texmf-texlive/tex/latex/booklet/booklet.sty
/usr/share/texmf-texlive/tex/latex/booklet/bkltprnt.sty
/usr/share/texmf-texlive/tex/latex/refman/pagepc.sty
/usr/share/texmf-texlive/tex/latex/msc/msc.sty
/usr/share/texmf-texlive/tex/latex/memoir/memhfixc.sty
/usr/share/texmf-texlive/tex/latex/memoir/mempatch.sty
/usr/share/texmf-texlive/tex/latex/rectopma/rectopma.sty
/usr/share/texmf-texlive/tex/latex/chapterfolder/chapterfolder.sty
/usr/share/texmf-texlive/tex/latex/sseq/sseq.sty
/usr/share/texmf-texlive/tex/latex/toolbox/toolbox.sty
/usr/share/texmf-texlive/tex/latex/splitindex/splitidx.sty
/usr/share/texmf-texlive/tex/latex/curves/curves.sty
/usr/share/texmf-texlive/tex/latex/curves/curvesls.sty
/usr/share/texmf-texlive/tex/latex/expl3/l3io.sty
/usr/share/texmf-texlive/tex/latex/expl3/l3toks.sty
/usr/share/texmf-texlive/tex/latex/expl3/l3int.sty
/usr/share/texmf-texlive/tex/latex/expl3/l3basics.sty
/usr/share/texmf-texlive/tex/latex/expl3/l3prop.sty
/usr/share/texmf-texlive/tex/latex/expl3/l3seq.sty
/usr/share/texmf-texlive/tex/latex/expl3/l3names.sty
/usr/share/texmf-texlive/tex/latex/expl3/l3tlp.sty
/usr/share/texmf-texlive/tex/latex/expl3/l3precom.sty
/usr/share/texmf-texlive/tex/latex/expl3/l3chk.sty
/usr/share/texmf-texlive/tex/latex/expl3/l3quark.sty
/usr/share/texmf-texlive/tex/latex/expl3/l3expan.sty
/usr/share/texmf-texlive/tex/latex/cooking/cooking.sty
/usr/share/texmf-texlive/tex/latex/pict2e/pict2e.sty
/usr/share/texmf-texlive/tex/latex/gmverb/gmverb.sty
/usr/share/texmf-texlive/tex/latex/jknapltx/sgmlcmpt.sty
/usr/share/texmf-texlive/tex/latex/jknapltx/tccompat.sty
/usr/share/texmf-texlive/tex/latex/jknapltx/holtpolt.sty
/usr/share/texmf-texlive/tex/latex/jknapltx/young.sty
/usr/share/texmf-texlive/tex/latex/jknapltx/semtrans.sty
/usr/share/texmf-texlive/tex/latex/jknapltx/mathbbol.sty
/usr/share/texmf-texlive/tex/latex/jknapltx/smartmn.sty
/usr/share/texmf-texlive/tex/latex/jknapltx/mathrsfs.sty
/usr/share/texmf-texlive/tex/latex/jknapltx/greekctr.sty
/usr/share/texmf-texlive/tex/latex/jknapltx/sans.sty
/usr/share/texmf-texlive/tex/latex/jknapltx/parboxx.sty
/usr/share/texmf-texlive/tex/latex/chappg/chappg.sty
/usr/share/texmf-texlive/tex/latex/polynom/polynom.sty
/usr/share/texmf-texlive/tex/latex/ragged2e/ragged2e.sty
/usr/share/texmf-texlive/tex/latex/hhtensor/hhtensor.sty
/usr/share/texmf-texlive/tex/latex/gauss/gauss.sty
/usr/share/texmf-texlive/tex/latex/petri-nets/pntext.sty
/usr/share/texmf-texlive/tex/latex/petri-nets/pndraw.sty
/usr/share/texmf-texlive/tex/latex/petri-nets/pnets.sty
/usr/share/texmf-texlive/tex/latex/egplot/egplot.sty
/usr/share/texmf-texlive/tex/latex/supertabular/supertabular.sty
/usr/share/texmf-texlive/tex/latex/xifthen/xifthen.sty
/usr/share/texmf-texlive/tex/latex/trfsigns/trfsigns.sty
/usr/share/texmf-texlive/tex/latex/afm2pl/uclcptm.sty
/usr/share/texmf-texlive/tex/latex/talk/sidebars.sty
/usr/share/texmf-texlive/tex/latex/juramisc/jurabase.sty
/usr/share/texmf-texlive/tex/latex/screenplay/hardmarg.sty
/usr/share/texmf-texlive/tex/latex/fixme/fixme.sty
/usr/share/texmf-texlive/tex/latex/localloc/localloc.sty
/usr/share/texmf-texlive/tex/latex/pst-math/pst-math.sty
/usr/share/texmf-texlive/tex/latex/bez123/multiply.sty
/usr/share/texmf-texlive/tex/latex/bez123/bez123.sty
/usr/share/texmf-texlive/tex/latex/clefval/clefval.sty
/usr/share/texmf-texlive/tex/latex/relenc/ecsubzcm.sty
/usr/share/texmf-texlive/tex/latex/relenc/relenc.sty
/usr/share/texmf-texlive/tex/latex/relenc/2sidedoc.sty
/usr/share/texmf-texlive/tex/latex/eCards/eCards.sty
/usr/share/texmf-texlive/tex/latex/typedref/typedref.sty
/usr/share/texmf-texlive/tex/latex/pst-3d/pst-3d.sty
/usr/share/texmf-texlive/tex/latex/coollist/coollist.sty
/usr/share/texmf-texlive/tex/latex/dinbrief/dinbrief.sty
/usr/share/texmf-texlive/tex/latex/texmate/texmate.sty
/usr/share/texmf-texlive/tex/latex/was/fixmath.sty
/usr/share/texmf-texlive/tex/latex/was/upgreek.sty
/usr/share/texmf-texlive/tex/latex/was/icomma.sty
/usr/share/texmf-texlive/tex/latex/was/gensymb.sty
/usr/share/texmf-texlive/tex/latex/sectsty/sectsty.sty
/usr/share/texmf-texlive/tex/latex/answers/answers.sty
/usr/share/texmf-texlive/tex/latex/topfloat/topfloat.sty
/usr/share/texmf-texlive/tex/latex/cmap/cmap.sty
/usr/share/texmf-texlive/tex/latex/randtext/randtext.sty
/usr/share/texmf-texlive/tex/latex/robustcommand/robustcommand.sty
/usr/share/texmf-texlive/tex/latex/textpos/textpos.sty
/usr/share/texmf-texlive/tex/latex/pst-coil/pst-coil.sty
/usr/share/texmf-texlive/tex/latex/fundus/calligra.sty
/usr/share/texmf-texlive/tex/latex/fundus/pvscript.sty
/usr/share/texmf-texlive/tex/latex/fundus/startrek.sty
/usr/share/texmf-texlive/tex/latex/fundus/cyr.sty
/usr/share/texmf-texlive/tex/latex/fundus/twcal.sty
/usr/share/texmf-texlive/tex/latex/fundus/va.sty
/usr/share/texmf-texlive/tex/latex/fundus/suetterl.sty
/usr/share/texmf-texlive/tex/latex/fundus/la.sty
/usr/share/texmf-texlive/tex/latex/mapcodes/mapcodes.sty
/usr/share/texmf-texlive/tex/latex/ipa/ipa.sty
/usr/share/texmf-texlive/tex/latex/geometry/geometry.sty
/usr/share/texmf-texlive/tex/latex/mathcomp/mathcomp.sty
/usr/share/texmf-texlive/tex/latex/isotope/isotope.sty
/usr/share/texmf-texlive/tex/latex/morehelp/morehelp.sty
/usr/share/texmf-texlive/tex/latex/clock/clock.sty
/usr/share/texmf-texlive/tex/latex/engpron/engpron.sty
/usr/share/texmf-texlive/tex/latex/trsym/trsym.sty
/usr/share/texmf-texlive/tex/latex/fullpict/fullpict.sty
/usr/share/texmf-texlive/tex/latex/psnfssx/lucidbrb.sty
/usr/share/texmf-texlive/tex/latex/psnfssx/lucidabr.sty
/usr/share/texmf-texlive/tex/latex/psnfssx/basker.sty
/usr/share/texmf-texlive/tex/latex/psnfssx/8r.sty
/usr/share/texmf-texlive/tex/latex/psnfssx/luctime.sty
/usr/share/texmf-texlive/tex/latex/psnfssx/ot1var.sty
/usr/share/texmf-texlive/tex/latex/psnfssx/bembo.sty
/usr/share/texmf-texlive/tex/latex/psnfssx/lucmin.sty
/usr/share/texmf-texlive/tex/latex/psnfssx/lucmtime.sty
/usr/share/texmf-texlive/tex/latex/psnfssx/mtimes.sty
/usr/share/texmf-texlive/tex/latex/psnfssx/lucidbry.sty
/usr/share/texmf-texlive/tex/latex/psnfssx/garamond.sty
/usr/share/texmf-texlive/tex/latex/psnfssx/lucbmath.sty
/usr/share/texmf-texlive/tex/latex/labelcas/labelcas.sty
/usr/share/texmf-texlive/tex/latex/ESIEEcv/ESIEEcv.sty
/usr/share/texmf-texlive/tex/latex/wordlike/wordlike.sty
/usr/share/texmf-texlive/tex/latex/pst-infixplot/infix-RPN.sty
/usr/share/texmf-texlive/tex/latex/pst-infixplot/pst-infixplot.sty
/usr/share/texmf-texlive/tex/latex/fancyvrb/fvrb-ex.sty
/usr/share/texmf-texlive/tex/latex/fancyvrb/hcolor.sty
/usr/share/texmf-texlive/tex/latex/fancyvrb/hbaw.sty
/usr/share/texmf-texlive/tex/latex/fancyvrb/fancyvrb.sty
/usr/share/texmf-texlive/tex/latex/jura/alphanum.sty
/usr/share/texmf-texlive/tex/amstex/base/amsppt.sty
/usr/share/texmf-texlive/tex/fontinst/base/trig.sty
/usr/share/texmf-texlive/tex/fontinst/base/cfntinst.sty
/usr/share/texmf-texlive/tex/fontinst/base/finstmsc.sty
/usr/share/texmf-texlive/tex/fontinst/base/bbox.sty
/usr/share/texmf-texlive/tex/fontinst/base/xfntinst.sty
/usr/share/texmf-texlive/tex/fontinst/base/fontinst.sty
/usr/share/texmf-texlive/tex/generic/dratex/AlProTex.sty
/usr/share/texmf-texlive/tex/generic/dratex/TeXProject.sty
/usr/share/texmf-texlive/tex/generic/dratex/DraTex.sty
/usr/share/texmf-texlive/tex/generic/dratex/AlDraTex.sty
/usr/share/texmf-texlive/tex/generic/tex-ps/poligraf.sty
/usr/share/texmf-texlive/tex/generic/shapepar/shapepar.sty
/usr/share/texmf-texlive/tex/generic/xypic/xy.sty
/usr/share/texmf-texlive/tex/generic/xypic/xypic.sty
/usr/share/texmf-texlive/tex/generic/epsf/epsf.sty
/usr/share/texmf-texlive/tex/generic/oberdiek/telprint.sty
/usr/share/texmf-texlive/tex/generic/oberdiek/kvsetkeys.sty
/usr/share/texmf-texlive/tex/generic/oberdiek/ifvtex.sty
/usr/share/texmf-texlive/tex/generic/oberdiek/ifpdf.sty
/usr/share/texmf-texlive/tex/generic/oberdiek/setouterhbox.sty
/usr/share/texmf-texlive/tex/generic/oberdiek/pdfcrypt.sty
/usr/share/texmf-texlive/tex/generic/oberdiek/alphalph.sty
/usr/share/texmf-texlive/tex/generic/oberdiek/engord.sty
/usr/share/texmf-texlive/tex/generic/dvips/blackdvi.sty
/usr/share/texmf-texlive/tex/generic/dvips/rotate.sty
/usr/share/texmf-texlive/tex/generic/dvips/colordvi.sty
/usr/share/texmf-texlive/tex/generic/misc/texnames.sty
/usr/share/texmf-texlive/tex/generic/arrayjob/arrayjob.sty
/usr/share/texmf-texlive/tex/generic/texdraw/texdraw.sty
/usr/share/texmf-texlive/tex/generic/multido/multido.sty
/usr/share/texmf-texlive/tex/generic/fltpoint/fltpoint.sty
/usr/share/texmf-texlive/tex/generic/fltpoint/deccomma.sty
/usr/share/texmf-texlive/tex/generic/mathdots/mathdots.sty
/usr/share/texmf-texlive/tex/generic/babel/hebcal.sty
/usr/share/texmf-texlive/tex/generic/babel/british.sty
/usr/share/texmf-texlive/tex/generic/babel/interlingua.sty
/usr/share/texmf-texlive/tex/generic/babel/catalan.sty
/usr/share/texmf-texlive/tex/generic/babel/athnum.sty
/usr/share/texmf-texlive/tex/generic/babel/hebrew_newcode.sty
/usr/share/texmf-texlive/tex/generic/babel/turkish.sty
/usr/share/texmf-texlive/tex/generic/babel/slovak.sty
/usr/share/texmf-texlive/tex/generic/babel/hebrew.sty
/usr/share/texmf-texlive/tex/generic/babel/swedish.sty
/usr/share/texmf-texlive/tex/generic/babel/hebfont.sty
/usr/share/texmf-texlive/tex/generic/babel/italian.sty
/usr/share/texmf-texlive/tex/generic/babel/ukraineb.sty
/usr/share/texmf-texlive/tex/generic/babel/portuges.sty
/usr/share/texmf-texlive/tex/generic/babel/galician.sty
/usr/share/texmf-texlive/tex/generic/babel/hebrew_oldcode.sty
/usr/share/texmf-texlive/tex/generic/babel/czech.sty
/usr/share/texmf-texlive/tex/generic/babel/germanb.sty
/usr/share/texmf-texlive/tex/generic/babel/romanian.sty
/usr/share/texmf-texlive/tex/generic/babel/latin.sty
/usr/share/texmf-texlive/tex/generic/babel/danish.sty
/usr/share/texmf-texlive/tex/generic/babel/UKenglish.sty
/usr/share/texmf-texlive/tex/generic/babel/austrian.sty
/usr/share/texmf-texlive/tex/generic/babel/babel.sty
/usr/share/texmf-texlive/tex/generic/babel/serbian.sty
/usr/share/texmf-texlive/tex/generic/babel/slovene.sty
/usr/share/texmf-texlive/tex/generic/babel/naustrian.sty
/usr/share/texmf-texlive/tex/generic/babel/bulgarian.sty
/usr/share/texmf-texlive/tex/generic/babel/norsk.sty
/usr/share/texmf-texlive/tex/generic/babel/icelandic.sty
/usr/share/texmf-texlive/tex/generic/babel/basque.sty
/usr/share/texmf-texlive/tex/generic/babel/albanian.sty
/usr/share/texmf-texlive/tex/generic/babel/bahasam.sty
/usr/share/texmf-texlive/tex/generic/babel/hebrew_p.sty
/usr/share/texmf-texlive/tex/generic/babel/welsh.sty
/usr/share/texmf-texlive/tex/generic/babel/dutch.sty
/usr/share/texmf-texlive/tex/generic/babel/russianb.sty
/usr/share/texmf-texlive/tex/generic/babel/american.sty
/usr/share/texmf-texlive/tex/generic/babel/grsymb.sty
/usr/share/texmf-texlive/tex/generic/babel/samin.sty
/usr/share/texmf-texlive/tex/generic/babel/USenglish.sty
/usr/share/texmf-texlive/tex/generic/babel/spanish.sty
/usr/share/texmf-texlive/tex/generic/babel/greek.sty
/usr/share/texmf-texlive/tex/generic/babel/scottish.sty
/usr/share/texmf-texlive/tex/generic/babel/francais.sty
/usr/share/texmf-texlive/tex/generic/babel/estonian.sty
/usr/share/texmf-texlive/tex/generic/babel/esperanto.sty
/usr/share/texmf-texlive/tex/generic/babel/polish.sty
/usr/share/texmf-texlive/tex/generic/babel/afrikaans.sty
/usr/share/texmf-texlive/tex/generic/babel/croatian.sty
/usr/share/texmf-texlive/tex/generic/babel/finnish.sty
/usr/share/texmf-texlive/tex/generic/babel/lsorbian.sty
/usr/share/texmf-texlive/tex/generic/babel/irish.sty
/usr/share/texmf-texlive/tex/generic/babel/breton.sty
/usr/share/texmf-texlive/tex/generic/babel/grmath.sty
/usr/share/texmf-texlive/tex/generic/babel/magyar.sty
/usr/share/texmf-texlive/tex/generic/babel/ngermanb.sty
/usr/share/texmf-texlive/tex/generic/babel/bahasa.sty
/usr/share/texmf-texlive/tex/generic/babel/usorbian.sty
/usr/share/texmf-texlive/tex/generic/babel/english.sty
/usr/share/texmf-texlive/tex/generic/genmisc/time.sty
/usr/share/texmf-texlive/tex/generic/genmisc/daytime.sty
/usr/share/texmf-texlive/tex/generic/genmisc/weekday.sty
/usr/share/texmf-texlive/tex/generic/genmisc/shade.sty
/usr/share/texmf-texlive/tex/generic/genmisc/ragged.sty
/usr/share/texmf-texlive/tex/generic/genmisc/nth.sty
/usr/share/texmf-texlive/tex/generic/genmisc/cropmark.sty
/usr/share/texmf-texlive/tex/generic/genmisc/balancedquotes.sty
/usr/share/texmf-texlive/tex/generic/genmisc/outerhbox.sty
/usr/share/texmf-texlive/tex/generic/genmisc/default.sty
/usr/share/texmf-texlive/tex/generic/genmisc/hexdump.sty
/usr/share/texmf-texlive/tex/generic/genmisc/swrule.sty
/usr/share/texmf-texlive/tex/generic/ofs/ofs.sty
/usr/share/texmf-texlive/tex/generic/ofs/a35.sty
/usr/share/texmf-texlive/tex/generic/ofs/allfonts.sty
/usr/share/texmf-texlive/tex/generic/textmerg/textmerg.sty
/usr/share/texmf-texlive/tex/generic/thumbpdf/thumbpdf.sty
/usr/share/texmf-texlive/tex/generic/psfig/psfig.sty
/usr/share/texmf-texlive/tex/generic/pictex/pictex.sty
/usr/share/texmf-texlive/tex/generic/pictex/piccorr.sty
/usr/share/texmf-texlive/tex/generic/pictex/pictexwd.sty
/usr/share/texmf-texlive/tex/generic/pictex/tree.sty
/usr/share/texmf-texlive/tex/generic/mfpic/mfpic.sty
/usr/share/texmf-texlive/tex/generic/ifxetex/ifxetex.sty
/usr/share/texmf-texlive/tex/latex3/xor/xo-final.sty
/usr/share/texmf-texlive/tex/latex3/xor/xo-here.sty
/usr/share/texmf-texlive/tex/latex3/xor/xo-capt.sty
/usr/share/texmf-texlive/tex/latex3/xor/xo-float.sty
/usr/share/texmf-texlive/tex/latex3/xor/xo-grid.sty
/usr/share/texmf-texlive/tex/latex3/xor/xo-trace.sty
/usr/share/texmf-texlive/tex/latex3/xor/xo-or.sty
/usr/share/texmf-texlive/tex/latex3/xor/xo-alloc.sty
/usr/share/texmf-texlive/tex/latex3/xor/xo-place.sty
/usr/share/texmf-texlive/tex/latex3/xor/xo-page.sty
/usr/share/texmf-texlive/tex/latex3/xor/xo-new.sty
/usr/share/texmf-texlive/tex/latex3/xor/xmarks.sty
/usr/share/texmf-texlive/tex/latex3/xor/xoutput.sty
/usr/share/texmf-texlive/tex/latex3/template/template.sty
/usr/share/texmf-texlive/tex/latex3/xinitials/xinitials.sty
/usr/share/texmf-texlive/tex/latex3/galley/xhj.sty
/usr/share/texmf-texlive/tex/latex3/galley/galley2.sty
/usr/share/texmf-texlive/tex/latex3/xparse/ldcsetup.sty
/usr/share/texmf-texlive/tex/latex3/xparse/xparse.sty
/usr/share/texmf-texlive/tex/latex3/xtheorem/xtheorem.sty
/usr/share/texmf-texlive/tex/xelatex/xltxtra/xltxtra.sty
/usr/share/texmf-texlive/tex/xelatex/xunicode/xunicode.sty
/usr/share/texmf-texlive/tex/xelatex/fontspec/fontspec.sty
/usr/share/texmf-texlive/tex/xelatex/fontspec/fontspec-doc-style.sty
/usr/share/texmf-texlive/tex/xelatex/xetexurl/url.sty
/usr/share/texmf-texlive/tex/xelatex/philokalia/philokalia.sty
/usr/share/texmf-texlive/tex/plain/calendar/block.sty
/usr/share/texmf-texlive/tex/plain/calendar/a5.sty
/usr/share/texmf-texlive/tex/plain/calendar/a6.sty
/usr/share/texmf-texlive/tex/plain/calendar/wall.sty
