/usr/share/texmf-dist/tex/generic/mathabx/mathabx.sty
/usr/share/texmf-dist/tex/generic/babel/francais.sty
/usr/share/texmf-dist/tex/generic/babel/grmath.sty
/usr/share/texmf-dist/tex/generic/babel/english.sty
/usr/share/texmf-dist/tex/generic/babel/american.sty
/usr/share/texmf-dist/tex/generic/babel/irish.sty
/usr/share/texmf-dist/tex/generic/babel/afrikaans.sty
/usr/share/texmf-dist/tex/generic/babel/interlingua.sty
/usr/share/texmf-dist/tex/generic/babel/welsh.sty
/usr/share/texmf-dist/tex/generic/babel/magyar.sty
/usr/share/texmf-dist/tex/generic/babel/basque.sty
/usr/share/texmf-dist/tex/generic/babel/grsymb.sty
/usr/share/texmf-dist/tex/generic/babel/slovene.sty
/usr/share/texmf-dist/tex/generic/babel/germanb.sty
/usr/share/texmf-dist/tex/generic/babel/UKenglish.sty
/usr/share/texmf-dist/tex/generic/babel/serbian.sty
/usr/share/texmf-dist/tex/generic/babel/usorbian.sty
/usr/share/texmf-dist/tex/generic/babel/estonian.sty
/usr/share/texmf-dist/tex/generic/babel/romanidx.sty
/usr/share/texmf-dist/tex/generic/babel/samin.sty
/usr/share/texmf-dist/tex/generic/babel/ukraineb.sty
/usr/share/texmf-dist/tex/generic/babel/albanian.sty
/usr/share/texmf-dist/tex/generic/babel/hebcal.sty
/usr/share/texmf-dist/tex/generic/babel/athnum.sty
/usr/share/texmf-dist/tex/generic/babel/dutch.sty
/usr/share/texmf-dist/tex/generic/babel/russianb.sty
/usr/share/texmf-dist/tex/generic/babel/bulgarian.sty
/usr/share/texmf-dist/tex/generic/babel/croatian.sty
/usr/share/texmf-dist/tex/generic/babel/hebrew_newcode.sty
/usr/share/texmf-dist/tex/generic/babel/scottish.sty
/usr/share/texmf-dist/tex/generic/babel/hebrew.sty
/usr/share/texmf-dist/tex/generic/babel/babel.sty
/usr/share/texmf-dist/tex/generic/babel/british.sty
/usr/share/texmf-dist/tex/generic/babel/galician.sty
/usr/share/texmf-dist/tex/generic/babel/hebrew_oldcode.sty
/usr/share/texmf-dist/tex/generic/babel/USenglish.sty
/usr/share/texmf-dist/tex/generic/babel/hebrew_p.sty
/usr/share/texmf-dist/tex/generic/babel/austrian.sty
/usr/share/texmf-dist/tex/generic/babel/romanian.sty
/usr/share/texmf-dist/tex/generic/babel/portuges.sty
/usr/share/texmf-dist/tex/generic/babel/bahasam.sty
/usr/share/texmf-dist/tex/generic/babel/icelandic.sty
/usr/share/texmf-dist/tex/generic/babel/spanish.sty
/usr/share/texmf-dist/tex/generic/babel/italian.sty
/usr/share/texmf-dist/tex/generic/babel/naustrian.sty
/usr/share/texmf-dist/tex/generic/babel/turkish.sty
/usr/share/texmf-dist/tex/generic/babel/polish.sty
/usr/share/texmf-dist/tex/generic/babel/esperanto.sty
/usr/share/texmf-dist/tex/generic/babel/czech.sty
/usr/share/texmf-dist/tex/generic/babel/slovak.sty
/usr/share/texmf-dist/tex/generic/babel/ngermanb.sty
/usr/share/texmf-dist/tex/generic/babel/finnish.sty
/usr/share/texmf-dist/tex/generic/babel/breton.sty
/usr/share/texmf-dist/tex/generic/babel/bahasa.sty
/usr/share/texmf-dist/tex/generic/babel/norsk.sty
/usr/share/texmf-dist/tex/generic/babel/catalan.sty
/usr/share/texmf-dist/tex/generic/babel/lsorbian.sty
/usr/share/texmf-dist/tex/generic/babel/swedish.sty
/usr/share/texmf-dist/tex/generic/babel/latin.sty
/usr/share/texmf-dist/tex/generic/babel/danish.sty
/usr/share/texmf-dist/tex/generic/babel/hebfont.sty
/usr/share/texmf-dist/tex/generic/babel/greek.sty
/usr/share/texmf-dist/tex/generic/oberdiek/kvsetkeys.sty
/usr/share/texmf-dist/tex/generic/oberdiek/resizegather.sty
/usr/share/texmf-dist/tex/generic/oberdiek/soulutf8.sty
/usr/share/texmf-dist/tex/generic/oberdiek/stringenc.sty
/usr/share/texmf-dist/tex/generic/oberdiek/catchfile.sty
/usr/share/texmf-dist/tex/generic/oberdiek/intcalc.sty
/usr/share/texmf-dist/tex/generic/oberdiek/gettitlestring.sty
/usr/share/texmf-dist/tex/generic/oberdiek/ifvtex.sty
/usr/share/texmf-dist/tex/generic/oberdiek/engord.sty
/usr/share/texmf-dist/tex/generic/oberdiek/bitset.sty
/usr/share/texmf-dist/tex/generic/oberdiek/alphalph.sty
/usr/share/texmf-dist/tex/generic/oberdiek/iflang.sty
/usr/share/texmf-dist/tex/generic/oberdiek/ltxcmds.sty
/usr/share/texmf-dist/tex/generic/oberdiek/pdfcrypt.sty
/usr/share/texmf-dist/tex/generic/oberdiek/pagegrid.sty
/usr/share/texmf-dist/tex/generic/oberdiek/magicnum.sty
/usr/share/texmf-dist/tex/generic/oberdiek/ifluatex.sty
/usr/share/texmf-dist/tex/generic/oberdiek/infwarerr.sty
/usr/share/texmf-dist/tex/generic/oberdiek/rerunfilecheck.sty
/usr/share/texmf-dist/tex/generic/oberdiek/pdfcol.sty
/usr/share/texmf-dist/tex/generic/oberdiek/luatex.sty
/usr/share/texmf-dist/tex/generic/oberdiek/uniquecounter.sty
/usr/share/texmf-dist/tex/generic/oberdiek/bigintcalc.sty
/usr/share/texmf-dist/tex/generic/oberdiek/atveryend.sty
/usr/share/texmf-dist/tex/generic/oberdiek/luatex-loader.sty
/usr/share/texmf-dist/tex/generic/oberdiek/pdfescape.sty
/usr/share/texmf-dist/tex/generic/oberdiek/pdftexcmds.sty
/usr/share/texmf-dist/tex/generic/oberdiek/atbegshi.sty
/usr/share/texmf-dist/tex/generic/oberdiek/setouterhbox.sty
/usr/share/texmf-dist/tex/generic/oberdiek/etexcmds.sty
/usr/share/texmf-dist/tex/generic/oberdiek/ifpdf.sty
/usr/share/texmf-dist/tex/generic/oberdiek/telprint.sty
/usr/share/texmf-dist/tex/generic/oberdiek/hyphsubst.sty
/usr/share/texmf-dist/tex/generic/ifxetex/ifxetex.sty
/usr/share/texmf-dist/tex/generic/misc/texnames.sty
/usr/share/texmf-dist/tex/generic/dvips/rotate.sty
/usr/share/texmf-dist/tex/generic/dvips/colordvi.sty
/usr/share/texmf-dist/tex/generic/dvips/blackdvi.sty
/usr/share/texmf-dist/tex/generic/thumbpdf/thumbpdf.sty
/usr/share/texmf/tex/latex/asymptote/ocg.sty
/usr/share/texmf/tex/latex/asymptote/asymptote.sty
/usr/share/texmf/tex/latex/asymptote/asycolors.sty
/usr/share/texmf-site/tex/latex/culmus/culmus.sty
/usr/share/texmf-dist/tex/generic/mathabx/mathabx.sty
/usr/share/texmf-dist/tex/generic/babel/francais.sty
/usr/share/texmf-dist/tex/generic/babel/grmath.sty
/usr/share/texmf-dist/tex/generic/babel/english.sty
/usr/share/texmf-dist/tex/generic/babel/american.sty
/usr/share/texmf-dist/tex/generic/babel/irish.sty
/usr/share/texmf-dist/tex/generic/babel/afrikaans.sty
/usr/share/texmf-dist/tex/generic/babel/interlingua.sty
/usr/share/texmf-dist/tex/generic/babel/welsh.sty
/usr/share/texmf-dist/tex/generic/babel/magyar.sty
/usr/share/texmf-dist/tex/generic/babel/basque.sty
/usr/share/texmf-dist/tex/generic/babel/grsymb.sty
/usr/share/texmf-dist/tex/generic/babel/slovene.sty
/usr/share/texmf-dist/tex/generic/babel/germanb.sty
/usr/share/texmf-dist/tex/generic/babel/UKenglish.sty
/usr/share/texmf-dist/tex/generic/babel/serbian.sty
/usr/share/texmf-dist/tex/generic/babel/usorbian.sty
/usr/share/texmf-dist/tex/generic/babel/estonian.sty
/usr/share/texmf-dist/tex/generic/babel/romanidx.sty
/usr/share/texmf-dist/tex/generic/babel/samin.sty
/usr/share/texmf-dist/tex/generic/babel/ukraineb.sty
/usr/share/texmf-dist/tex/generic/babel/albanian.sty
/usr/share/texmf-dist/tex/generic/babel/hebcal.sty
/usr/share/texmf-dist/tex/generic/babel/athnum.sty
/usr/share/texmf-dist/tex/generic/babel/dutch.sty
/usr/share/texmf-dist/tex/generic/babel/russianb.sty
/usr/share/texmf-dist/tex/generic/babel/bulgarian.sty
/usr/share/texmf-dist/tex/generic/babel/croatian.sty
/usr/share/texmf-dist/tex/generic/babel/hebrew_newcode.sty
/usr/share/texmf-dist/tex/generic/babel/scottish.sty
/usr/share/texmf-dist/tex/generic/babel/hebrew.sty
/usr/share/texmf-dist/tex/generic/babel/babel.sty
/usr/share/texmf-dist/tex/generic/babel/british.sty
/usr/share/texmf-dist/tex/generic/babel/galician.sty
/usr/share/texmf-dist/tex/generic/babel/hebrew_oldcode.sty
/usr/share/texmf-dist/tex/generic/babel/USenglish.sty
/usr/share/texmf-dist/tex/generic/babel/hebrew_p.sty
/usr/share/texmf-dist/tex/generic/babel/austrian.sty
/usr/share/texmf-dist/tex/generic/babel/romanian.sty
/usr/share/texmf-dist/tex/generic/babel/portuges.sty
/usr/share/texmf-dist/tex/generic/babel/bahasam.sty
/usr/share/texmf-dist/tex/generic/babel/icelandic.sty
/usr/share/texmf-dist/tex/generic/babel/spanish.sty
/usr/share/texmf-dist/tex/generic/babel/italian.sty
/usr/share/texmf-dist/tex/generic/babel/naustrian.sty
/usr/share/texmf-dist/tex/generic/babel/turkish.sty
/usr/share/texmf-dist/tex/generic/babel/polish.sty
/usr/share/texmf-dist/tex/generic/babel/esperanto.sty
/usr/share/texmf-dist/tex/generic/babel/czech.sty
/usr/share/texmf-dist/tex/generic/babel/slovak.sty
/usr/share/texmf-dist/tex/generic/babel/ngermanb.sty
/usr/share/texmf-dist/tex/generic/babel/finnish.sty
/usr/share/texmf-dist/tex/generic/babel/breton.sty
/usr/share/texmf-dist/tex/generic/babel/bahasa.sty
/usr/share/texmf-dist/tex/generic/babel/norsk.sty
/usr/share/texmf-dist/tex/generic/babel/catalan.sty
/usr/share/texmf-dist/tex/generic/babel/lsorbian.sty
/usr/share/texmf-dist/tex/generic/babel/swedish.sty
/usr/share/texmf-dist/tex/generic/babel/latin.sty
/usr/share/texmf-dist/tex/generic/babel/danish.sty
/usr/share/texmf-dist/tex/generic/babel/hebfont.sty
/usr/share/texmf-dist/tex/generic/babel/greek.sty
/usr/share/texmf-dist/tex/generic/oberdiek/kvsetkeys.sty
/usr/share/texmf-dist/tex/generic/oberdiek/resizegather.sty
/usr/share/texmf-dist/tex/generic/oberdiek/soulutf8.sty
/usr/share/texmf-dist/tex/generic/oberdiek/stringenc.sty
/usr/share/texmf-dist/tex/generic/oberdiek/catchfile.sty
/usr/share/texmf-dist/tex/generic/oberdiek/intcalc.sty
/usr/share/texmf-dist/tex/generic/oberdiek/gettitlestring.sty
/usr/share/texmf-dist/tex/generic/oberdiek/ifvtex.sty
/usr/share/texmf-dist/tex/generic/oberdiek/engord.sty
/usr/share/texmf-dist/tex/generic/oberdiek/bitset.sty
/usr/share/texmf-dist/tex/generic/oberdiek/alphalph.sty
/usr/share/texmf-dist/tex/generic/oberdiek/iflang.sty
/usr/share/texmf-dist/tex/generic/oberdiek/ltxcmds.sty
/usr/share/texmf-dist/tex/generic/oberdiek/pdfcrypt.sty
/usr/share/texmf-dist/tex/generic/oberdiek/pagegrid.sty
/usr/share/texmf-dist/tex/generic/oberdiek/magicnum.sty
/usr/share/texmf-dist/tex/generic/oberdiek/ifluatex.sty
/usr/share/texmf-dist/tex/generic/oberdiek/infwarerr.sty
/usr/share/texmf-dist/tex/generic/oberdiek/rerunfilecheck.sty
/usr/share/texmf-dist/tex/generic/oberdiek/pdfcol.sty
/usr/share/texmf-dist/tex/generic/oberdiek/luatex.sty
/usr/share/texmf-dist/tex/generic/oberdiek/uniquecounter.sty
/usr/share/texmf-dist/tex/generic/oberdiek/bigintcalc.sty
/usr/share/texmf-dist/tex/generic/oberdiek/atveryend.sty
/usr/share/texmf-dist/tex/generic/oberdiek/luatex-loader.sty
/usr/share/texmf-dist/tex/generic/oberdiek/pdfescape.sty
/usr/share/texmf-dist/tex/generic/oberdiek/pdftexcmds.sty
/usr/share/texmf-dist/tex/generic/oberdiek/atbegshi.sty
/usr/share/texmf-dist/tex/generic/oberdiek/setouterhbox.sty
/usr/share/texmf-dist/tex/generic/oberdiek/etexcmds.sty
/usr/share/texmf-dist/tex/generic/oberdiek/ifpdf.sty
/usr/share/texmf-dist/tex/generic/oberdiek/telprint.sty
/usr/share/texmf-dist/tex/generic/oberdiek/hyphsubst.sty
/usr/share/texmf-dist/tex/generic/ifxetex/ifxetex.sty
/usr/share/texmf-dist/tex/generic/misc/texnames.sty
/usr/share/texmf-dist/tex/generic/dvips/rotate.sty
/usr/share/texmf-dist/tex/generic/dvips/colordvi.sty
/usr/share/texmf-dist/tex/generic/dvips/blackdvi.sty
/usr/share/texmf-dist/tex/generic/thumbpdf/thumbpdf.sty
/usr/share/texmf-dist/tex/xelatex/libertine/libertine.sty
/usr/share/texmf-dist/tex/latex/braille/braille.sty
/usr/share/texmf-dist/tex/latex/fancyhdr/fancyhdr.sty
/usr/share/texmf-dist/tex/latex/fancyhdr/fancyheadings.sty
/usr/share/texmf-dist/tex/latex/fancyhdr/extramarks.sty
/usr/share/texmf-dist/tex/latex/venturisadf/venturisold.sty
/usr/share/texmf-dist/tex/latex/venturisadf/venturis2.sty
/usr/share/texmf-dist/tex/latex/venturisadf/venturis.sty
/usr/share/texmf-dist/tex/latex/epigrafica/epigrafica.sty
/usr/share/texmf-dist/tex/latex/index/autind.sty
/usr/share/texmf-dist/tex/latex/index/index.sty
/usr/share/texmf-dist/tex/latex/index/bibref.sty
/usr/share/texmf-dist/tex/latex/rcs/rcs.sty
/usr/share/texmf-dist/tex/latex/ae/ae.sty
/usr/share/texmf-dist/tex/latex/ae/aecompl.sty
/usr/share/texmf-dist/tex/latex/listings/lstdoc.sty
/usr/share/texmf-dist/tex/latex/listings/lstlang1.sty
/usr/share/texmf-dist/tex/latex/listings/listings.sty
/usr/share/texmf-dist/tex/latex/listings/lstlang3.sty
/usr/share/texmf-dist/tex/latex/listings/lstmisc.sty
/usr/share/texmf-dist/tex/latex/listings/lstlang2.sty
/usr/share/texmf-dist/tex/latex/xkeyval/xkvview.sty
/usr/share/texmf-dist/tex/latex/xkeyval/xkvltxp.sty
/usr/share/texmf-dist/tex/latex/xkeyval/pst-xkey.sty
/usr/share/texmf-dist/tex/latex/xkeyval/xkeyval.sty
/usr/share/texmf-dist/tex/latex/libris/libris.sty
/usr/share/texmf-dist/tex/latex/epsdice/epsdice.sty
/usr/share/texmf-dist/tex/latex/crop/crop.sty
/usr/share/texmf-dist/tex/latex/inconsolata/inconsolata.sty
/usr/share/texmf-dist/tex/latex/cmbright/cmbright.sty
/usr/share/texmf-dist/tex/latex/fouriernc/fouriernc.sty
/usr/share/texmf-dist/tex/latex/brushscr/pbsi.sty
/usr/share/texmf-dist/tex/latex/bbold/bbold.sty
/usr/share/texmf-dist/tex/latex/ms/multitoc.sty
/usr/share/texmf-dist/tex/latex/ms/prelim2e.sty
/usr/share/texmf-dist/tex/latex/ms/count1to.sty
/usr/share/texmf-dist/tex/latex/ms/everysel.sty
/usr/share/texmf-dist/tex/latex/ms/ragged2e.sty
/usr/share/texmf-dist/tex/latex/ms/everyshi.sty
/usr/share/texmf-dist/tex/latex/pclnfss/arial.sty
/usr/share/texmf-dist/tex/latex/pclnfss/antolive.sty
/usr/share/texmf-dist/tex/latex/pclnfss/cgtimes.sty
/usr/share/texmf-dist/tex/latex/pclnfss/cgomega.sty
/usr/share/texmf-dist/tex/latex/pclnfss/coronet.sty
/usr/share/texmf-dist/tex/latex/pclnfss/ltgothic.sty
/usr/share/texmf-dist/tex/latex/pclnfss/timesnew.sty
/usr/share/texmf-dist/tex/latex/pclnfss/univers.sty
/usr/share/texmf-dist/tex/latex/pclnfss/clarend.sty
/usr/share/texmf-dist/tex/latex/pclnfss/albertus.sty
/usr/share/texmf-dist/tex/latex/pclnfss/marigold.sty
/usr/share/texmf-dist/tex/latex/phaistos/phaistos.sty
/usr/share/texmf-dist/tex/latex/bayer/universal.sty
/usr/share/texmf-dist/tex/latex/bookhands/allcmin.sty
/usr/share/texmf-dist/tex/latex/bookhands/allsqrc.sty
/usr/share/texmf-dist/tex/latex/bookhands/inslrmaj.sty
/usr/share/texmf-dist/tex/latex/bookhands/allimin.sty
/usr/share/texmf-dist/tex/latex/bookhands/alltgoth.sty
/usr/share/texmf-dist/tex/latex/bookhands/sqrcaps.sty
/usr/share/texmf-dist/tex/latex/bookhands/allegoth.sty
/usr/share/texmf-dist/tex/latex/bookhands/uncial.sty
/usr/share/texmf-dist/tex/latex/bookhands/rotunda.sty
/usr/share/texmf-dist/tex/latex/bookhands/alluncl.sty
/usr/share/texmf-dist/tex/latex/bookhands/rustic.sty
/usr/share/texmf-dist/tex/latex/bookhands/tgothic.sty
/usr/share/texmf-dist/tex/latex/bookhands/allhmin.sty
/usr/share/texmf-dist/tex/latex/bookhands/allrtnd.sty
/usr/share/texmf-dist/tex/latex/bookhands/carolmin.sty
/usr/share/texmf-dist/tex/latex/bookhands/allrust.sty
/usr/share/texmf-dist/tex/latex/bookhands/humanist.sty
/usr/share/texmf-dist/tex/latex/bookhands/allauncl.sty
/usr/share/texmf-dist/tex/latex/bookhands/huncial.sty
/usr/share/texmf-dist/tex/latex/bookhands/allpgoth.sty
/usr/share/texmf-dist/tex/latex/bookhands/auncial.sty
/usr/share/texmf-dist/tex/latex/bookhands/inslrmin.sty
/usr/share/texmf-dist/tex/latex/bookhands/pgothic.sty
/usr/share/texmf-dist/tex/latex/bookhands/egothic.sty
/usr/share/texmf-dist/tex/latex/bookhands/allhuncl.sty
/usr/share/texmf-dist/tex/latex/bookhands/allimaj.sty
/usr/share/texmf-dist/tex/latex/universa/uni.sty
/usr/share/texmf-dist/tex/latex/foekfont/foekfont.sty
/usr/share/texmf-dist/tex/latex/latex2man/latex2man.sty
/usr/share/texmf-dist/tex/latex/esvect/esvect.sty
/usr/share/texmf-dist/tex/latex/mathdesign/mathdesign.sty
/usr/share/texmf-dist/tex/latex/mathdesign/mdugm/mdugm.sty
/usr/share/texmf-dist/tex/latex/mathdesign/mdput/mdput.sty
/usr/share/texmf-dist/tex/latex/mathdesign/mdbch/mdbch.sty
/usr/share/texmf-dist/tex/latex/citeref/citeref.sty
/usr/share/texmf-dist/tex/latex/doublestroke/dsfont.sty
/usr/share/texmf-dist/tex/latex/hfoldsty/hfoldsty.sty
/usr/share/texmf-dist/tex/latex/mdwtools/syntax.sty
/usr/share/texmf-dist/tex/latex/mdwtools/mathenv.sty
/usr/share/texmf-dist/tex/latex/mdwtools/mdwmath.sty
/usr/share/texmf-dist/tex/latex/mdwtools/mdwlist.sty
/usr/share/texmf-dist/tex/latex/mdwtools/footnote.sty
/usr/share/texmf-dist/tex/latex/mdwtools/cmtt.sty
/usr/share/texmf-dist/tex/latex/mdwtools/at.sty
/usr/share/texmf-dist/tex/latex/mdwtools/mdwtab.sty
/usr/share/texmf-dist/tex/latex/mdwtools/sverb.sty
/usr/share/texmf-dist/tex/latex/mdwtools/doafter.sty
/usr/share/texmf-dist/tex/latex/ltxmisc/fwlw.sty
/usr/share/texmf-dist/tex/latex/ltxmisc/thrmappendix.sty
/usr/share/texmf-dist/tex/latex/ltxmisc/fnpara.sty
/usr/share/texmf-dist/tex/latex/ltxmisc/secdot.sty
/usr/share/texmf-dist/tex/latex/ltxmisc/concrete.sty
/usr/share/texmf-dist/tex/latex/ltxmisc/verbdef.sty
/usr/share/texmf-dist/tex/latex/ltxmisc/capt-of.sty
/usr/share/texmf-dist/tex/latex/ltxmisc/bibcheck.sty
/usr/share/texmf-dist/tex/latex/ltxmisc/fncylab.sty
/usr/share/texmf-dist/tex/latex/ltxmisc/breakcites.sty
/usr/share/texmf-dist/tex/latex/ltxmisc/path.sty
/usr/share/texmf-dist/tex/latex/ltxmisc/vruler.sty
/usr/share/texmf-dist/tex/latex/ltxmisc/a5comb.sty
/usr/share/texmf-dist/tex/latex/ltxmisc/hypernat.sty
/usr/share/texmf-dist/tex/latex/ltxmisc/acromake.sty
/usr/share/texmf-dist/tex/latex/ltxmisc/threeparttable.sty
/usr/share/texmf-dist/tex/latex/ltxmisc/parskip.sty
/usr/share/texmf-dist/tex/latex/ltxmisc/circle.sty
/usr/share/texmf-dist/tex/latex/ltxmisc/framed.sty
/usr/share/texmf-dist/tex/latex/ltxmisc/underscore.sty
/usr/share/texmf-dist/tex/latex/ltxmisc/2in1.sty
/usr/share/texmf-dist/tex/latex/ltxmisc/romanneg.sty
/usr/share/texmf-dist/tex/latex/ltxmisc/ftcap.sty
/usr/share/texmf-dist/tex/latex/ltxmisc/subfigmat.sty
/usr/share/texmf-dist/tex/latex/ltxmisc/excludeonly.sty
/usr/share/texmf-dist/tex/latex/ltxmisc/notoccite.sty
/usr/share/texmf-dist/tex/latex/ltxmisc/advdate.sty
/usr/share/texmf-dist/tex/latex/ltxmisc/3parttable.sty
/usr/share/texmf-dist/tex/latex/ltxmisc/section.sty
/usr/share/texmf-dist/tex/latex/ltxmisc/sansmath.sty
/usr/share/texmf-dist/tex/latex/ltxmisc/dblfloatfix.sty
/usr/share/texmf-dist/tex/latex/ltxmisc/braket.sty
/usr/share/texmf-dist/tex/latex/ltxmisc/nolbreaks.sty
/usr/share/texmf-dist/tex/latex/ltxmisc/vrbexin.sty
/usr/share/texmf-dist/tex/latex/ltxmisc/topcapt.sty
/usr/share/texmf-dist/tex/latex/ltxmisc/ulem.sty
/usr/share/texmf-dist/tex/latex/ltxmisc/sepnum.sty
/usr/share/texmf-dist/tex/latex/ltxmisc/captdef.sty
/usr/share/texmf-dist/tex/latex/ltxmisc/bold-extra.sty
/usr/share/texmf-dist/tex/latex/ltxmisc/a4wide.sty
/usr/share/texmf-dist/tex/latex/ltxmisc/kix.sty
/usr/share/texmf-dist/tex/latex/ltxmisc/url.sty
/usr/share/texmf-dist/tex/latex/ltxmisc/verbasef.sty
/usr/share/texmf-dist/tex/latex/ltxmisc/mitpress.sty
/usr/share/texmf-dist/tex/latex/ltxmisc/showtags.sty
/usr/share/texmf-dist/tex/latex/ltxmisc/cancel.sty
/usr/share/texmf-dist/tex/latex/ltxmisc/magaz.sty
/usr/share/texmf-dist/tex/latex/ltxmisc/optional.sty
/usr/share/texmf-dist/tex/latex/ltxmisc/chbibref.sty
/usr/share/texmf-dist/tex/latex/ltxmisc/linsys.sty
/usr/share/texmf-dist/tex/latex/ltxmisc/cases.sty
/usr/share/texmf-dist/tex/latex/ltxmisc/boxedminipage.sty
/usr/share/texmf-dist/tex/latex/ltxmisc/endnotes.sty
/usr/share/texmf-dist/tex/latex/ltxmisc/truncate.sty
/usr/share/texmf-dist/tex/latex/ltxmisc/listing.sty
/usr/share/texmf-dist/tex/latex/ltxmisc/shadow.sty
/usr/share/texmf-dist/tex/latex/ltxmisc/block.sty
/usr/share/texmf-dist/tex/latex/ltxmisc/oubraces.sty
/usr/share/texmf-dist/tex/latex/ltxmisc/titleref.sty
/usr/share/texmf-dist/tex/latex/ltxmisc/statex.sty
/usr/share/texmf-dist/tex/latex/ltxmisc/sphack.sty
/usr/share/texmf-dist/tex/latex/rotating/rotating.sty
/usr/share/texmf-dist/tex/latex/yfonts/yfonts.sty
/usr/share/texmf-dist/tex/latex/etex-pkg/etex.sty
/usr/share/texmf-dist/tex/latex/eulervm/eulervm.sty
/usr/share/texmf-dist/tex/latex/pspicture/pspicture.sty
/usr/share/texmf-dist/tex/latex/ccicons/ccicons.sty
/usr/share/texmf-dist/tex/latex/ntgclass/a4.sty
/usr/share/texmf-dist/tex/latex/cyklop/cyklop.sty
/usr/share/texmf-dist/tex/latex/auncial-new/allauncl.sty
/usr/share/texmf-dist/tex/latex/auncial-new/auncial.sty
/usr/share/texmf-dist/tex/latex/anysize/anysize.sty
/usr/share/texmf-dist/tex/latex/fourier/fourier-orns.sty
/usr/share/texmf-dist/tex/latex/fourier/fourier.sty
/usr/share/texmf-dist/tex/latex/dictsym/dictsym.sty
/usr/share/texmf-dist/tex/latex/phonetic/phonetic.sty
/usr/share/texmf-dist/tex/latex/courier-scaled/couriers.sty
/usr/share/texmf-dist/tex/latex/cmap/cmap.sty
/usr/share/texmf-dist/tex/latex/iwona/iwona.sty
/usr/share/texmf-dist/tex/latex/gfsbodoni/gfsbodoni.sty
/usr/share/texmf-dist/tex/latex/logic/milstd.sty
/usr/share/texmf-dist/tex/latex/natbib/bibentry.sty
/usr/share/texmf-dist/tex/latex/natbib/natbib.sty
/usr/share/texmf-dist/tex/latex/cm-lgc/cmlgc.sty
/usr/share/texmf-dist/tex/latex/cm-lgc/antcmlgc.sty
/usr/share/texmf-dist/tex/latex/allrunes/allrunes.sty
/usr/share/texmf-dist/tex/latex/bbm-macros/bbm.sty
/usr/share/texmf-dist/tex/latex/archaic/protosem.sty
/usr/share/texmf-dist/tex/latex/archaic/greek4cbc.sty
/usr/share/texmf-dist/tex/latex/archaic/aramaic.sty
/usr/share/texmf-dist/tex/latex/archaic/greek6cbc.sty
/usr/share/texmf-dist/tex/latex/archaic/etruscan.sty
/usr/share/texmf-dist/tex/latex/archaic/linearb.sty
/usr/share/texmf-dist/tex/latex/archaic/ugarite.sty
/usr/share/texmf-dist/tex/latex/archaic/sarabian.sty
/usr/share/texmf-dist/tex/latex/archaic/cypriot.sty
/usr/share/texmf-dist/tex/latex/archaic/phoenician.sty
/usr/share/texmf-dist/tex/latex/archaic/nabatean.sty
/usr/share/texmf-dist/tex/latex/archaic/runic.sty
/usr/share/texmf-dist/tex/latex/archaic/oands.sty
/usr/share/texmf-dist/tex/latex/archaic/oldprsn.sty
/usr/share/texmf-dist/tex/latex/archaic/viking.sty
/usr/share/texmf-dist/tex/latex/archaic/hieroglf.sty
/usr/share/texmf-dist/tex/latex/ar/ar.sty
/usr/share/texmf-dist/tex/latex/pslatex/pslatex.sty
/usr/share/texmf-dist/tex/latex/base/newlfont.sty
/usr/share/texmf-dist/tex/latex/base/slides.sty
/usr/share/texmf-dist/tex/latex/base/oldlfont.sty
/usr/share/texmf-dist/tex/latex/base/graphpap.sty
/usr/share/texmf-dist/tex/latex/base/textcomp.sty
/usr/share/texmf-dist/tex/latex/base/shortvrb.sty
/usr/share/texmf-dist/tex/latex/base/tracefnt.sty
/usr/share/texmf-dist/tex/latex/base/book.sty
/usr/share/texmf-dist/tex/latex/base/fixltx2e.sty
/usr/share/texmf-dist/tex/latex/base/doc.sty
/usr/share/texmf-dist/tex/latex/base/latexsym.sty
/usr/share/texmf-dist/tex/latex/base/bezier.sty
/usr/share/texmf-dist/tex/latex/base/exscale.sty
/usr/share/texmf-dist/tex/latex/base/letter.sty
/usr/share/texmf-dist/tex/latex/base/ifthen.sty
/usr/share/texmf-dist/tex/latex/base/alltt.sty
/usr/share/texmf-dist/tex/latex/base/openbib.sty
/usr/share/texmf-dist/tex/latex/base/showidx.sty
/usr/share/texmf-dist/tex/latex/base/t1enc.sty
/usr/share/texmf-dist/tex/latex/base/makeidx.sty
/usr/share/texmf-dist/tex/latex/base/report.sty
/usr/share/texmf-dist/tex/latex/base/inputenc.sty
/usr/share/texmf-dist/tex/latex/base/fleqn.sty
/usr/share/texmf-dist/tex/latex/base/leqno.sty
/usr/share/texmf-dist/tex/latex/base/flafter.sty
/usr/share/texmf-dist/tex/latex/base/proc.sty
/usr/share/texmf-dist/tex/latex/base/fix-cm.sty
/usr/share/texmf-dist/tex/latex/base/fontenc.sty
/usr/share/texmf-dist/tex/latex/base/syntonly.sty
/usr/share/texmf-dist/tex/latex/base/article.sty
/usr/share/texmf-dist/tex/latex/koma-script/scrjura.sty
/usr/share/texmf-dist/tex/latex/koma-script/scrextend.sty
/usr/share/texmf-dist/tex/latex/koma-script/scrbase.sty
/usr/share/texmf-dist/tex/latex/koma-script/tocstyle.sty
/usr/share/texmf-dist/tex/latex/koma-script/scrkbase.sty
/usr/share/texmf-dist/tex/latex/koma-script/typearea.sty
/usr/share/texmf-dist/tex/latex/koma-script/scrpage2.sty
/usr/share/texmf-dist/tex/latex/koma-script/scrtime.sty
/usr/share/texmf-dist/tex/latex/koma-script/tocbasic.sty
/usr/share/texmf-dist/tex/latex/koma-script/scrhack.sty
/usr/share/texmf-dist/tex/latex/koma-script/scrdate.sty
/usr/share/texmf-dist/tex/latex/koma-script/scraddr.sty
/usr/share/texmf-dist/tex/latex/koma-script/scrpage.sty
/usr/share/texmf-dist/tex/latex/koma-script/scrlfile.sty
/usr/share/texmf-dist/tex/latex/oberdiek/makerobust.sty
/usr/share/texmf-dist/tex/latex/oberdiek/zref-titleref.sty
/usr/share/texmf-dist/tex/latex/oberdiek/pdflscape.sty
/usr/share/texmf-dist/tex/latex/oberdiek/settobox.sty
/usr/share/texmf-dist/tex/latex/oberdiek/zref-dotfill.sty
/usr/share/texmf-dist/tex/latex/oberdiek/picture.sty
/usr/share/texmf-dist/tex/latex/oberdiek/tabularht.sty
/usr/share/texmf-dist/tex/latex/oberdiek/zref-base.sty
/usr/share/texmf-dist/tex/latex/oberdiek/epstopdf.sty
/usr/share/texmf-dist/tex/latex/oberdiek/bookmark.sty
/usr/share/texmf-dist/tex/latex/oberdiek/refcount.sty
/usr/share/texmf-dist/tex/latex/oberdiek/transparent.sty
/usr/share/texmf-dist/tex/latex/oberdiek/dvipscol.sty
/usr/share/texmf-dist/tex/latex/oberdiek/zref-xr.sty
/usr/share/texmf-dist/tex/latex/oberdiek/hypcap.sty
/usr/share/texmf-dist/tex/latex/oberdiek/pdfcolfoot.sty
/usr/share/texmf-dist/tex/latex/oberdiek/zref-runs.sty
/usr/share/texmf-dist/tex/latex/oberdiek/zref-lastpage.sty
/usr/share/texmf-dist/tex/latex/oberdiek/auxhook.sty
/usr/share/texmf-dist/tex/latex/oberdiek/zref-counter.sty
/usr/share/texmf-dist/tex/latex/oberdiek/ifdraft.sty
/usr/share/texmf-dist/tex/latex/oberdiek/colonequals.sty
/usr/share/texmf-dist/tex/latex/oberdiek/atenddvi.sty
/usr/share/texmf-dist/tex/latex/oberdiek/pdfcolparcolumns.sty
/usr/share/texmf-dist/tex/latex/oberdiek/zref-user.sty
/usr/share/texmf-dist/tex/latex/oberdiek/grfext.sty
/usr/share/texmf-dist/tex/latex/oberdiek/hypbmsec.sty
/usr/share/texmf-dist/tex/latex/oberdiek/zref-totpages.sty
/usr/share/texmf-dist/tex/latex/oberdiek/centernot.sty
/usr/share/texmf-dist/tex/latex/oberdiek/embedfile.sty
/usr/share/texmf-dist/tex/latex/oberdiek/xcolor-patch.sty
/usr/share/texmf-dist/tex/latex/oberdiek/attachfile2.sty
/usr/share/texmf-dist/tex/latex/oberdiek/stackrel.sty
/usr/share/texmf-dist/tex/latex/oberdiek/kvoptions.sty
/usr/share/texmf-dist/tex/latex/oberdiek/bmpsize.sty
/usr/share/texmf-dist/tex/latex/oberdiek/inputenx.sty
/usr/share/texmf-dist/tex/latex/oberdiek/zref-perpage.sty
/usr/share/texmf-dist/tex/latex/oberdiek/stampinclude.sty
/usr/share/texmf-dist/tex/latex/oberdiek/selinput.sty
/usr/share/texmf-dist/tex/latex/oberdiek/hypgotoe.sty
/usr/share/texmf-dist/tex/latex/oberdiek/dtx-attach.sty
/usr/share/texmf-dist/tex/latex/oberdiek/kvoptions-patch.sty
/usr/share/texmf-dist/tex/latex/oberdiek/twoopt.sty
/usr/share/texmf-dist/tex/latex/oberdiek/hypdestopt.sty
/usr/share/texmf-dist/tex/latex/oberdiek/chemarr.sty
/usr/share/texmf-dist/tex/latex/oberdiek/scrindex.sty
/usr/share/texmf-dist/tex/latex/oberdiek/tabularkv.sty
/usr/share/texmf-dist/tex/latex/oberdiek/pdfcolparallel.sty
/usr/share/texmf-dist/tex/latex/oberdiek/classlist.sty
/usr/share/texmf-dist/tex/latex/oberdiek/zref-abspage.sty
/usr/share/texmf-dist/tex/latex/oberdiek/letltxmacro.sty
/usr/share/texmf-dist/tex/latex/oberdiek/hypdoc.sty
/usr/share/texmf-dist/tex/latex/oberdiek/flags.sty
/usr/share/texmf-dist/tex/latex/oberdiek/zref-hyperref.sty
/usr/share/texmf-dist/tex/latex/oberdiek/pmboxdraw.sty
/usr/share/texmf-dist/tex/latex/oberdiek/zref.sty
/usr/share/texmf-dist/tex/latex/oberdiek/askinclude.sty
/usr/share/texmf-dist/tex/latex/oberdiek/luacolor.sty
/usr/share/texmf-dist/tex/latex/oberdiek/grffile.sty
/usr/share/texmf-dist/tex/latex/oberdiek/bmpsize-base.sty
/usr/share/texmf-dist/tex/latex/oberdiek/zref-savepos.sty
/usr/share/texmf-dist/tex/latex/oberdiek/accsupp.sty
/usr/share/texmf-dist/tex/latex/oberdiek/pdfcolmk.sty
/usr/share/texmf-dist/tex/latex/oberdiek/pagesel.sty
/usr/share/texmf-dist/tex/latex/oberdiek/listingsutf8.sty
/usr/share/texmf-dist/tex/latex/oberdiek/aliascnt.sty
/usr/share/texmf-dist/tex/latex/oberdiek/epstopdf-base.sty
/usr/share/texmf-dist/tex/latex/oberdiek/holtxdoc.sty
/usr/share/texmf-dist/tex/latex/oberdiek/hycolor.sty
/usr/share/texmf-dist/tex/latex/cm-super/type1ec.sty
/usr/share/texmf-dist/tex/latex/eco/eco.sty
/usr/share/texmf-dist/tex/latex/antt/anttor.sty
/usr/share/texmf-dist/tex/latex/antt/antyktor.sty
/usr/share/texmf-dist/tex/latex/trajan/trajan.sty
/usr/share/texmf-dist/tex/latex/kpfonts/kpfonts.sty
/usr/share/texmf-dist/tex/latex/lxfonts/lxfonts.sty
/usr/share/texmf-dist/tex/latex/ascii/ascii.sty
/usr/share/texmf-dist/tex/latex/fancyvrb/fvrb-ex.sty
/usr/share/texmf-dist/tex/latex/fancyvrb/fancyvrb.sty
/usr/share/texmf-dist/tex/latex/fancyvrb/hbaw.sty
/usr/share/texmf-dist/tex/latex/fancyvrb/hcolor.sty
/usr/share/texmf-dist/tex/latex/hyperref/nameref.sty
/usr/share/texmf-dist/tex/latex/hyperref/minitoc-hyper.sty
/usr/share/texmf-dist/tex/latex/hyperref/hyperref.sty
/usr/share/texmf-dist/tex/latex/hyperref/xr-hyper.sty
/usr/share/texmf-dist/tex/latex/hyperref/ntheorem-hyper.sty
/usr/share/texmf-dist/tex/latex/hyperref/backref.sty
/usr/share/texmf-dist/tex/latex/hyperref/nohyperref.sty
/usr/share/texmf-dist/tex/latex/bera/beramono.sty
/usr/share/texmf-dist/tex/latex/bera/berasans.sty
/usr/share/texmf-dist/tex/latex/bera/bera.sty
/usr/share/texmf-dist/tex/latex/bera/beraserif.sty
/usr/share/texmf-dist/tex/latex/duerer-latex/duerer.sty
/usr/share/texmf-dist/tex/latex/frcursive/frcursive.sty
/usr/share/texmf-dist/tex/latex/powerdot/powerdot-elcolors.sty
/usr/share/texmf-dist/tex/latex/powerdot/powerdot-default.sty
/usr/share/texmf-dist/tex/latex/powerdot/powerdot-horatio.sty
/usr/share/texmf-dist/tex/latex/powerdot/powerdot-sailor.sty
/usr/share/texmf-dist/tex/latex/powerdot/powerdot-husky.sty
/usr/share/texmf-dist/tex/latex/powerdot/powerdot-ciment.sty
/usr/share/texmf-dist/tex/latex/powerdot/powerdot-jefka.sty
/usr/share/texmf-dist/tex/latex/powerdot/powerdot-fyma.sty
/usr/share/texmf-dist/tex/latex/powerdot/powerdot-ikeda.sty
/usr/share/texmf-dist/tex/latex/powerdot/powerdot-tycja.sty
/usr/share/texmf-dist/tex/latex/powerdot/powerdot-bframe.sty
/usr/share/texmf-dist/tex/latex/powerdot/powerdot-aggie.sty
/usr/share/texmf-dist/tex/latex/powerdot/powerdot-upen.sty
/usr/share/texmf-dist/tex/latex/powerdot/powerdot-paintings.sty
/usr/share/texmf-dist/tex/latex/powerdot/powerdot-pazik.sty
/usr/share/texmf-dist/tex/latex/powerdot/powerdot-klope.sty
/usr/share/texmf-dist/tex/latex/powerdot/powerdot-simple.sty
/usr/share/texmf-dist/tex/latex/colortbl/colortbl.sty
/usr/share/texmf-dist/tex/latex/apalike/apalike.sty
/usr/share/texmf-dist/tex/latex/feyn/feyn.sty
/usr/share/texmf-dist/tex/latex/skull/skull.sty
/usr/share/texmf-dist/tex/latex/gfssolomos/gfssolomos.sty
/usr/share/texmf-dist/tex/latex/kurier/kurier.sty
/usr/share/texmf-dist/tex/latex/seminar/sem-page.sty
/usr/share/texmf-dist/tex/latex/seminar/semlayer.sty
/usr/share/texmf-dist/tex/latex/seminar/slidesec.sty
/usr/share/texmf-dist/tex/latex/seminar/semlcmss.sty
/usr/share/texmf-dist/tex/latex/seminar/npsfont.sty
/usr/share/texmf-dist/tex/latex/seminar/seminar.sty
/usr/share/texmf-dist/tex/latex/seminar/sem-a4.sty
/usr/share/texmf-dist/tex/latex/seminar/xcomment.sty
/usr/share/texmf-dist/tex/latex/seminar/semcolor.sty
/usr/share/texmf-dist/tex/latex/seminar/semrot.sty
/usr/share/texmf-dist/tex/latex/seminar/2up.sty
/usr/share/texmf-dist/tex/latex/seminar/semhelv.sty
/usr/share/texmf-dist/tex/latex/graphics/trig.sty
/usr/share/texmf-dist/tex/latex/graphics/keyval.sty
/usr/share/texmf-dist/tex/latex/graphics/epsfig.sty
/usr/share/texmf-dist/tex/latex/graphics/color.sty
/usr/share/texmf-dist/tex/latex/graphics/graphicx.sty
/usr/share/texmf-dist/tex/latex/graphics/lscape.sty
/usr/share/texmf-dist/tex/latex/graphics/graphics.sty
/usr/share/texmf-dist/tex/latex/libertine/libertine.sty
/usr/share/texmf-dist/tex/latex/cite/drftcite.sty
/usr/share/texmf-dist/tex/latex/cite/overcite.sty
/usr/share/texmf-dist/tex/latex/cite/chapterbib.sty
/usr/share/texmf-dist/tex/latex/cite/cite.sty
/usr/share/texmf-dist/tex/latex/gfsartemisia/gfsartemisia-euler.sty
/usr/share/texmf-dist/tex/latex/gfsartemisia/gfsartemisia.sty
/usr/share/texmf-dist/tex/latex/staves/staves.sty
/usr/share/texmf-dist/tex/latex/antp/antpolt.sty
/usr/share/texmf-dist/tex/latex/carlisle/ltxtable.sty
/usr/share/texmf-dist/tex/latex/carlisle/comma.sty
/usr/share/texmf-dist/tex/latex/carlisle/typehtml.sty
/usr/share/texmf-dist/tex/latex/carlisle/fix2col.sty
/usr/share/texmf-dist/tex/latex/carlisle/slashed.sty
/usr/share/texmf-dist/tex/latex/carlisle/dotlessj.sty
/usr/share/texmf-dist/tex/latex/carlisle/remreset.sty
/usr/share/texmf-dist/tex/latex/carlisle/scalefnt.sty
/usr/share/texmf-dist/tex/latex/carlisle/blkarray.sty
/usr/share/texmf-dist/tex/latex/carlisle/plain.sty
/usr/share/texmf-dist/tex/latex/carlisle/nopageno.sty
/usr/share/texmf-dist/tex/latex/fp/fp-upn.sty
/usr/share/texmf-dist/tex/latex/fp/fp-eval.sty
/usr/share/texmf-dist/tex/latex/fp/fp-exp.sty
/usr/share/texmf-dist/tex/latex/fp/fp-eqn.sty
/usr/share/texmf-dist/tex/latex/fp/defpattern.sty
/usr/share/texmf-dist/tex/latex/fp/fp-snap.sty
/usr/share/texmf-dist/tex/latex/fp/lfp.sty
/usr/share/texmf-dist/tex/latex/fp/fp-random.sty
/usr/share/texmf-dist/tex/latex/fp/fp-trigo.sty
/usr/share/texmf-dist/tex/latex/fp/fp-basic.sty
/usr/share/texmf-dist/tex/latex/fp/fp-pas.sty
/usr/share/texmf-dist/tex/latex/fp/fp.sty
/usr/share/texmf-dist/tex/latex/fp/fp-addons.sty
/usr/share/texmf-dist/tex/latex/gfsneohellenic/gfsneohellenic.sty
/usr/share/texmf-dist/tex/latex/tpslifonts/tpslifonts.sty
/usr/share/texmf-dist/tex/latex/microtype/letterspace.sty
/usr/share/texmf-dist/tex/latex/microtype/microtype.sty
/usr/share/texmf-dist/tex/latex/amsfonts/eufrak.sty
/usr/share/texmf-dist/tex/latex/amsfonts/eucal.sty
/usr/share/texmf-dist/tex/latex/amsfonts/cmmib57.sty
/usr/share/texmf-dist/tex/latex/amsfonts/amsfonts.sty
/usr/share/texmf-dist/tex/latex/amsfonts/amssymb.sty
/usr/share/texmf-dist/tex/latex/amsfonts/euscript.sty
/usr/share/texmf-dist/tex/latex/ctable/ctable.sty
/usr/share/texmf-dist/tex/latex/caption/caption3.sty
/usr/share/texmf-dist/tex/latex/caption/ltcaption.sty
/usr/share/texmf-dist/tex/latex/caption/caption2.sty
/usr/share/texmf-dist/tex/latex/caption/subcaption.sty
/usr/share/texmf-dist/tex/latex/caption/caption.sty
/usr/share/texmf-dist/tex/latex/bbding/bbding.sty
/usr/share/texmf-dist/tex/latex/dozenal/dozenal.sty
/usr/share/texmf-dist/tex/latex/eso-pic/eso-pic.sty
/usr/share/texmf-dist/tex/latex/eso-pic/showframe.sty
/usr/share/texmf-dist/tex/latex/dingbat/dingbat.sty
/usr/share/texmf-dist/tex/latex/arev/arev.sty
/usr/share/texmf-dist/tex/latex/arev/arevtext.sty
/usr/share/texmf-dist/tex/latex/arev/arevmath.sty
/usr/share/texmf-dist/tex/latex/arev/ams-mdbch.sty
/usr/share/texmf-dist/tex/latex/tengwarscript/tengwarscript.sty
/usr/share/texmf-dist/tex/latex/tools/delarray.sty
/usr/share/texmf-dist/tex/latex/tools/fontsmpl.sty
/usr/share/texmf-dist/tex/latex/tools/thcb.sty
/usr/share/texmf-dist/tex/latex/tools/tabularx.sty
/usr/share/texmf-dist/tex/latex/tools/xspace.sty
/usr/share/texmf-dist/tex/latex/tools/dcolumn.sty
/usr/share/texmf-dist/tex/latex/tools/enumerate.sty
/usr/share/texmf-dist/tex/latex/tools/array.sty
/usr/share/texmf-dist/tex/latex/tools/multicol.sty
/usr/share/texmf-dist/tex/latex/tools/varioref.sty
/usr/share/texmf-dist/tex/latex/tools/thm.sty
/usr/share/texmf-dist/tex/latex/tools/layout.sty
/usr/share/texmf-dist/tex/latex/tools/trace.sty
/usr/share/texmf-dist/tex/latex/tools/thp.sty
/usr/share/texmf-dist/tex/latex/tools/rawfonts.sty
/usr/share/texmf-dist/tex/latex/tools/bm.sty
/usr/share/texmf-dist/tex/latex/tools/xr.sty
/usr/share/texmf-dist/tex/latex/tools/thc.sty
/usr/share/texmf-dist/tex/latex/tools/afterpage.sty
/usr/share/texmf-dist/tex/latex/tools/theorem.sty
/usr/share/texmf-dist/tex/latex/tools/hhline.sty
/usr/share/texmf-dist/tex/latex/tools/thb.sty
/usr/share/texmf-dist/tex/latex/tools/ftnright.sty
/usr/share/texmf-dist/tex/latex/tools/thmb.sty
/usr/share/texmf-dist/tex/latex/tools/showkeys.sty
/usr/share/texmf-dist/tex/latex/tools/calc.sty
/usr/share/texmf-dist/tex/latex/tools/verbatim.sty
/usr/share/texmf-dist/tex/latex/tools/somedefs.sty
/usr/share/texmf-dist/tex/latex/tools/indentfirst.sty
/usr/share/texmf-dist/tex/latex/tools/longtable.sty
/usr/share/texmf-dist/tex/latex/psfrag/psfrag.sty
/usr/share/texmf-dist/tex/latex/float/float.sty
/usr/share/texmf-dist/tex/latex/pigpen/pigpen.sty
/usr/share/texmf-dist/tex/latex/recycle/recycle.sty
/usr/share/texmf-dist/tex/latex/linearA/linearA.sty
/usr/share/texmf-dist/tex/latex/psnfss/charter.sty
/usr/share/texmf-dist/tex/latex/psnfss/courier.sty
/usr/share/texmf-dist/tex/latex/psnfss/palatino.sty
/usr/share/texmf-dist/tex/latex/psnfss/utopia.sty
/usr/share/texmf-dist/tex/latex/psnfss/mathptmx.sty
/usr/share/texmf-dist/tex/latex/psnfss/newcent.sty
/usr/share/texmf-dist/tex/latex/psnfss/avant.sty
/usr/share/texmf-dist/tex/latex/psnfss/times.sty
/usr/share/texmf-dist/tex/latex/psnfss/chancery.sty
/usr/share/texmf-dist/tex/latex/psnfss/pifont.sty
/usr/share/texmf-dist/tex/latex/psnfss/helvet.sty
/usr/share/texmf-dist/tex/latex/psnfss/mathptm.sty
/usr/share/texmf-dist/tex/latex/psnfss/bookman.sty
/usr/share/texmf-dist/tex/latex/psnfss/mathpple.sty
/usr/share/texmf-dist/tex/latex/psnfss/mathpazo.sty
/usr/share/texmf-dist/tex/latex/pdfpages/pdfpages.sty
/usr/share/texmf-dist/tex/latex/memoir/mempatch.sty
/usr/share/texmf-dist/tex/latex/memoir/memhfixc.sty
/usr/share/texmf-dist/tex/latex/fancybox/fancybox.sty
/usr/share/texmf-dist/tex/latex/fge/fge.sty
/usr/share/texmf-dist/tex/latex/jknapltx/mathrsfs.sty
/usr/share/texmf-dist/tex/latex/jknapltx/parboxx.sty
/usr/share/texmf-dist/tex/latex/jknapltx/semtrans.sty
/usr/share/texmf-dist/tex/latex/jknapltx/young.sty
/usr/share/texmf-dist/tex/latex/jknapltx/tccompat.sty
/usr/share/texmf-dist/tex/latex/jknapltx/smartmn.sty
/usr/share/texmf-dist/tex/latex/jknapltx/sgmlcmpt.sty
/usr/share/texmf-dist/tex/latex/jknapltx/mathbbol.sty
/usr/share/texmf-dist/tex/latex/jknapltx/holtpolt.sty
/usr/share/texmf-dist/tex/latex/jknapltx/greekctr.sty
/usr/share/texmf-dist/tex/latex/jknapltx/sans.sty
/usr/share/texmf-dist/tex/latex/wsuipa/ipalmacs.sty
/usr/share/texmf-dist/tex/latex/wsuipa/ipa.sty
/usr/share/texmf-dist/tex/latex/amscls/rkvbeta.sty
/usr/share/texmf-dist/tex/latex/amscls/amsmidx.sty
/usr/share/texmf-dist/tex/latex/amscls/upref.sty
/usr/share/texmf-dist/tex/latex/amscls/amsbooka.sty
/usr/share/texmf-dist/tex/latex/amscls/amsthm.sty
/usr/share/texmf-dist/tex/latex/mflogo/mflogo.sty
/usr/share/texmf-dist/tex/latex/zefonts/zefonts.sty
/usr/share/texmf-dist/tex/latex/eiad-ltx/eiad.sty
/usr/share/texmf-dist/tex/latex/extsizes/autopagewidth.sty
/usr/share/texmf-dist/tex/latex/extsizes/extsizes.sty
/usr/share/texmf-dist/tex/latex/boisik/boisik.sty
/usr/share/texmf-dist/tex/latex/barcodes/barcodes.sty
/usr/share/texmf-dist/tex/latex/geometry/geometry.sty
/usr/share/texmf-dist/tex/latex/setspace/setspace.sty
/usr/share/texmf-dist/tex/latex/cmll/cmll.sty
/usr/share/texmf-dist/tex/latex/metalogo/metalogo.sty
/usr/share/texmf-dist/tex/latex/sauterfonts/sbbm.sty
/usr/share/texmf-dist/tex/latex/sauterfonts/sexscale.sty
/usr/share/texmf-dist/tex/latex/gfscomplutum/gfscomplutum.sty
/usr/share/texmf-dist/tex/latex/ifsym/ifsym.sty
/usr/share/texmf-dist/tex/latex/ly1/texnansi.sty
/usr/share/texmf-dist/tex/latex/gfsdidot/gfsdidot.sty
/usr/share/texmf-dist/tex/latex/amsmath/amstext.sty
/usr/share/texmf-dist/tex/latex/amsmath/amsmath.sty
/usr/share/texmf-dist/tex/latex/amsmath/amstex.sty
/usr/share/texmf-dist/tex/latex/amsmath/amsgen.sty
/usr/share/texmf-dist/tex/latex/amsmath/amsopn.sty
/usr/share/texmf-dist/tex/latex/amsmath/amscd.sty
/usr/share/texmf-dist/tex/latex/amsmath/amsxtra.sty
/usr/share/texmf-dist/tex/latex/amsmath/amsbsy.sty
/usr/share/texmf-dist/tex/latex/booktabs/booktabs.sty
/usr/share/texmf-dist/tex/latex/mfnfss/oldgerm.sty
/usr/share/texmf-dist/tex/latex/mfnfss/pandora.sty
/usr/share/texmf-dist/tex/latex/listings-ext/listings-ext.sty
/usr/share/texmf-dist/tex/latex/fancyref/fancyref.sty
/usr/share/texmf-dist/tex/latex/aurical/aurical.sty
/usr/share/texmf-dist/tex/latex/apl/aplstyle.sty
/usr/share/texmf-dist/tex/latex/apl/apl.sty
/usr/share/texmf-dist/tex/latex/babelbib/babelbib.sty
/usr/share/texmf-dist/tex/latex/subfig/subfig.sty
/usr/share/texmf-dist/tex/latex/euler/euler.sty
/usr/share/texmf-dist/tex/latex/fonetika/fonetika.sty
/usr/share/texmf-dist/tex/latex/pacioli/pacioli.sty
/usr/share/texmf-dist/tex/latex/cherokee/cherokee.sty
/usr/share/texmf-dist/tex/latex/mnsymbol/MnSymbol.sty
/usr/share/texmf-dist/tex/lambda/oinuit/oinuit.sty
